<!doctype html public "-//w3c//dtd html 4.0 transitional//en">
<html><head>
<title>Static Call Graph - [.\Objects\main.axf]</title></head>
<body><HR>
<H1>Static Call Graph for image .\Objects\main.axf</H1><HR>
<BR><P>#&#060CALLGRAPH&#062# ARM Linker, 5050169: Last Updated: Sat Oct 17 22:22:27 2020
<BR><P>
<H3>Maximum Stack Usage =        408 bytes + Unknown(Functions without stacksize, Cycles, Untraceable Function Pointers)</H3><H3>
Call chain for Maximum Stack Depth:</H3>
main &rArr; DMP_Init &rArr; run_self_test &rArr; mpu_run_self_test &rArr; mpu_set_dmp_state &rArr; mpu_set_sample_rate &rArr; mpu_lp_accel_mode &rArr; mpu_configure_fifo &rArr; set_int_enable &rArr; i2cWrite &rArr; IIC_Wait_Ack &rArr; IIC_Stop &rArr; delay_us &rArr; delay_osschedunlock &rArr; OSSchedUnlock &rArr; OSSched &rArr; OS_PrioGetHighest
<P>
<H3>
Functions with no stack information
</H3><UL>
 <LI><a href="#[15f]">CPU_IntDis</a>
 <LI><a href="#[160]">CPU_IntEn</a>
 <LI><a href="#[6b]">CPU_SR_Save</a>
 <LI><a href="#[6d]">CPU_SR_Restore</a>
 <LI><a href="#[161]">CPU_WaitForInt</a>
 <LI><a href="#[162]">CPU_WaitForExcept</a>
 <LI><a href="#[102]">CPU_CntLeadZeros</a>
 <LI><a href="#[163]">CPU_CntTrailZeros</a>
 <LI><a href="#[164]">CPU_RevBits</a>
 <LI><a href="#[cc]">OSStartHighRdy</a>
 <LI><a href="#[8]">PendSV_Handler</a>
</UL>
</UL>
<P>
<H3>
Mutually Recursive functions
</H3> <LI><a href="#[1]">NMI_Handler</a>&nbsp;&nbsp;&nbsp;&rArr;&nbsp;&nbsp;&nbsp;<a href="#[1]">NMI_Handler</a><BR>
 <LI><a href="#[2]">HardFault_Handler</a>&nbsp;&nbsp;&nbsp;&rArr;&nbsp;&nbsp;&nbsp;<a href="#[2]">HardFault_Handler</a><BR>
 <LI><a href="#[3]">MemManage_Handler</a>&nbsp;&nbsp;&nbsp;&rArr;&nbsp;&nbsp;&nbsp;<a href="#[3]">MemManage_Handler</a><BR>
 <LI><a href="#[4]">BusFault_Handler</a>&nbsp;&nbsp;&nbsp;&rArr;&nbsp;&nbsp;&nbsp;<a href="#[4]">BusFault_Handler</a><BR>
 <LI><a href="#[5]">UsageFault_Handler</a>&nbsp;&nbsp;&nbsp;&rArr;&nbsp;&nbsp;&nbsp;<a href="#[5]">UsageFault_Handler</a><BR>
 <LI><a href="#[6]">SVC_Handler</a>&nbsp;&nbsp;&nbsp;&rArr;&nbsp;&nbsp;&nbsp;<a href="#[6]">SVC_Handler</a><BR>
 <LI><a href="#[7]">DebugMon_Handler</a>&nbsp;&nbsp;&nbsp;&rArr;&nbsp;&nbsp;&nbsp;<a href="#[7]">DebugMon_Handler</a><BR>
 <LI><a href="#[1c]">ADC1_2_IRQHandler</a>&nbsp;&nbsp;&nbsp;&rArr;&nbsp;&nbsp;&nbsp;<a href="#[1c]">ADC1_2_IRQHandler</a><BR>
</UL>
<P>
<H3>
Function Pointers
</H3><UL>
 <LI><a href="#[1c]">ADC1_2_IRQHandler</a> from startup_stm32f10x_md.o(.text) referenced from startup_stm32f10x_md.o(RESET)
 <LI><a href="#[42]">ALLPID_task</a> from main.o(i.ALLPID_task) referenced from main.o(i.start_task)
 <LI><a href="#[4]">BusFault_Handler</a> from startup_stm32f10x_md.o(.text) referenced from startup_stm32f10x_md.o(RESET)
 <LI><a href="#[1f]">CAN1_RX1_IRQHandler</a> from startup_stm32f10x_md.o(.text) referenced from startup_stm32f10x_md.o(RESET)
 <LI><a href="#[20]">CAN1_SCE_IRQHandler</a> from startup_stm32f10x_md.o(.text) referenced from startup_stm32f10x_md.o(RESET)
 <LI><a href="#[15]">DMA1_Channel1_IRQHandler</a> from startup_stm32f10x_md.o(.text) referenced from startup_stm32f10x_md.o(RESET)
 <LI><a href="#[16]">DMA1_Channel2_IRQHandler</a> from startup_stm32f10x_md.o(.text) referenced from startup_stm32f10x_md.o(RESET)
 <LI><a href="#[17]">DMA1_Channel3_IRQHandler</a> from startup_stm32f10x_md.o(.text) referenced from startup_stm32f10x_md.o(RESET)
 <LI><a href="#[18]">DMA1_Channel4_IRQHandler</a> from startup_stm32f10x_md.o(.text) referenced from startup_stm32f10x_md.o(RESET)
 <LI><a href="#[19]">DMA1_Channel5_IRQHandler</a> from startup_stm32f10x_md.o(.text) referenced from startup_stm32f10x_md.o(RESET)
 <LI><a href="#[1a]">DMA1_Channel6_IRQHandler</a> from startup_stm32f10x_md.o(.text) referenced from startup_stm32f10x_md.o(RESET)
 <LI><a href="#[1b]">DMA1_Channel7_IRQHandler</a> from startup_stm32f10x_md.o(.text) referenced from startup_stm32f10x_md.o(RESET)
 <LI><a href="#[7]">DebugMon_Handler</a> from startup_stm32f10x_md.o(.text) referenced from startup_stm32f10x_md.o(RESET)
 <LI><a href="#[10]">EXTI0_IRQHandler</a> from startup_stm32f10x_md.o(.text) referenced from startup_stm32f10x_md.o(RESET)
 <LI><a href="#[32]">EXTI15_10_IRQHandler</a> from startup_stm32f10x_md.o(.text) referenced from startup_stm32f10x_md.o(RESET)
 <LI><a href="#[11]">EXTI1_IRQHandler</a> from startup_stm32f10x_md.o(.text) referenced from startup_stm32f10x_md.o(RESET)
 <LI><a href="#[12]">EXTI2_IRQHandler</a> from startup_stm32f10x_md.o(.text) referenced from startup_stm32f10x_md.o(RESET)
 <LI><a href="#[13]">EXTI3_IRQHandler</a> from startup_stm32f10x_md.o(.text) referenced from startup_stm32f10x_md.o(RESET)
 <LI><a href="#[14]">EXTI4_IRQHandler</a> from startup_stm32f10x_md.o(.text) referenced from startup_stm32f10x_md.o(RESET)
 <LI><a href="#[21]">EXTI9_5_IRQHandler</a> from allcontrol.o(i.EXTI9_5_IRQHandler) referenced from startup_stm32f10x_md.o(RESET)
 <LI><a href="#[e]">FLASH_IRQHandler</a> from startup_stm32f10x_md.o(.text) referenced from startup_stm32f10x_md.o(RESET)
 <LI><a href="#[2]">HardFault_Handler</a> from startup_stm32f10x_md.o(.text) referenced from startup_stm32f10x_md.o(RESET)
 <LI><a href="#[2a]">I2C1_ER_IRQHandler</a> from startup_stm32f10x_md.o(.text) referenced from startup_stm32f10x_md.o(RESET)
 <LI><a href="#[29]">I2C1_EV_IRQHandler</a> from startup_stm32f10x_md.o(.text) referenced from startup_stm32f10x_md.o(RESET)
 <LI><a href="#[2c]">I2C2_ER_IRQHandler</a> from startup_stm32f10x_md.o(.text) referenced from startup_stm32f10x_md.o(RESET)
 <LI><a href="#[2b]">I2C2_EV_IRQHandler</a> from startup_stm32f10x_md.o(.text) referenced from startup_stm32f10x_md.o(RESET)
 <LI><a href="#[41]">KEY_task</a> from main.o(i.KEY_task) referenced from main.o(i.start_task)
 <LI><a href="#[40]">LED_task</a> from main.o(i.LED_task) referenced from main.o(i.start_task)
 <LI><a href="#[3]">MemManage_Handler</a> from startup_stm32f10x_md.o(.text) referenced from startup_stm32f10x_md.o(RESET)
 <LI><a href="#[1]">NMI_Handler</a> from startup_stm32f10x_md.o(.text) referenced from startup_stm32f10x_md.o(RESET)
 <LI><a href="#[37]">OSTaskSwHook</a> from os_cpu_c.o(i.OSTaskSwHook) referenced from os_cpu_a.o(CODE)
 <LI><a href="#[39]">OS_IdleTask</a> from os_core.o(i.OS_IdleTask) referenced from os_core.o(i.OS_IdleTaskInit)
 <LI><a href="#[3a]">OS_IntQTask</a> from os_int.o(i.OS_IntQTask) referenced from os_int.o(i.OS_IntQTaskInit)
 <LI><a href="#[3b]">OS_StatTask</a> from os_stat.o(i.OS_StatTask) referenced from os_stat.o(i.OS_StatTaskInit)
 <LI><a href="#[38]">OS_TaskReturn</a> from os_task.o(i.OS_TaskReturn) referenced from os_cpu_c.o(i.OSTaskStkInit)
 <LI><a href="#[3c]">OS_TickTask</a> from os_tick.o(i.OS_TickTask) referenced from os_tick.o(i.OS_TickTaskInit)
 <LI><a href="#[3d]">OS_TmrTask</a> from os_tmr.o(i.OS_TmrTask) referenced from os_tmr.o(i.OS_TmrInit)
 <LI><a href="#[b]">PVD_IRQHandler</a> from startup_stm32f10x_md.o(.text) referenced from startup_stm32f10x_md.o(RESET)
 <LI><a href="#[8]">PendSV_Handler</a> from os_cpu_a.o(CODE) referenced from startup_stm32f10x_md.o(RESET)
 <LI><a href="#[f]">RCC_IRQHandler</a> from startup_stm32f10x_md.o(.text) referenced from startup_stm32f10x_md.o(RESET)
 <LI><a href="#[33]">RTCAlarm_IRQHandler</a> from startup_stm32f10x_md.o(.text) referenced from startup_stm32f10x_md.o(RESET)
 <LI><a href="#[d]">RTC_IRQHandler</a> from startup_stm32f10x_md.o(.text) referenced from startup_stm32f10x_md.o(RESET)
 <LI><a href="#[0]">Reset_Handler</a> from startup_stm32f10x_md.o(.text) referenced from startup_stm32f10x_md.o(RESET)
 <LI><a href="#[2d]">SPI1_IRQHandler</a> from startup_stm32f10x_md.o(.text) referenced from startup_stm32f10x_md.o(RESET)
 <LI><a href="#[2e]">SPI2_IRQHandler</a> from startup_stm32f10x_md.o(.text) referenced from startup_stm32f10x_md.o(RESET)
 <LI><a href="#[6]">SVC_Handler</a> from startup_stm32f10x_md.o(.text) referenced from startup_stm32f10x_md.o(RESET)
 <LI><a href="#[9]">SysTick_Handler</a> from delay.o(i.SysTick_Handler) referenced from startup_stm32f10x_md.o(RESET)
 <LI><a href="#[c]">TAMPER_IRQHandler</a> from startup_stm32f10x_md.o(.text) referenced from startup_stm32f10x_md.o(RESET)
 <LI><a href="#[22]">TIM1_BRK_IRQHandler</a> from startup_stm32f10x_md.o(.text) referenced from startup_stm32f10x_md.o(RESET)
 <LI><a href="#[25]">TIM1_CC_IRQHandler</a> from startup_stm32f10x_md.o(.text) referenced from startup_stm32f10x_md.o(RESET)
 <LI><a href="#[24]">TIM1_TRG_COM_IRQHandler</a> from startup_stm32f10x_md.o(.text) referenced from startup_stm32f10x_md.o(RESET)
 <LI><a href="#[23]">TIM1_UP_IRQHandler</a> from startup_stm32f10x_md.o(.text) referenced from startup_stm32f10x_md.o(RESET)
 <LI><a href="#[26]">TIM2_IRQHandler</a> from timer.o(i.TIM2_IRQHandler) referenced from startup_stm32f10x_md.o(RESET)
 <LI><a href="#[27]">TIM3_IRQHandler</a> from startup_stm32f10x_md.o(.text) referenced from startup_stm32f10x_md.o(RESET)
 <LI><a href="#[28]">TIM4_IRQHandler</a> from timer.o(i.TIM4_IRQHandler) referenced from startup_stm32f10x_md.o(RESET)
 <LI><a href="#[2f]">USART1_IRQHandler</a> from usart.o(i.USART1_IRQHandler) referenced from startup_stm32f10x_md.o(RESET)
 <LI><a href="#[30]">USART2_IRQHandler</a> from startup_stm32f10x_md.o(.text) referenced from startup_stm32f10x_md.o(RESET)
 <LI><a href="#[31]">USART3_IRQHandler</a> from startup_stm32f10x_md.o(.text) referenced from startup_stm32f10x_md.o(RESET)
 <LI><a href="#[34]">USBWakeUp_IRQHandler</a> from startup_stm32f10x_md.o(.text) referenced from startup_stm32f10x_md.o(RESET)
 <LI><a href="#[1d]">USB_HP_CAN1_TX_IRQHandler</a> from startup_stm32f10x_md.o(.text) referenced from startup_stm32f10x_md.o(RESET)
 <LI><a href="#[1e]">USB_LP_CAN1_RX0_IRQHandler</a> from startup_stm32f10x_md.o(.text) referenced from startup_stm32f10x_md.o(RESET)
 <LI><a href="#[5]">UsageFault_Handler</a> from startup_stm32f10x_md.o(.text) referenced from startup_stm32f10x_md.o(RESET)
 <LI><a href="#[a]">WWDG_IRQHandler</a> from startup_stm32f10x_md.o(.text) referenced from startup_stm32f10x_md.o(RESET)
 <LI><a href="#[36]">__main</a> from entry.o(.ARM.Collect$$$$00000000) referenced from startup_stm32f10x_md.o(.text)
 <LI><a href="#[3e]">fputc</a> from fputc.o(i.fputc) referenced from printf1.o(i.__0printf$1)
 <LI><a href="#[35]">main</a> from main.o(i.main) referenced from entry9a.o(.ARM.Collect$$$$0000000B)
 <LI><a href="#[3f]">start_task</a> from main.o(i.start_task) referenced from main.o(i.main)
</UL>
<P>
<H3>
Global Symbols
</H3>
<P><STRONG><a name="[36]"></a>__main</STRONG> (Thumb, 0 bytes, Stack size unknown bytes, entry.o(.ARM.Collect$$$$00000000))
<BR>[Address Reference Count : 1]<UL><LI> startup_stm32f10x_md.o(.text)
</UL>
<P><STRONG><a name="[159]"></a>_main_stk</STRONG> (Thumb, 0 bytes, Stack size unknown bytes, entry2.o(.ARM.Collect$$$$00000001))

<P><STRONG><a name="[43]"></a>_main_scatterload</STRONG> (Thumb, 0 bytes, Stack size unknown bytes, entry5.o(.ARM.Collect$$$$00000004))
<BR><BR>[Calls]<UL><LI><a href="#[44]">&gt;&gt;</a>&nbsp;&nbsp;&nbsp;__scatterload
</UL>

<P><STRONG><a name="[5d]"></a>__main_after_scatterload</STRONG> (Thumb, 0 bytes, Stack size unknown bytes, entry5.o(.ARM.Collect$$$$00000004))
<BR><BR>[Called By]<UL><LI><a href="#[44]">&gt;&gt;</a>&nbsp;&nbsp;&nbsp;__scatterload
</UL>

<P><STRONG><a name="[15a]"></a>_main_clock</STRONG> (Thumb, 0 bytes, Stack size unknown bytes, entry7b.o(.ARM.Collect$$$$00000008))

<P><STRONG><a name="[15b]"></a>_main_cpp_init</STRONG> (Thumb, 0 bytes, Stack size unknown bytes, entry8b.o(.ARM.Collect$$$$0000000A))

<P><STRONG><a name="[15c]"></a>_main_init</STRONG> (Thumb, 0 bytes, Stack size unknown bytes, entry9a.o(.ARM.Collect$$$$0000000B))

<P><STRONG><a name="[15d]"></a>__rt_final_cpp</STRONG> (Thumb, 0 bytes, Stack size unknown bytes, entry10a.o(.ARM.Collect$$$$0000000D))

<P><STRONG><a name="[15e]"></a>__rt_final_exit</STRONG> (Thumb, 0 bytes, Stack size unknown bytes, entry11a.o(.ARM.Collect$$$$0000000F))

<P><STRONG><a name="[0]"></a>Reset_Handler</STRONG> (Thumb, 4 bytes, Stack size 0 bytes, startup_stm32f10x_md.o(.text))
<BR>[Address Reference Count : 1]<UL><LI> startup_stm32f10x_md.o(RESET)
</UL>
<P><STRONG><a name="[1]"></a>NMI_Handler</STRONG> (Thumb, 2 bytes, Stack size 0 bytes, startup_stm32f10x_md.o(.text))
<BR><BR>[Calls]<UL><LI><a href="#[1]">&gt;&gt;</a>&nbsp;&nbsp;&nbsp;NMI_Handler
</UL>
<BR>[Called By]<UL><LI><a href="#[1]">&gt;&gt;</a>&nbsp;&nbsp;&nbsp;NMI_Handler
</UL>
<BR>[Address Reference Count : 1]<UL><LI> startup_stm32f10x_md.o(RESET)
</UL>
<P><STRONG><a name="[2]"></a>HardFault_Handler</STRONG> (Thumb, 2 bytes, Stack size 0 bytes, startup_stm32f10x_md.o(.text))
<BR><BR>[Calls]<UL><LI><a href="#[2]">&gt;&gt;</a>&nbsp;&nbsp;&nbsp;HardFault_Handler
</UL>
<BR>[Called By]<UL><LI><a href="#[2]">&gt;&gt;</a>&nbsp;&nbsp;&nbsp;HardFault_Handler
</UL>
<BR>[Address Reference Count : 1]<UL><LI> startup_stm32f10x_md.o(RESET)
</UL>
<P><STRONG><a name="[3]"></a>MemManage_Handler</STRONG> (Thumb, 2 bytes, Stack size 0 bytes, startup_stm32f10x_md.o(.text))
<BR><BR>[Calls]<UL><LI><a href="#[3]">&gt;&gt;</a>&nbsp;&nbsp;&nbsp;MemManage_Handler
</UL>
<BR>[Called By]<UL><LI><a href="#[3]">&gt;&gt;</a>&nbsp;&nbsp;&nbsp;MemManage_Handler
</UL>
<BR>[Address Reference Count : 1]<UL><LI> startup_stm32f10x_md.o(RESET)
</UL>
<P><STRONG><a name="[4]"></a>BusFault_Handler</STRONG> (Thumb, 2 bytes, Stack size 0 bytes, startup_stm32f10x_md.o(.text))
<BR><BR>[Calls]<UL><LI><a href="#[4]">&gt;&gt;</a>&nbsp;&nbsp;&nbsp;BusFault_Handler
</UL>
<BR>[Called By]<UL><LI><a href="#[4]">&gt;&gt;</a>&nbsp;&nbsp;&nbsp;BusFault_Handler
</UL>
<BR>[Address Reference Count : 1]<UL><LI> startup_stm32f10x_md.o(RESET)
</UL>
<P><STRONG><a name="[5]"></a>UsageFault_Handler</STRONG> (Thumb, 2 bytes, Stack size 0 bytes, startup_stm32f10x_md.o(.text))
<BR><BR>[Calls]<UL><LI><a href="#[5]">&gt;&gt;</a>&nbsp;&nbsp;&nbsp;UsageFault_Handler
</UL>
<BR>[Called By]<UL><LI><a href="#[5]">&gt;&gt;</a>&nbsp;&nbsp;&nbsp;UsageFault_Handler
</UL>
<BR>[Address Reference Count : 1]<UL><LI> startup_stm32f10x_md.o(RESET)
</UL>
<P><STRONG><a name="[6]"></a>SVC_Handler</STRONG> (Thumb, 2 bytes, Stack size 0 bytes, startup_stm32f10x_md.o(.text))
<BR><BR>[Calls]<UL><LI><a href="#[6]">&gt;&gt;</a>&nbsp;&nbsp;&nbsp;SVC_Handler
</UL>
<BR>[Called By]<UL><LI><a href="#[6]">&gt;&gt;</a>&nbsp;&nbsp;&nbsp;SVC_Handler
</UL>
<BR>[Address Reference Count : 1]<UL><LI> startup_stm32f10x_md.o(RESET)
</UL>
<P><STRONG><a name="[7]"></a>DebugMon_Handler</STRONG> (Thumb, 2 bytes, Stack size 0 bytes, startup_stm32f10x_md.o(.text))
<BR><BR>[Calls]<UL><LI><a href="#[7]">&gt;&gt;</a>&nbsp;&nbsp;&nbsp;DebugMon_Handler
</UL>
<BR>[Called By]<UL><LI><a href="#[7]">&gt;&gt;</a>&nbsp;&nbsp;&nbsp;DebugMon_Handler
</UL>
<BR>[Address Reference Count : 1]<UL><LI> startup_stm32f10x_md.o(RESET)
</UL>
<P><STRONG><a name="[1c]"></a>ADC1_2_IRQHandler</STRONG> (Thumb, 0 bytes, Stack size 0 bytes, startup_stm32f10x_md.o(.text))
<BR><BR>[Calls]<UL><LI><a href="#[1c]">&gt;&gt;</a>&nbsp;&nbsp;&nbsp;ADC1_2_IRQHandler
</UL>
<BR>[Called By]<UL><LI><a href="#[1c]">&gt;&gt;</a>&nbsp;&nbsp;&nbsp;ADC1_2_IRQHandler
</UL>
<BR>[Address Reference Count : 1]<UL><LI> startup_stm32f10x_md.o(RESET)
</UL>
<P><STRONG><a name="[1f]"></a>CAN1_RX1_IRQHandler</STRONG> (Thumb, 0 bytes, Stack size 0 bytes, startup_stm32f10x_md.o(.text))
<BR>[Address Reference Count : 1]<UL><LI> startup_stm32f10x_md.o(RESET)
</UL>
<P><STRONG><a name="[20]"></a>CAN1_SCE_IRQHandler</STRONG> (Thumb, 0 bytes, Stack size 0 bytes, startup_stm32f10x_md.o(.text))
<BR>[Address Reference Count : 1]<UL><LI> startup_stm32f10x_md.o(RESET)
</UL>
<P><STRONG><a name="[15]"></a>DMA1_Channel1_IRQHandler</STRONG> (Thumb, 0 bytes, Stack size 0 bytes, startup_stm32f10x_md.o(.text))
<BR>[Address Reference Count : 1]<UL><LI> startup_stm32f10x_md.o(RESET)
</UL>
<P><STRONG><a name="[16]"></a>DMA1_Channel2_IRQHandler</STRONG> (Thumb, 0 bytes, Stack size 0 bytes, startup_stm32f10x_md.o(.text))
<BR>[Address Reference Count : 1]<UL><LI> startup_stm32f10x_md.o(RESET)
</UL>
<P><STRONG><a name="[17]"></a>DMA1_Channel3_IRQHandler</STRONG> (Thumb, 0 bytes, Stack size 0 bytes, startup_stm32f10x_md.o(.text))
<BR>[Address Reference Count : 1]<UL><LI> startup_stm32f10x_md.o(RESET)
</UL>
<P><STRONG><a name="[18]"></a>DMA1_Channel4_IRQHandler</STRONG> (Thumb, 0 bytes, Stack size 0 bytes, startup_stm32f10x_md.o(.text))
<BR>[Address Reference Count : 1]<UL><LI> startup_stm32f10x_md.o(RESET)
</UL>
<P><STRONG><a name="[19]"></a>DMA1_Channel5_IRQHandler</STRONG> (Thumb, 0 bytes, Stack size 0 bytes, startup_stm32f10x_md.o(.text))
<BR>[Address Reference Count : 1]<UL><LI> startup_stm32f10x_md.o(RESET)
</UL>
<P><STRONG><a name="[1a]"></a>DMA1_Channel6_IRQHandler</STRONG> (Thumb, 0 bytes, Stack size 0 bytes, startup_stm32f10x_md.o(.text))
<BR>[Address Reference Count : 1]<UL><LI> startup_stm32f10x_md.o(RESET)
</UL>
<P><STRONG><a name="[1b]"></a>DMA1_Channel7_IRQHandler</STRONG> (Thumb, 0 bytes, Stack size 0 bytes, startup_stm32f10x_md.o(.text))
<BR>[Address Reference Count : 1]<UL><LI> startup_stm32f10x_md.o(RESET)
</UL>
<P><STRONG><a name="[10]"></a>EXTI0_IRQHandler</STRONG> (Thumb, 0 bytes, Stack size 0 bytes, startup_stm32f10x_md.o(.text))
<BR>[Address Reference Count : 1]<UL><LI> startup_stm32f10x_md.o(RESET)
</UL>
<P><STRONG><a name="[32]"></a>EXTI15_10_IRQHandler</STRONG> (Thumb, 0 bytes, Stack size 0 bytes, startup_stm32f10x_md.o(.text))
<BR>[Address Reference Count : 1]<UL><LI> startup_stm32f10x_md.o(RESET)
</UL>
<P><STRONG><a name="[11]"></a>EXTI1_IRQHandler</STRONG> (Thumb, 0 bytes, Stack size 0 bytes, startup_stm32f10x_md.o(.text))
<BR>[Address Reference Count : 1]<UL><LI> startup_stm32f10x_md.o(RESET)
</UL>
<P><STRONG><a name="[12]"></a>EXTI2_IRQHandler</STRONG> (Thumb, 0 bytes, Stack size 0 bytes, startup_stm32f10x_md.o(.text))
<BR>[Address Reference Count : 1]<UL><LI> startup_stm32f10x_md.o(RESET)
</UL>
<P><STRONG><a name="[13]"></a>EXTI3_IRQHandler</STRONG> (Thumb, 0 bytes, Stack size 0 bytes, startup_stm32f10x_md.o(.text))
<BR>[Address Reference Count : 1]<UL><LI> startup_stm32f10x_md.o(RESET)
</UL>
<P><STRONG><a name="[14]"></a>EXTI4_IRQHandler</STRONG> (Thumb, 0 bytes, Stack size 0 bytes, startup_stm32f10x_md.o(.text))
<BR>[Address Reference Count : 1]<UL><LI> startup_stm32f10x_md.o(RESET)
</UL>
<P><STRONG><a name="[e]"></a>FLASH_IRQHandler</STRONG> (Thumb, 0 bytes, Stack size 0 bytes, startup_stm32f10x_md.o(.text))
<BR>[Address Reference Count : 1]<UL><LI> startup_stm32f10x_md.o(RESET)
</UL>
<P><STRONG><a name="[2a]"></a>I2C1_ER_IRQHandler</STRONG> (Thumb, 0 bytes, Stack size 0 bytes, startup_stm32f10x_md.o(.text))
<BR>[Address Reference Count : 1]<UL><LI> startup_stm32f10x_md.o(RESET)
</UL>
<P><STRONG><a name="[29]"></a>I2C1_EV_IRQHandler</STRONG> (Thumb, 0 bytes, Stack size 0 bytes, startup_stm32f10x_md.o(.text))
<BR>[Address Reference Count : 1]<UL><LI> startup_stm32f10x_md.o(RESET)
</UL>
<P><STRONG><a name="[2c]"></a>I2C2_ER_IRQHandler</STRONG> (Thumb, 0 bytes, Stack size 0 bytes, startup_stm32f10x_md.o(.text))
<BR>[Address Reference Count : 1]<UL><LI> startup_stm32f10x_md.o(RESET)
</UL>
<P><STRONG><a name="[2b]"></a>I2C2_EV_IRQHandler</STRONG> (Thumb, 0 bytes, Stack size 0 bytes, startup_stm32f10x_md.o(.text))
<BR>[Address Reference Count : 1]<UL><LI> startup_stm32f10x_md.o(RESET)
</UL>
<P><STRONG><a name="[b]"></a>PVD_IRQHandler</STRONG> (Thumb, 0 bytes, Stack size 0 bytes, startup_stm32f10x_md.o(.text))
<BR>[Address Reference Count : 1]<UL><LI> startup_stm32f10x_md.o(RESET)
</UL>
<P><STRONG><a name="[f]"></a>RCC_IRQHandler</STRONG> (Thumb, 0 bytes, Stack size 0 bytes, startup_stm32f10x_md.o(.text))
<BR>[Address Reference Count : 1]<UL><LI> startup_stm32f10x_md.o(RESET)
</UL>
<P><STRONG><a name="[33]"></a>RTCAlarm_IRQHandler</STRONG> (Thumb, 0 bytes, Stack size 0 bytes, startup_stm32f10x_md.o(.text))
<BR>[Address Reference Count : 1]<UL><LI> startup_stm32f10x_md.o(RESET)
</UL>
<P><STRONG><a name="[d]"></a>RTC_IRQHandler</STRONG> (Thumb, 0 bytes, Stack size 0 bytes, startup_stm32f10x_md.o(.text))
<BR>[Address Reference Count : 1]<UL><LI> startup_stm32f10x_md.o(RESET)
</UL>
<P><STRONG><a name="[2d]"></a>SPI1_IRQHandler</STRONG> (Thumb, 0 bytes, Stack size 0 bytes, startup_stm32f10x_md.o(.text))
<BR>[Address Reference Count : 1]<UL><LI> startup_stm32f10x_md.o(RESET)
</UL>
<P><STRONG><a name="[2e]"></a>SPI2_IRQHandler</STRONG> (Thumb, 0 bytes, Stack size 0 bytes, startup_stm32f10x_md.o(.text))
<BR>[Address Reference Count : 1]<UL><LI> startup_stm32f10x_md.o(RESET)
</UL>
<P><STRONG><a name="[c]"></a>TAMPER_IRQHandler</STRONG> (Thumb, 0 bytes, Stack size 0 bytes, startup_stm32f10x_md.o(.text))
<BR>[Address Reference Count : 1]<UL><LI> startup_stm32f10x_md.o(RESET)
</UL>
<P><STRONG><a name="[22]"></a>TIM1_BRK_IRQHandler</STRONG> (Thumb, 0 bytes, Stack size 0 bytes, startup_stm32f10x_md.o(.text))
<BR>[Address Reference Count : 1]<UL><LI> startup_stm32f10x_md.o(RESET)
</UL>
<P><STRONG><a name="[25]"></a>TIM1_CC_IRQHandler</STRONG> (Thumb, 0 bytes, Stack size 0 bytes, startup_stm32f10x_md.o(.text))
<BR>[Address Reference Count : 1]<UL><LI> startup_stm32f10x_md.o(RESET)
</UL>
<P><STRONG><a name="[24]"></a>TIM1_TRG_COM_IRQHandler</STRONG> (Thumb, 0 bytes, Stack size 0 bytes, startup_stm32f10x_md.o(.text))
<BR>[Address Reference Count : 1]<UL><LI> startup_stm32f10x_md.o(RESET)
</UL>
<P><STRONG><a name="[23]"></a>TIM1_UP_IRQHandler</STRONG> (Thumb, 0 bytes, Stack size 0 bytes, startup_stm32f10x_md.o(.text))
<BR>[Address Reference Count : 1]<UL><LI> startup_stm32f10x_md.o(RESET)
</UL>
<P><STRONG><a name="[27]"></a>TIM3_IRQHandler</STRONG> (Thumb, 0 bytes, Stack size 0 bytes, startup_stm32f10x_md.o(.text))
<BR>[Address Reference Count : 1]<UL><LI> startup_stm32f10x_md.o(RESET)
</UL>
<P><STRONG><a name="[30]"></a>USART2_IRQHandler</STRONG> (Thumb, 0 bytes, Stack size 0 bytes, startup_stm32f10x_md.o(.text))
<BR>[Address Reference Count : 1]<UL><LI> startup_stm32f10x_md.o(RESET)
</UL>
<P><STRONG><a name="[31]"></a>USART3_IRQHandler</STRONG> (Thumb, 0 bytes, Stack size 0 bytes, startup_stm32f10x_md.o(.text))
<BR>[Address Reference Count : 1]<UL><LI> startup_stm32f10x_md.o(RESET)
</UL>
<P><STRONG><a name="[34]"></a>USBWakeUp_IRQHandler</STRONG> (Thumb, 0 bytes, Stack size 0 bytes, startup_stm32f10x_md.o(.text))
<BR>[Address Reference Count : 1]<UL><LI> startup_stm32f10x_md.o(RESET)
</UL>
<P><STRONG><a name="[1d]"></a>USB_HP_CAN1_TX_IRQHandler</STRONG> (Thumb, 0 bytes, Stack size 0 bytes, startup_stm32f10x_md.o(.text))
<BR>[Address Reference Count : 1]<UL><LI> startup_stm32f10x_md.o(RESET)
</UL>
<P><STRONG><a name="[1e]"></a>USB_LP_CAN1_RX0_IRQHandler</STRONG> (Thumb, 0 bytes, Stack size 0 bytes, startup_stm32f10x_md.o(.text))
<BR>[Address Reference Count : 1]<UL><LI> startup_stm32f10x_md.o(RESET)
</UL>
<P><STRONG><a name="[a]"></a>WWDG_IRQHandler</STRONG> (Thumb, 0 bytes, Stack size 0 bytes, startup_stm32f10x_md.o(.text))
<BR>[Address Reference Count : 1]<UL><LI> startup_stm32f10x_md.o(RESET)
</UL>
<P><STRONG><a name="[15f]"></a>CPU_IntDis</STRONG> (Thumb, 0 bytes, Stack size unknown bytes, cpu_a.o(.text), UNUSED)

<P><STRONG><a name="[160]"></a>CPU_IntEn</STRONG> (Thumb, 0 bytes, Stack size unknown bytes, cpu_a.o(.text), UNUSED)

<P><STRONG><a name="[6b]"></a>CPU_SR_Save</STRONG> (Thumb, 0 bytes, Stack size unknown bytes, cpu_a.o(.text))
<BR><BR>[Called By]<UL><LI><a href="#[d3]">&gt;&gt;</a>&nbsp;&nbsp;&nbsp;OSTimeDly
<LI><a href="#[c9]">&gt;&gt;</a>&nbsp;&nbsp;&nbsp;OSSchedUnlock
<LI><a href="#[c6]">&gt;&gt;</a>&nbsp;&nbsp;&nbsp;OSSchedLock
<LI><a href="#[86]">&gt;&gt;</a>&nbsp;&nbsp;&nbsp;OSIntExit
<LI><a href="#[dd]">&gt;&gt;</a>&nbsp;&nbsp;&nbsp;OS_Sched0
<LI><a href="#[64]">&gt;&gt;</a>&nbsp;&nbsp;&nbsp;OSTimeDlyHMSM
<LI><a href="#[de]">&gt;&gt;</a>&nbsp;&nbsp;&nbsp;OSTaskDel
<LI><a href="#[d5]">&gt;&gt;</a>&nbsp;&nbsp;&nbsp;OSTaskCreate
<LI><a href="#[d1]">&gt;&gt;</a>&nbsp;&nbsp;&nbsp;OSStatTaskCPUUsageInit
<LI><a href="#[c8]">&gt;&gt;</a>&nbsp;&nbsp;&nbsp;OSSchedRoundRobinCfg
<LI><a href="#[3f]">&gt;&gt;</a>&nbsp;&nbsp;&nbsp;start_task
<LI><a href="#[35]">&gt;&gt;</a>&nbsp;&nbsp;&nbsp;main
<LI><a href="#[f7]">&gt;&gt;</a>&nbsp;&nbsp;&nbsp;OS_SchedRoundRobin
<LI><a href="#[39]">&gt;&gt;</a>&nbsp;&nbsp;&nbsp;OS_IdleTask
<LI><a href="#[c5]">&gt;&gt;</a>&nbsp;&nbsp;&nbsp;OSSched
<LI><a href="#[6a]">&gt;&gt;</a>&nbsp;&nbsp;&nbsp;CPU_NameClr
<LI><a href="#[109]">&gt;&gt;</a>&nbsp;&nbsp;&nbsp;OS_TickListUpdate
<LI><a href="#[e7]">&gt;&gt;</a>&nbsp;&nbsp;&nbsp;OSTaskSemPend
<LI><a href="#[e9]">&gt;&gt;</a>&nbsp;&nbsp;&nbsp;OSTaskStkChk
<LI><a href="#[d4]">&gt;&gt;</a>&nbsp;&nbsp;&nbsp;OSTaskResume
<LI><a href="#[3b]">&gt;&gt;</a>&nbsp;&nbsp;&nbsp;OS_StatTask
<LI><a href="#[cd]">&gt;&gt;</a>&nbsp;&nbsp;&nbsp;OSStatReset
<LI><a href="#[ea]">&gt;&gt;</a>&nbsp;&nbsp;&nbsp;OS_TaskSuspend
<LI><a href="#[f6]">&gt;&gt;</a>&nbsp;&nbsp;&nbsp;OS_TaskSemPost
<LI><a href="#[e6]">&gt;&gt;</a>&nbsp;&nbsp;&nbsp;OS_TaskResume
<LI><a href="#[f5]">&gt;&gt;</a>&nbsp;&nbsp;&nbsp;OS_TaskQPost
<LI><a href="#[f4]">&gt;&gt;</a>&nbsp;&nbsp;&nbsp;OS_SemPost
<LI><a href="#[f3]">&gt;&gt;</a>&nbsp;&nbsp;&nbsp;OS_QPost
<LI><a href="#[3a]">&gt;&gt;</a>&nbsp;&nbsp;&nbsp;OS_IntQTask
<LI><a href="#[e5]">&gt;&gt;</a>&nbsp;&nbsp;&nbsp;OS_IntQPost
<LI><a href="#[ee]">&gt;&gt;</a>&nbsp;&nbsp;&nbsp;OS_FlagPost
</UL>

<P><STRONG><a name="[6d]"></a>CPU_SR_Restore</STRONG> (Thumb, 0 bytes, Stack size unknown bytes, cpu_a.o(.text))
<BR><BR>[Called By]<UL><LI><a href="#[d3]">&gt;&gt;</a>&nbsp;&nbsp;&nbsp;OSTimeDly
<LI><a href="#[c9]">&gt;&gt;</a>&nbsp;&nbsp;&nbsp;OSSchedUnlock
<LI><a href="#[c6]">&gt;&gt;</a>&nbsp;&nbsp;&nbsp;OSSchedLock
<LI><a href="#[86]">&gt;&gt;</a>&nbsp;&nbsp;&nbsp;OSIntExit
<LI><a href="#[dd]">&gt;&gt;</a>&nbsp;&nbsp;&nbsp;OS_Sched0
<LI><a href="#[64]">&gt;&gt;</a>&nbsp;&nbsp;&nbsp;OSTimeDlyHMSM
<LI><a href="#[de]">&gt;&gt;</a>&nbsp;&nbsp;&nbsp;OSTaskDel
<LI><a href="#[d5]">&gt;&gt;</a>&nbsp;&nbsp;&nbsp;OSTaskCreate
<LI><a href="#[d1]">&gt;&gt;</a>&nbsp;&nbsp;&nbsp;OSStatTaskCPUUsageInit
<LI><a href="#[c8]">&gt;&gt;</a>&nbsp;&nbsp;&nbsp;OSSchedRoundRobinCfg
<LI><a href="#[3f]">&gt;&gt;</a>&nbsp;&nbsp;&nbsp;start_task
<LI><a href="#[35]">&gt;&gt;</a>&nbsp;&nbsp;&nbsp;main
<LI><a href="#[f7]">&gt;&gt;</a>&nbsp;&nbsp;&nbsp;OS_SchedRoundRobin
<LI><a href="#[39]">&gt;&gt;</a>&nbsp;&nbsp;&nbsp;OS_IdleTask
<LI><a href="#[c5]">&gt;&gt;</a>&nbsp;&nbsp;&nbsp;OSSched
<LI><a href="#[6a]">&gt;&gt;</a>&nbsp;&nbsp;&nbsp;CPU_NameClr
<LI><a href="#[109]">&gt;&gt;</a>&nbsp;&nbsp;&nbsp;OS_TickListUpdate
<LI><a href="#[e7]">&gt;&gt;</a>&nbsp;&nbsp;&nbsp;OSTaskSemPend
<LI><a href="#[e9]">&gt;&gt;</a>&nbsp;&nbsp;&nbsp;OSTaskStkChk
<LI><a href="#[d4]">&gt;&gt;</a>&nbsp;&nbsp;&nbsp;OSTaskResume
<LI><a href="#[3b]">&gt;&gt;</a>&nbsp;&nbsp;&nbsp;OS_StatTask
<LI><a href="#[cd]">&gt;&gt;</a>&nbsp;&nbsp;&nbsp;OSStatReset
<LI><a href="#[ea]">&gt;&gt;</a>&nbsp;&nbsp;&nbsp;OS_TaskSuspend
<LI><a href="#[f6]">&gt;&gt;</a>&nbsp;&nbsp;&nbsp;OS_TaskSemPost
<LI><a href="#[e6]">&gt;&gt;</a>&nbsp;&nbsp;&nbsp;OS_TaskResume
<LI><a href="#[f5]">&gt;&gt;</a>&nbsp;&nbsp;&nbsp;OS_TaskQPost
<LI><a href="#[f4]">&gt;&gt;</a>&nbsp;&nbsp;&nbsp;OS_SemPost
<LI><a href="#[f3]">&gt;&gt;</a>&nbsp;&nbsp;&nbsp;OS_QPost
<LI><a href="#[3a]">&gt;&gt;</a>&nbsp;&nbsp;&nbsp;OS_IntQTask
<LI><a href="#[e5]">&gt;&gt;</a>&nbsp;&nbsp;&nbsp;OS_IntQPost
<LI><a href="#[ee]">&gt;&gt;</a>&nbsp;&nbsp;&nbsp;OS_FlagPost
</UL>

<P><STRONG><a name="[161]"></a>CPU_WaitForInt</STRONG> (Thumb, 0 bytes, Stack size unknown bytes, cpu_a.o(.text), UNUSED)

<P><STRONG><a name="[162]"></a>CPU_WaitForExcept</STRONG> (Thumb, 0 bytes, Stack size unknown bytes, cpu_a.o(.text), UNUSED)

<P><STRONG><a name="[102]"></a>CPU_CntLeadZeros</STRONG> (Thumb, 0 bytes, Stack size unknown bytes, cpu_a.o(.text))
<BR><BR>[Called By]<UL><LI><a href="#[c4]">&gt;&gt;</a>&nbsp;&nbsp;&nbsp;OS_PrioGetHighest
</UL>

<P><STRONG><a name="[163]"></a>CPU_CntTrailZeros</STRONG> (Thumb, 0 bytes, Stack size unknown bytes, cpu_a.o(.text), UNUSED)

<P><STRONG><a name="[164]"></a>CPU_RevBits</STRONG> (Thumb, 0 bytes, Stack size unknown bytes, cpu_a.o(.text), UNUSED)

<P><STRONG><a name="[45]"></a>__aeabi_uldivmod</STRONG> (Thumb, 98 bytes, Stack size 40 bytes, uldiv.o(.text))
<BR><BR>[Stack]<UL><LI>Max Depth = 40<LI>Call Chain = __aeabi_uldivmod
</UL>
<BR>[Calls]<UL><LI><a href="#[46]">&gt;&gt;</a>&nbsp;&nbsp;&nbsp;__aeabi_llsr
<LI><a href="#[47]">&gt;&gt;</a>&nbsp;&nbsp;&nbsp;__aeabi_llsl
</UL>
<BR>[Called By]<UL><LI><a href="#[48]">&gt;&gt;</a>&nbsp;&nbsp;&nbsp;__aeabi_ldivmod
</UL>

<P><STRONG><a name="[48]"></a>__aeabi_ldivmod</STRONG> (Thumb, 98 bytes, Stack size 24 bytes, ldiv.o(.text))
<BR><BR>[Stack]<UL><LI>Max Depth = 64<LI>Call Chain = __aeabi_ldivmod &rArr; __aeabi_uldivmod
</UL>
<BR>[Calls]<UL><LI><a href="#[45]">&gt;&gt;</a>&nbsp;&nbsp;&nbsp;__aeabi_uldivmod
</UL>
<BR>[Called By]<UL><LI><a href="#[140]">&gt;&gt;</a>&nbsp;&nbsp;&nbsp;get_st_biases
</UL>

<P><STRONG><a name="[115]"></a>__aeabi_memcpy</STRONG> (Thumb, 36 bytes, Stack size 0 bytes, memcpya.o(.text))
<BR><BR>[Called By]<UL><LI><a href="#[2f]">&gt;&gt;</a>&nbsp;&nbsp;&nbsp;USART1_IRQHandler
</UL>

<P><STRONG><a name="[165]"></a>__aeabi_memcpy4</STRONG> (Thumb, 0 bytes, Stack size 0 bytes, memcpya.o(.text), UNUSED)

<P><STRONG><a name="[166]"></a>__aeabi_memcpy8</STRONG> (Thumb, 0 bytes, Stack size 0 bytes, memcpya.o(.text), UNUSED)

<P><STRONG><a name="[4a]"></a>__aeabi_memset</STRONG> (Thumb, 14 bytes, Stack size 0 bytes, memseta.o(.text))
<BR><BR>[Called By]<UL><LI><a href="#[136]">&gt;&gt;</a>&nbsp;&nbsp;&nbsp;dmp_enable_lp_quat
<LI><a href="#[12a]">&gt;&gt;</a>&nbsp;&nbsp;&nbsp;dmp_enable_6x_lp_quat
<LI><a href="#[4b]">&gt;&gt;</a>&nbsp;&nbsp;&nbsp;_memset$wrapper
<LI><a href="#[49]">&gt;&gt;</a>&nbsp;&nbsp;&nbsp;__aeabi_memclr
</UL>

<P><STRONG><a name="[167]"></a>__aeabi_memset4</STRONG> (Thumb, 0 bytes, Stack size 0 bytes, memseta.o(.text), UNUSED)

<P><STRONG><a name="[168]"></a>__aeabi_memset8</STRONG> (Thumb, 0 bytes, Stack size 0 bytes, memseta.o(.text), UNUSED)

<P><STRONG><a name="[49]"></a>__aeabi_memclr</STRONG> (Thumb, 4 bytes, Stack size 0 bytes, memseta.o(.text))
<BR><BR>[Calls]<UL><LI><a href="#[4a]">&gt;&gt;</a>&nbsp;&nbsp;&nbsp;__aeabi_memset
</UL>
<BR>[Called By]<UL><LI><a href="#[2f]">&gt;&gt;</a>&nbsp;&nbsp;&nbsp;USART1_IRQHandler
</UL>

<P><STRONG><a name="[169]"></a>__aeabi_memclr4</STRONG> (Thumb, 0 bytes, Stack size 0 bytes, memseta.o(.text), UNUSED)

<P><STRONG><a name="[16a]"></a>__aeabi_memclr8</STRONG> (Thumb, 0 bytes, Stack size 0 bytes, memseta.o(.text), UNUSED)

<P><STRONG><a name="[4b]"></a>_memset$wrapper</STRONG> (Thumb, 18 bytes, Stack size 8 bytes, memseta.o(.text), UNUSED)
<BR><BR>[Calls]<UL><LI><a href="#[4a]">&gt;&gt;</a>&nbsp;&nbsp;&nbsp;__aeabi_memset
</UL>

<P><STRONG><a name="[14f]"></a>memcmp</STRONG> (Thumb, 26 bytes, Stack size 12 bytes, memcmp.o(.text))
<BR><BR>[Stack]<UL><LI>Max Depth = 12<LI>Call Chain = memcmp
</UL>
<BR>[Called By]<UL><LI><a href="#[137]">&gt;&gt;</a>&nbsp;&nbsp;&nbsp;mpu_load_firmware
</UL>

<P><STRONG><a name="[4c]"></a>__aeabi_fadd</STRONG> (Thumb, 164 bytes, Stack size 16 bytes, fadd.o(.text))
<BR><BR>[Stack]<UL><LI>Max Depth = 20<LI>Call Chain = __aeabi_fadd &rArr; _float_epilogue
</UL>
<BR>[Calls]<UL><LI><a href="#[4e]">&gt;&gt;</a>&nbsp;&nbsp;&nbsp;_float_round
<LI><a href="#[4d]">&gt;&gt;</a>&nbsp;&nbsp;&nbsp;_float_epilogue
</UL>
<BR>[Called By]<UL><LI><a href="#[4f]">&gt;&gt;</a>&nbsp;&nbsp;&nbsp;__aeabi_fsub
<LI><a href="#[8c]">&gt;&gt;</a>&nbsp;&nbsp;&nbsp;Read_DMP
<LI><a href="#[50]">&gt;&gt;</a>&nbsp;&nbsp;&nbsp;__aeabi_frsub
<LI><a href="#[42]">&gt;&gt;</a>&nbsp;&nbsp;&nbsp;ALLPID_task
<LI><a href="#[81]">&gt;&gt;</a>&nbsp;&nbsp;&nbsp;velocity
<LI><a href="#[82]">&gt;&gt;</a>&nbsp;&nbsp;&nbsp;turn
<LI><a href="#[80]">&gt;&gt;</a>&nbsp;&nbsp;&nbsp;balance
</UL>

<P><STRONG><a name="[4f]"></a>__aeabi_fsub</STRONG> (Thumb, 6 bytes, Stack size 0 bytes, fadd.o(.text))
<BR><BR>[Stack]<UL><LI>Max Depth = 20<LI>Call Chain = __aeabi_fsub &rArr; __aeabi_fadd &rArr; _float_epilogue
</UL>
<BR>[Calls]<UL><LI><a href="#[4c]">&gt;&gt;</a>&nbsp;&nbsp;&nbsp;__aeabi_fadd
</UL>
<BR>[Called By]<UL><LI><a href="#[8c]">&gt;&gt;</a>&nbsp;&nbsp;&nbsp;Read_DMP
<LI><a href="#[142]">&gt;&gt;</a>&nbsp;&nbsp;&nbsp;gyro_self_test
<LI><a href="#[11f]">&gt;&gt;</a>&nbsp;&nbsp;&nbsp;accel_self_test
<LI><a href="#[81]">&gt;&gt;</a>&nbsp;&nbsp;&nbsp;velocity
<LI><a href="#[82]">&gt;&gt;</a>&nbsp;&nbsp;&nbsp;turn
<LI><a href="#[80]">&gt;&gt;</a>&nbsp;&nbsp;&nbsp;balance
</UL>

<P><STRONG><a name="[50]"></a>__aeabi_frsub</STRONG> (Thumb, 6 bytes, Stack size 0 bytes, fadd.o(.text))
<BR><BR>[Stack]<UL><LI>Max Depth = 20<LI>Call Chain = __aeabi_frsub &rArr; __aeabi_fadd &rArr; _float_epilogue
</UL>
<BR>[Calls]<UL><LI><a href="#[4c]">&gt;&gt;</a>&nbsp;&nbsp;&nbsp;__aeabi_fadd
</UL>
<BR>[Called By]<UL><LI><a href="#[145]">&gt;&gt;</a>&nbsp;&nbsp;&nbsp;uart_init
</UL>

<P><STRONG><a name="[10e]"></a>__aeabi_fmul</STRONG> (Thumb, 100 bytes, Stack size 8 bytes, fmul.o(.text))
<BR><BR>[Stack]<UL><LI>Max Depth = 8<LI>Call Chain = __aeabi_fmul
</UL>
<BR>[Called By]<UL><LI><a href="#[7b]">&gt;&gt;</a>&nbsp;&nbsp;&nbsp;run_self_test
<LI><a href="#[8c]">&gt;&gt;</a>&nbsp;&nbsp;&nbsp;Read_DMP
<LI><a href="#[145]">&gt;&gt;</a>&nbsp;&nbsp;&nbsp;uart_init
<LI><a href="#[12e]">&gt;&gt;</a>&nbsp;&nbsp;&nbsp;dmp_set_tap_thresh
<LI><a href="#[142]">&gt;&gt;</a>&nbsp;&nbsp;&nbsp;gyro_self_test
<LI><a href="#[120]">&gt;&gt;</a>&nbsp;&nbsp;&nbsp;get_accel_prod_shift
<LI><a href="#[81]">&gt;&gt;</a>&nbsp;&nbsp;&nbsp;velocity
<LI><a href="#[82]">&gt;&gt;</a>&nbsp;&nbsp;&nbsp;turn
<LI><a href="#[80]">&gt;&gt;</a>&nbsp;&nbsp;&nbsp;balance
</UL>

<P><STRONG><a name="[51]"></a>__aeabi_fdiv</STRONG> (Thumb, 124 bytes, Stack size 8 bytes, fdiv.o(.text))
<BR><BR>[Stack]<UL><LI>Max Depth = 8<LI>Call Chain = __aeabi_fdiv
</UL>
<BR>[Calls]<UL><LI><a href="#[4e]">&gt;&gt;</a>&nbsp;&nbsp;&nbsp;_float_round
</UL>
<BR>[Called By]<UL><LI><a href="#[8c]">&gt;&gt;</a>&nbsp;&nbsp;&nbsp;Read_DMP
<LI><a href="#[145]">&gt;&gt;</a>&nbsp;&nbsp;&nbsp;uart_init
<LI><a href="#[12e]">&gt;&gt;</a>&nbsp;&nbsp;&nbsp;dmp_set_tap_thresh
<LI><a href="#[142]">&gt;&gt;</a>&nbsp;&nbsp;&nbsp;gyro_self_test
<LI><a href="#[11f]">&gt;&gt;</a>&nbsp;&nbsp;&nbsp;accel_self_test
<LI><a href="#[82]">&gt;&gt;</a>&nbsp;&nbsp;&nbsp;turn
</UL>

<P><STRONG><a name="[52]"></a>__aeabi_dadd</STRONG> (Thumb, 322 bytes, Stack size 48 bytes, dadd.o(.text))
<BR><BR>[Stack]<UL><LI>Max Depth = 88<LI>Call Chain = __aeabi_dadd &rArr; _double_epilogue &rArr; _double_round
</UL>
<BR>[Calls]<UL><LI><a href="#[53]">&gt;&gt;</a>&nbsp;&nbsp;&nbsp;__aeabi_lasr
<LI><a href="#[47]">&gt;&gt;</a>&nbsp;&nbsp;&nbsp;__aeabi_llsl
<LI><a href="#[55]">&gt;&gt;</a>&nbsp;&nbsp;&nbsp;_double_round
<LI><a href="#[54]">&gt;&gt;</a>&nbsp;&nbsp;&nbsp;_double_epilogue
</UL>
<BR>[Called By]<UL><LI><a href="#[81]">&gt;&gt;</a>&nbsp;&nbsp;&nbsp;velocity
<LI><a href="#[56]">&gt;&gt;</a>&nbsp;&nbsp;&nbsp;__aeabi_dsub
<LI><a href="#[57]">&gt;&gt;</a>&nbsp;&nbsp;&nbsp;__aeabi_drsub
<LI><a href="#[110]">&gt;&gt;</a>&nbsp;&nbsp;&nbsp;asin
<LI><a href="#[118]">&gt;&gt;</a>&nbsp;&nbsp;&nbsp;__kernel_poly
<LI><a href="#[11b]">&gt;&gt;</a>&nbsp;&nbsp;&nbsp;__mathlib_dbl_infnan2
<LI><a href="#[125]">&gt;&gt;</a>&nbsp;&nbsp;&nbsp;atan
</UL>

<P><STRONG><a name="[56]"></a>__aeabi_dsub</STRONG> (Thumb, 6 bytes, Stack size 0 bytes, dadd.o(.text))
<BR><BR>[Stack]<UL><LI>Max Depth = 88<LI>Call Chain = __aeabi_dsub &rArr; __aeabi_dadd &rArr; _double_epilogue &rArr; _double_round
</UL>
<BR>[Calls]<UL><LI><a href="#[52]">&gt;&gt;</a>&nbsp;&nbsp;&nbsp;__aeabi_dadd
</UL>
<BR>[Called By]<UL><LI><a href="#[111]">&gt;&gt;</a>&nbsp;&nbsp;&nbsp;atan2
<LI><a href="#[110]">&gt;&gt;</a>&nbsp;&nbsp;&nbsp;asin
<LI><a href="#[125]">&gt;&gt;</a>&nbsp;&nbsp;&nbsp;atan
</UL>

<P><STRONG><a name="[57]"></a>__aeabi_drsub</STRONG> (Thumb, 6 bytes, Stack size 0 bytes, dadd.o(.text))
<BR><BR>[Stack]<UL><LI>Max Depth = 88<LI>Call Chain = __aeabi_drsub &rArr; __aeabi_dadd &rArr; _double_epilogue &rArr; _double_round
</UL>
<BR>[Calls]<UL><LI><a href="#[52]">&gt;&gt;</a>&nbsp;&nbsp;&nbsp;__aeabi_dadd
</UL>
<BR>[Called By]<UL><LI><a href="#[111]">&gt;&gt;</a>&nbsp;&nbsp;&nbsp;atan2
<LI><a href="#[110]">&gt;&gt;</a>&nbsp;&nbsp;&nbsp;asin
<LI><a href="#[125]">&gt;&gt;</a>&nbsp;&nbsp;&nbsp;atan
</UL>

<P><STRONG><a name="[58]"></a>__aeabi_dmul</STRONG> (Thumb, 228 bytes, Stack size 48 bytes, dmul.o(.text))
<BR><BR>[Stack]<UL><LI>Max Depth = 88<LI>Call Chain = __aeabi_dmul &rArr; _double_epilogue &rArr; _double_round
</UL>
<BR>[Calls]<UL><LI><a href="#[54]">&gt;&gt;</a>&nbsp;&nbsp;&nbsp;_double_epilogue
</UL>
<BR>[Called By]<UL><LI><a href="#[8c]">&gt;&gt;</a>&nbsp;&nbsp;&nbsp;Read_DMP
<LI><a href="#[81]">&gt;&gt;</a>&nbsp;&nbsp;&nbsp;velocity
<LI><a href="#[110]">&gt;&gt;</a>&nbsp;&nbsp;&nbsp;asin
<LI><a href="#[118]">&gt;&gt;</a>&nbsp;&nbsp;&nbsp;__kernel_poly
<LI><a href="#[125]">&gt;&gt;</a>&nbsp;&nbsp;&nbsp;atan
</UL>

<P><STRONG><a name="[59]"></a>__aeabi_i2f</STRONG> (Thumb, 18 bytes, Stack size 0 bytes, fflti.o(.text))
<BR><BR>[Stack]<UL><LI>Max Depth = 4<LI>Call Chain = __aeabi_i2f &rArr; _float_epilogue
</UL>
<BR>[Calls]<UL><LI><a href="#[4d]">&gt;&gt;</a>&nbsp;&nbsp;&nbsp;_float_epilogue
</UL>
<BR>[Called By]<UL><LI><a href="#[7b]">&gt;&gt;</a>&nbsp;&nbsp;&nbsp;run_self_test
<LI><a href="#[8c]">&gt;&gt;</a>&nbsp;&nbsp;&nbsp;Read_DMP
<LI><a href="#[142]">&gt;&gt;</a>&nbsp;&nbsp;&nbsp;gyro_self_test
<LI><a href="#[11f]">&gt;&gt;</a>&nbsp;&nbsp;&nbsp;accel_self_test
<LI><a href="#[81]">&gt;&gt;</a>&nbsp;&nbsp;&nbsp;velocity
<LI><a href="#[82]">&gt;&gt;</a>&nbsp;&nbsp;&nbsp;turn
<LI><a href="#[7f]">&gt;&gt;</a>&nbsp;&nbsp;&nbsp;Get_Angle
</UL>

<P><STRONG><a name="[5a]"></a>__aeabi_ui2f</STRONG> (Thumb, 10 bytes, Stack size 0 bytes, ffltui.o(.text))
<BR><BR>[Stack]<UL><LI>Max Depth = 4<LI>Call Chain = __aeabi_ui2f &rArr; _float_epilogue
</UL>
<BR>[Calls]<UL><LI><a href="#[4d]">&gt;&gt;</a>&nbsp;&nbsp;&nbsp;_float_epilogue
</UL>
<BR>[Called By]<UL><LI><a href="#[145]">&gt;&gt;</a>&nbsp;&nbsp;&nbsp;uart_init
<LI><a href="#[12e]">&gt;&gt;</a>&nbsp;&nbsp;&nbsp;dmp_set_tap_thresh
<LI><a href="#[142]">&gt;&gt;</a>&nbsp;&nbsp;&nbsp;gyro_self_test
</UL>

<P><STRONG><a name="[126]"></a>__aeabi_f2iz</STRONG> (Thumb, 50 bytes, Stack size 0 bytes, ffixi.o(.text))
<BR><BR>[Called By]<UL><LI><a href="#[7b]">&gt;&gt;</a>&nbsp;&nbsp;&nbsp;run_self_test
<LI><a href="#[81]">&gt;&gt;</a>&nbsp;&nbsp;&nbsp;velocity
<LI><a href="#[82]">&gt;&gt;</a>&nbsp;&nbsp;&nbsp;turn
<LI><a href="#[80]">&gt;&gt;</a>&nbsp;&nbsp;&nbsp;balance
</UL>

<P><STRONG><a name="[62]"></a>__aeabi_f2uiz</STRONG> (Thumb, 40 bytes, Stack size 0 bytes, ffixui.o(.text))
<BR><BR>[Called By]<UL><LI><a href="#[145]">&gt;&gt;</a>&nbsp;&nbsp;&nbsp;uart_init
<LI><a href="#[42]">&gt;&gt;</a>&nbsp;&nbsp;&nbsp;ALLPID_task
<LI><a href="#[12e]">&gt;&gt;</a>&nbsp;&nbsp;&nbsp;dmp_set_tap_thresh
</UL>

<P><STRONG><a name="[10f]"></a>__aeabi_f2d</STRONG> (Thumb, 38 bytes, Stack size 0 bytes, f2d.o(.text))
<BR><BR>[Called By]<UL><LI><a href="#[8c]">&gt;&gt;</a>&nbsp;&nbsp;&nbsp;Read_DMP
<LI><a href="#[81]">&gt;&gt;</a>&nbsp;&nbsp;&nbsp;velocity
<LI><a href="#[82]">&gt;&gt;</a>&nbsp;&nbsp;&nbsp;turn
</UL>

<P><STRONG><a name="[16b]"></a>__aeabi_cdcmpeq</STRONG> (Thumb, 0 bytes, Stack size 0 bytes, cdcmple.o(.text), UNUSED)

<P><STRONG><a name="[158]"></a>__aeabi_cdcmple</STRONG> (Thumb, 48 bytes, Stack size 0 bytes, cdcmple.o(.text))
<BR><BR>[Called By]<UL><LI><a href="#[82]">&gt;&gt;</a>&nbsp;&nbsp;&nbsp;turn
</UL>

<P><STRONG><a name="[5b]"></a>__aeabi_d2f</STRONG> (Thumb, 56 bytes, Stack size 8 bytes, d2f.o(.text))
<BR><BR>[Stack]<UL><LI>Max Depth = 8<LI>Call Chain = __aeabi_d2f
</UL>
<BR>[Calls]<UL><LI><a href="#[4e]">&gt;&gt;</a>&nbsp;&nbsp;&nbsp;_float_round
</UL>
<BR>[Called By]<UL><LI><a href="#[8c]">&gt;&gt;</a>&nbsp;&nbsp;&nbsp;Read_DMP
<LI><a href="#[81]">&gt;&gt;</a>&nbsp;&nbsp;&nbsp;velocity
</UL>

<P><STRONG><a name="[121]"></a>__aeabi_cfcmpeq</STRONG> (Thumb, 0 bytes, Stack size 0 bytes, cfcmple.o(.text))
<BR><BR>[Called By]<UL><LI><a href="#[11f]">&gt;&gt;</a>&nbsp;&nbsp;&nbsp;accel_self_test
<LI><a href="#[82]">&gt;&gt;</a>&nbsp;&nbsp;&nbsp;turn
</UL>

<P><STRONG><a name="[61]"></a>__aeabi_cfcmple</STRONG> (Thumb, 20 bytes, Stack size 0 bytes, cfcmple.o(.text))
<BR><BR>[Called By]<UL><LI><a href="#[42]">&gt;&gt;</a>&nbsp;&nbsp;&nbsp;ALLPID_task
<LI><a href="#[142]">&gt;&gt;</a>&nbsp;&nbsp;&nbsp;gyro_self_test
<LI><a href="#[11f]">&gt;&gt;</a>&nbsp;&nbsp;&nbsp;accel_self_test
<LI><a href="#[81]">&gt;&gt;</a>&nbsp;&nbsp;&nbsp;velocity
<LI><a href="#[84]">&gt;&gt;</a>&nbsp;&nbsp;&nbsp;Turn_Off
</UL>

<P><STRONG><a name="[114]"></a>__aeabi_cfrcmple</STRONG> (Thumb, 20 bytes, Stack size 0 bytes, cfrcmple.o(.text))
<BR><BR>[Called By]<UL><LI><a href="#[142]">&gt;&gt;</a>&nbsp;&nbsp;&nbsp;gyro_self_test
<LI><a href="#[11f]">&gt;&gt;</a>&nbsp;&nbsp;&nbsp;accel_self_test
<LI><a href="#[81]">&gt;&gt;</a>&nbsp;&nbsp;&nbsp;velocity
<LI><a href="#[82]">&gt;&gt;</a>&nbsp;&nbsp;&nbsp;turn
<LI><a href="#[84]">&gt;&gt;</a>&nbsp;&nbsp;&nbsp;Turn_Off
</UL>

<P><STRONG><a name="[16c]"></a>__aeabi_uidiv</STRONG> (Thumb, 0 bytes, Stack size 12 bytes, uidiv.o(.text), UNUSED)

<P><STRONG><a name="[11e]"></a>__aeabi_uidivmod</STRONG> (Thumb, 44 bytes, Stack size 12 bytes, uidiv.o(.text), UNUSED)
<BR><BR>[Called By]<UL><LI><a href="#[117]">&gt;&gt;</a>&nbsp;&nbsp;&nbsp;_printf_core
</UL>

<P><STRONG><a name="[47]"></a>__aeabi_llsl</STRONG> (Thumb, 30 bytes, Stack size 0 bytes, llshl.o(.text))
<BR><BR>[Called By]<UL><LI><a href="#[52]">&gt;&gt;</a>&nbsp;&nbsp;&nbsp;__aeabi_dadd
<LI><a href="#[45]">&gt;&gt;</a>&nbsp;&nbsp;&nbsp;__aeabi_uldivmod
<LI><a href="#[54]">&gt;&gt;</a>&nbsp;&nbsp;&nbsp;_double_epilogue
</UL>

<P><STRONG><a name="[16d]"></a>_ll_shift_l</STRONG> (Thumb, 0 bytes, Stack size 0 bytes, llshl.o(.text), UNUSED)

<P><STRONG><a name="[46]"></a>__aeabi_llsr</STRONG> (Thumb, 32 bytes, Stack size 0 bytes, llushr.o(.text))
<BR><BR>[Called By]<UL><LI><a href="#[45]">&gt;&gt;</a>&nbsp;&nbsp;&nbsp;__aeabi_uldivmod
<LI><a href="#[5e]">&gt;&gt;</a>&nbsp;&nbsp;&nbsp;_dsqrt
<LI><a href="#[54]">&gt;&gt;</a>&nbsp;&nbsp;&nbsp;_double_epilogue
</UL>

<P><STRONG><a name="[16e]"></a>_ll_ushift_r</STRONG> (Thumb, 0 bytes, Stack size 0 bytes, llushr.o(.text), UNUSED)

<P><STRONG><a name="[53]"></a>__aeabi_lasr</STRONG> (Thumb, 36 bytes, Stack size 0 bytes, llsshr.o(.text))
<BR><BR>[Called By]<UL><LI><a href="#[52]">&gt;&gt;</a>&nbsp;&nbsp;&nbsp;__aeabi_dadd
</UL>

<P><STRONG><a name="[16f]"></a>_ll_sshift_r</STRONG> (Thumb, 0 bytes, Stack size 0 bytes, llsshr.o(.text), UNUSED)

<P><STRONG><a name="[170]"></a>__I$use$fp</STRONG> (Thumb, 0 bytes, Stack size 0 bytes, iusefp.o(.text), UNUSED)

<P><STRONG><a name="[4e]"></a>_float_round</STRONG> (Thumb, 18 bytes, Stack size 0 bytes, fepilogue.o(.text))
<BR><BR>[Called By]<UL><LI><a href="#[5b]">&gt;&gt;</a>&nbsp;&nbsp;&nbsp;__aeabi_d2f
<LI><a href="#[51]">&gt;&gt;</a>&nbsp;&nbsp;&nbsp;__aeabi_fdiv
<LI><a href="#[4c]">&gt;&gt;</a>&nbsp;&nbsp;&nbsp;__aeabi_fadd
</UL>

<P><STRONG><a name="[4d]"></a>_float_epilogue</STRONG> (Thumb, 92 bytes, Stack size 4 bytes, fepilogue.o(.text))
<BR><BR>[Stack]<UL><LI>Max Depth = 4<LI>Call Chain = _float_epilogue
</UL>
<BR>[Called By]<UL><LI><a href="#[59]">&gt;&gt;</a>&nbsp;&nbsp;&nbsp;__aeabi_i2f
<LI><a href="#[5a]">&gt;&gt;</a>&nbsp;&nbsp;&nbsp;__aeabi_ui2f
<LI><a href="#[4c]">&gt;&gt;</a>&nbsp;&nbsp;&nbsp;__aeabi_fadd
</UL>

<P><STRONG><a name="[55]"></a>_double_round</STRONG> (Thumb, 30 bytes, Stack size 8 bytes, depilogue.o(.text))
<BR><BR>[Stack]<UL><LI>Max Depth = 8<LI>Call Chain = _double_round
</UL>
<BR>[Called By]<UL><LI><a href="#[52]">&gt;&gt;</a>&nbsp;&nbsp;&nbsp;__aeabi_dadd
<LI><a href="#[5c]">&gt;&gt;</a>&nbsp;&nbsp;&nbsp;__aeabi_ddiv
<LI><a href="#[5e]">&gt;&gt;</a>&nbsp;&nbsp;&nbsp;_dsqrt
<LI><a href="#[54]">&gt;&gt;</a>&nbsp;&nbsp;&nbsp;_double_epilogue
</UL>

<P><STRONG><a name="[54]"></a>_double_epilogue</STRONG> (Thumb, 156 bytes, Stack size 32 bytes, depilogue.o(.text))
<BR><BR>[Stack]<UL><LI>Max Depth = 40<LI>Call Chain = _double_epilogue &rArr; _double_round
</UL>
<BR>[Calls]<UL><LI><a href="#[46]">&gt;&gt;</a>&nbsp;&nbsp;&nbsp;__aeabi_llsr
<LI><a href="#[47]">&gt;&gt;</a>&nbsp;&nbsp;&nbsp;__aeabi_llsl
<LI><a href="#[55]">&gt;&gt;</a>&nbsp;&nbsp;&nbsp;_double_round
</UL>
<BR>[Called By]<UL><LI><a href="#[58]">&gt;&gt;</a>&nbsp;&nbsp;&nbsp;__aeabi_dmul
<LI><a href="#[52]">&gt;&gt;</a>&nbsp;&nbsp;&nbsp;__aeabi_dadd
</UL>

<P><STRONG><a name="[5c]"></a>__aeabi_ddiv</STRONG> (Thumb, 222 bytes, Stack size 32 bytes, ddiv.o(.text))
<BR><BR>[Stack]<UL><LI>Max Depth = 40<LI>Call Chain = __aeabi_ddiv &rArr; _double_round
</UL>
<BR>[Calls]<UL><LI><a href="#[55]">&gt;&gt;</a>&nbsp;&nbsp;&nbsp;_double_round
</UL>
<BR>[Called By]<UL><LI><a href="#[111]">&gt;&gt;</a>&nbsp;&nbsp;&nbsp;atan2
<LI><a href="#[110]">&gt;&gt;</a>&nbsp;&nbsp;&nbsp;asin
<LI><a href="#[11c]">&gt;&gt;</a>&nbsp;&nbsp;&nbsp;__mathlib_dbl_invalid
<LI><a href="#[125]">&gt;&gt;</a>&nbsp;&nbsp;&nbsp;atan
</UL>

<P><STRONG><a name="[11a]"></a>__ARM_scalbn</STRONG> (Thumb, 46 bytes, Stack size 16 bytes, dscalb.o(.text))
<BR><BR>[Stack]<UL><LI>Max Depth = 16<LI>Call Chain = __ARM_scalbn
</UL>
<BR>[Called By]<UL><LI><a href="#[110]">&gt;&gt;</a>&nbsp;&nbsp;&nbsp;asin
<LI><a href="#[11d]">&gt;&gt;</a>&nbsp;&nbsp;&nbsp;__mathlib_dbl_underflow
<LI><a href="#[119]">&gt;&gt;</a>&nbsp;&nbsp;&nbsp;__mathlib_dbl_infnan
<LI><a href="#[125]">&gt;&gt;</a>&nbsp;&nbsp;&nbsp;atan
</UL>

<P><STRONG><a name="[171]"></a>scalbn</STRONG> (Thumb, 0 bytes, Stack size 16 bytes, dscalb.o(.text), UNUSED)

<P><STRONG><a name="[44]"></a>__scatterload</STRONG> (Thumb, 28 bytes, Stack size 0 bytes, init.o(.text))
<BR><BR>[Calls]<UL><LI><a href="#[5d]">&gt;&gt;</a>&nbsp;&nbsp;&nbsp;__main_after_scatterload
</UL>
<BR>[Called By]<UL><LI><a href="#[43]">&gt;&gt;</a>&nbsp;&nbsp;&nbsp;_main_scatterload
</UL>

<P><STRONG><a name="[172]"></a>__scatterload_rt2</STRONG> (Thumb, 0 bytes, Stack size 0 bytes, init.o(.text), UNUSED)

<P><STRONG><a name="[173]"></a>__I$use$semihosting$fputc</STRONG> (Thumb, 0 bytes, Stack size 32 bytes, iusesemip.o(.text), UNUSED)

<P><STRONG><a name="[174]"></a>__semihosting_library_function</STRONG> (Thumb, 0 bytes, Stack size 32 bytes, semi.o(.text), UNUSED)

<P><STRONG><a name="[5e]"></a>_dsqrt</STRONG> (Thumb, 162 bytes, Stack size 32 bytes, dsqrt.o(.text))
<BR><BR>[Stack]<UL><LI>Max Depth = 40<LI>Call Chain = _dsqrt &rArr; _double_round
</UL>
<BR>[Calls]<UL><LI><a href="#[46]">&gt;&gt;</a>&nbsp;&nbsp;&nbsp;__aeabi_llsr
<LI><a href="#[55]">&gt;&gt;</a>&nbsp;&nbsp;&nbsp;_double_round
</UL>
<BR>[Called By]<UL><LI><a href="#[124]">&gt;&gt;</a>&nbsp;&nbsp;&nbsp;sqrt
</UL>

<P><STRONG><a name="[175]"></a>__decompress</STRONG> (Thumb, 0 bytes, Stack size unknown bytes, __dczerorl2.o(.text), UNUSED)

<P><STRONG><a name="[176]"></a>__decompress1</STRONG> (Thumb, 86 bytes, Stack size unknown bytes, __dczerorl2.o(.text), UNUSED)

<P><STRONG><a name="[cc]"></a>OSStartHighRdy</STRONG> (Thumb, 0 bytes, Stack size unknown bytes, os_cpu_a.o(CODE))
<BR><BR>[Called By]<UL><LI><a href="#[cb]">&gt;&gt;</a>&nbsp;&nbsp;&nbsp;OSStart
</UL>

<P><STRONG><a name="[8]"></a>PendSV_Handler</STRONG> (Thumb, 0 bytes, Stack size unknown bytes, os_cpu_a.o(CODE))
<BR>[Address Reference Count : 1]<UL><LI> startup_stm32f10x_md.o(RESET)
</UL>
<P><STRONG><a name="[42]"></a>ALLPID_task</STRONG> (Thumb, 258 bytes, Stack size 16 bytes, main.o(i.ALLPID_task))
<BR><BR>[Stack]<UL><LI>Max Depth = 116 + Unknown Stack Size
<LI>Call Chain = ALLPID_task &rArr; OLED_ShowNum &rArr; OLED_ShowChar &rArr; OLED_Set_Pos &rArr; OLED_WR_Byte
</UL>
<BR>[Calls]<UL><LI><a href="#[4c]">&gt;&gt;</a>&nbsp;&nbsp;&nbsp;__aeabi_fadd
<LI><a href="#[62]">&gt;&gt;</a>&nbsp;&nbsp;&nbsp;__aeabi_f2uiz
<LI><a href="#[61]">&gt;&gt;</a>&nbsp;&nbsp;&nbsp;__aeabi_cfcmple
<LI><a href="#[64]">&gt;&gt;</a>&nbsp;&nbsp;&nbsp;OSTimeDlyHMSM
<LI><a href="#[60]">&gt;&gt;</a>&nbsp;&nbsp;&nbsp;OLED_ShowString
<LI><a href="#[63]">&gt;&gt;</a>&nbsp;&nbsp;&nbsp;OLED_ShowNum
<LI><a href="#[5f]">&gt;&gt;</a>&nbsp;&nbsp;&nbsp;OLED_ShowCHinese
</UL>
<BR>[Address Reference Count : 1]<UL><LI> main.o(i.start_task)
</UL>
<P><STRONG><a name="[65]"></a>BSP_CPU_ClkFreq</STRONG> (Thumb, 16 bytes, Stack size 24 bytes, bsp.o(i.BSP_CPU_ClkFreq))
<BR><BR>[Stack]<UL><LI>Max Depth = 36<LI>Call Chain = BSP_CPU_ClkFreq &rArr; RCC_GetClocksFreq
</UL>
<BR>[Calls]<UL><LI><a href="#[66]">&gt;&gt;</a>&nbsp;&nbsp;&nbsp;RCC_GetClocksFreq
</UL>
<BR>[Called By]<UL><LI><a href="#[6e]">&gt;&gt;</a>&nbsp;&nbsp;&nbsp;CPU_TS_TmrInit
</UL>

<P><STRONG><a name="[67]"></a>CPU_Init</STRONG> (Thumb, 12 bytes, Stack size 8 bytes, cpu_core.o(i.CPU_Init))
<BR><BR>[Stack]<UL><LI>Max Depth = 60 + Unknown Stack Size
<LI>Call Chain = CPU_Init &rArr; CPU_TS_Init &rArr; CPU_TS_TmrInit &rArr; BSP_CPU_ClkFreq &rArr; RCC_GetClocksFreq
</UL>
<BR>[Calls]<UL><LI><a href="#[68]">&gt;&gt;</a>&nbsp;&nbsp;&nbsp;CPU_TS_Init
<LI><a href="#[69]">&gt;&gt;</a>&nbsp;&nbsp;&nbsp;CPU_NameInit
</UL>
<BR>[Called By]<UL><LI><a href="#[3f]">&gt;&gt;</a>&nbsp;&nbsp;&nbsp;start_task
</UL>

<P><STRONG><a name="[6a]"></a>CPU_NameClr</STRONG> (Thumb, 42 bytes, Stack size 8 bytes, cpu_core.o(i.CPU_NameClr))
<BR><BR>[Stack]<UL><LI>Max Depth = 44 + Unknown Stack Size
<LI>Call Chain = CPU_NameClr &rArr; Mem_Clr &rArr; Mem_Set
</UL>
<BR>[Calls]<UL><LI><a href="#[6b]">&gt;&gt;</a>&nbsp;&nbsp;&nbsp;CPU_SR_Save
<LI><a href="#[6d]">&gt;&gt;</a>&nbsp;&nbsp;&nbsp;CPU_SR_Restore
<LI><a href="#[6c]">&gt;&gt;</a>&nbsp;&nbsp;&nbsp;Mem_Clr
</UL>
<BR>[Called By]<UL><LI><a href="#[69]">&gt;&gt;</a>&nbsp;&nbsp;&nbsp;CPU_NameInit
</UL>

<P><STRONG><a name="[6f]"></a>CPU_TS_TmrFreqSet</STRONG> (Thumb, 6 bytes, Stack size 0 bytes, cpu_core.o(i.CPU_TS_TmrFreqSet))
<BR><BR>[Called By]<UL><LI><a href="#[6e]">&gt;&gt;</a>&nbsp;&nbsp;&nbsp;CPU_TS_TmrInit
</UL>

<P><STRONG><a name="[6e]"></a>CPU_TS_TmrInit</STRONG> (Thumb, 44 bytes, Stack size 8 bytes, bsp.o(i.CPU_TS_TmrInit))
<BR><BR>[Stack]<UL><LI>Max Depth = 44<LI>Call Chain = CPU_TS_TmrInit &rArr; BSP_CPU_ClkFreq &rArr; RCC_GetClocksFreq
</UL>
<BR>[Calls]<UL><LI><a href="#[6f]">&gt;&gt;</a>&nbsp;&nbsp;&nbsp;CPU_TS_TmrFreqSet
<LI><a href="#[65]">&gt;&gt;</a>&nbsp;&nbsp;&nbsp;BSP_CPU_ClkFreq
</UL>
<BR>[Called By]<UL><LI><a href="#[68]">&gt;&gt;</a>&nbsp;&nbsp;&nbsp;CPU_TS_Init
</UL>

<P><STRONG><a name="[ce]"></a>CPU_TS_TmrRd</STRONG> (Thumb, 6 bytes, Stack size 0 bytes, bsp.o(i.CPU_TS_TmrRd))
<BR><BR>[Called By]<UL><LI><a href="#[ec]">&gt;&gt;</a>&nbsp;&nbsp;&nbsp;OSTimeTick
<LI><a href="#[ca]">&gt;&gt;</a>&nbsp;&nbsp;&nbsp;OS_SchedLockTimeMeasStop
<LI><a href="#[c7]">&gt;&gt;</a>&nbsp;&nbsp;&nbsp;OS_SchedLockTimeMeasStart
<LI><a href="#[109]">&gt;&gt;</a>&nbsp;&nbsp;&nbsp;OS_TickListUpdate
<LI><a href="#[d6]">&gt;&gt;</a>&nbsp;&nbsp;&nbsp;OS_TaskInitTCB
<LI><a href="#[e7]">&gt;&gt;</a>&nbsp;&nbsp;&nbsp;OSTaskSemPend
<LI><a href="#[3b]">&gt;&gt;</a>&nbsp;&nbsp;&nbsp;OS_StatTask
<LI><a href="#[cd]">&gt;&gt;</a>&nbsp;&nbsp;&nbsp;OSStatReset
<LI><a href="#[3a]">&gt;&gt;</a>&nbsp;&nbsp;&nbsp;OS_IntQTask
<LI><a href="#[f2]">&gt;&gt;</a>&nbsp;&nbsp;&nbsp;OS_IntQRePost
<LI><a href="#[37]">&gt;&gt;</a>&nbsp;&nbsp;&nbsp;OSTaskSwHook
<LI><a href="#[3d]">&gt;&gt;</a>&nbsp;&nbsp;&nbsp;OS_TmrTask
</UL>

<P><STRONG><a name="[70]"></a>DMP_Init</STRONG> (Thumb, 148 bytes, Stack size 16 bytes, mpu6050.o(i.DMP_Init))
<BR><BR>[Stack]<UL><LI>Max Depth = 352 + Unknown Stack Size
<LI>Call Chain = DMP_Init &rArr; run_self_test &rArr; mpu_run_self_test &rArr; mpu_set_dmp_state &rArr; mpu_set_sample_rate &rArr; mpu_lp_accel_mode &rArr; mpu_configure_fifo &rArr; set_int_enable &rArr; i2cWrite &rArr; IIC_Wait_Ack &rArr; IIC_Stop &rArr; delay_us &rArr; delay_osschedunlock &rArr; OSSchedUnlock &rArr; OSSched &rArr; OS_PrioGetHighest
</UL>
<BR>[Calls]<UL><LI><a href="#[73]">&gt;&gt;</a>&nbsp;&nbsp;&nbsp;mpu_set_sensors
<LI><a href="#[75]">&gt;&gt;</a>&nbsp;&nbsp;&nbsp;mpu_set_sample_rate
<LI><a href="#[7c]">&gt;&gt;</a>&nbsp;&nbsp;&nbsp;mpu_set_dmp_state
<LI><a href="#[72]">&gt;&gt;</a>&nbsp;&nbsp;&nbsp;mpu_init
<LI><a href="#[74]">&gt;&gt;</a>&nbsp;&nbsp;&nbsp;mpu_configure_fifo
<LI><a href="#[78]">&gt;&gt;</a>&nbsp;&nbsp;&nbsp;dmp_set_orientation
<LI><a href="#[7a]">&gt;&gt;</a>&nbsp;&nbsp;&nbsp;dmp_set_fifo_rate
<LI><a href="#[76]">&gt;&gt;</a>&nbsp;&nbsp;&nbsp;dmp_load_motion_driver_firmware
<LI><a href="#[79]">&gt;&gt;</a>&nbsp;&nbsp;&nbsp;dmp_enable_feature
<LI><a href="#[7b]">&gt;&gt;</a>&nbsp;&nbsp;&nbsp;run_self_test
<LI><a href="#[77]">&gt;&gt;</a>&nbsp;&nbsp;&nbsp;inv_orientation_matrix_to_scalar
<LI><a href="#[71]">&gt;&gt;</a>&nbsp;&nbsp;&nbsp;IIC_Init
</UL>
<BR>[Called By]<UL><LI><a href="#[35]">&gt;&gt;</a>&nbsp;&nbsp;&nbsp;main
</UL>

<P><STRONG><a name="[21]"></a>EXTI9_5_IRQHandler</STRONG> (Thumb, 198 bytes, Stack size 8 bytes, allcontrol.o(i.EXTI9_5_IRQHandler))
<BR><BR>[Stack]<UL><LI>Max Depth = 344 + Unknown Stack Size
<LI>Call Chain = EXTI9_5_IRQHandler &rArr; Get_Angle &rArr; Read_DMP &rArr; dmp_read_fifo &rArr; mpu_read_fifo_stream &rArr; mpu_reset_fifo &rArr; i2cWrite &rArr; IIC_Wait_Ack &rArr; IIC_Stop &rArr; delay_us &rArr; delay_osschedunlock &rArr; OSSchedUnlock &rArr; OSSched &rArr; OS_PrioGetHighest
</UL>
<BR>[Calls]<UL><LI><a href="#[7e]">&gt;&gt;</a>&nbsp;&nbsp;&nbsp;Read_Encoder
<LI><a href="#[86]">&gt;&gt;</a>&nbsp;&nbsp;&nbsp;OSIntExit
<LI><a href="#[7d]">&gt;&gt;</a>&nbsp;&nbsp;&nbsp;OSIntEnter
<LI><a href="#[81]">&gt;&gt;</a>&nbsp;&nbsp;&nbsp;velocity
<LI><a href="#[82]">&gt;&gt;</a>&nbsp;&nbsp;&nbsp;turn
<LI><a href="#[80]">&gt;&gt;</a>&nbsp;&nbsp;&nbsp;balance
<LI><a href="#[83]">&gt;&gt;</a>&nbsp;&nbsp;&nbsp;Xianfu_Pwm
<LI><a href="#[84]">&gt;&gt;</a>&nbsp;&nbsp;&nbsp;Turn_Off
<LI><a href="#[85]">&gt;&gt;</a>&nbsp;&nbsp;&nbsp;Set_Pwm
<LI><a href="#[7f]">&gt;&gt;</a>&nbsp;&nbsp;&nbsp;Get_Angle
</UL>
<BR>[Address Reference Count : 1]<UL><LI> startup_stm32f10x_md.o(RESET)
</UL>
<P><STRONG><a name="[87]"></a>EXTI_Init</STRONG> (Thumb, 76 bytes, Stack size 8 bytes, exti.o(i.EXTI_Init))
<BR><BR>[Stack]<UL><LI>Max Depth = 32<LI>Call Chain = EXTI_Init &rArr; MY_NVIC_Init
</UL>
<BR>[Calls]<UL><LI><a href="#[89]">&gt;&gt;</a>&nbsp;&nbsp;&nbsp;MY_NVIC_Init
<LI><a href="#[88]">&gt;&gt;</a>&nbsp;&nbsp;&nbsp;Ex_NVIC_Config
</UL>
<BR>[Called By]<UL><LI><a href="#[35]">&gt;&gt;</a>&nbsp;&nbsp;&nbsp;main
</UL>

<P><STRONG><a name="[8a]"></a>Encoder_Init_TIM2</STRONG> (Thumb, 186 bytes, Stack size 8 bytes, timer.o(i.Encoder_Init_TIM2))
<BR><BR>[Stack]<UL><LI>Max Depth = 32<LI>Call Chain = Encoder_Init_TIM2 &rArr; MY_NVIC_Init
</UL>
<BR>[Calls]<UL><LI><a href="#[89]">&gt;&gt;</a>&nbsp;&nbsp;&nbsp;MY_NVIC_Init
</UL>
<BR>[Called By]<UL><LI><a href="#[35]">&gt;&gt;</a>&nbsp;&nbsp;&nbsp;main
</UL>

<P><STRONG><a name="[8b]"></a>Encoder_Init_TIM4</STRONG> (Thumb, 224 bytes, Stack size 8 bytes, timer.o(i.Encoder_Init_TIM4))
<BR><BR>[Stack]<UL><LI>Max Depth = 32<LI>Call Chain = Encoder_Init_TIM4 &rArr; MY_NVIC_Init
</UL>
<BR>[Calls]<UL><LI><a href="#[89]">&gt;&gt;</a>&nbsp;&nbsp;&nbsp;MY_NVIC_Init
</UL>
<BR>[Called By]<UL><LI><a href="#[35]">&gt;&gt;</a>&nbsp;&nbsp;&nbsp;main
</UL>

<P><STRONG><a name="[88]"></a>Ex_NVIC_Config</STRONG> (Thumb, 146 bytes, Stack size 16 bytes, sys.o(i.Ex_NVIC_Config))
<BR><BR>[Stack]<UL><LI>Max Depth = 16<LI>Call Chain = Ex_NVIC_Config
</UL>
<BR>[Called By]<UL><LI><a href="#[87]">&gt;&gt;</a>&nbsp;&nbsp;&nbsp;EXTI_Init
</UL>

<P><STRONG><a name="[7f]"></a>Get_Angle</STRONG> (Thumb, 64 bytes, Stack size 8 bytes, allcontrol.o(i.Get_Angle))
<BR><BR>[Stack]<UL><LI>Max Depth = 336 + Unknown Stack Size
<LI>Call Chain = Get_Angle &rArr; Read_DMP &rArr; dmp_read_fifo &rArr; mpu_read_fifo_stream &rArr; mpu_reset_fifo &rArr; i2cWrite &rArr; IIC_Wait_Ack &rArr; IIC_Stop &rArr; delay_us &rArr; delay_osschedunlock &rArr; OSSchedUnlock &rArr; OSSched &rArr; OS_PrioGetHighest
</UL>
<BR>[Calls]<UL><LI><a href="#[59]">&gt;&gt;</a>&nbsp;&nbsp;&nbsp;__aeabi_i2f
<LI><a href="#[8c]">&gt;&gt;</a>&nbsp;&nbsp;&nbsp;Read_DMP
</UL>
<BR>[Called By]<UL><LI><a href="#[21]">&gt;&gt;</a>&nbsp;&nbsp;&nbsp;EXTI9_5_IRQHandler
</UL>

<P><STRONG><a name="[8d]"></a>I2C_ReadOneByte</STRONG> (Thumb, 70 bytes, Stack size 16 bytes, mpuiic.o(i.I2C_ReadOneByte))
<BR><BR>[Stack]<UL><LI>Max Depth = 120 + Unknown Stack Size
<LI>Call Chain = I2C_ReadOneByte &rArr; IIC_Read_Byte &rArr; IIC_NAck &rArr; delay_us &rArr; delay_osschedunlock &rArr; OSSchedUnlock &rArr; OSSched &rArr; OS_PrioGetHighest
</UL>
<BR>[Calls]<UL><LI><a href="#[90]">&gt;&gt;</a>&nbsp;&nbsp;&nbsp;IIC_Wait_Ack
<LI><a href="#[92]">&gt;&gt;</a>&nbsp;&nbsp;&nbsp;IIC_Stop
<LI><a href="#[8e]">&gt;&gt;</a>&nbsp;&nbsp;&nbsp;IIC_Start
<LI><a href="#[8f]">&gt;&gt;</a>&nbsp;&nbsp;&nbsp;IIC_Send_Byte
<LI><a href="#[91]">&gt;&gt;</a>&nbsp;&nbsp;&nbsp;IIC_Read_Byte
</UL>
<BR>[Called By]<UL><LI><a href="#[96]">&gt;&gt;</a>&nbsp;&nbsp;&nbsp;IICreadByte
</UL>

<P><STRONG><a name="[93]"></a>IIC_Ack</STRONG> (Thumb, 64 bytes, Stack size 8 bytes, mpuiic.o(i.IIC_Ack))
<BR><BR>[Stack]<UL><LI>Max Depth = 88 + Unknown Stack Size
<LI>Call Chain = IIC_Ack &rArr; delay_us &rArr; delay_osschedunlock &rArr; OSSchedUnlock &rArr; OSSched &rArr; OS_PrioGetHighest
</UL>
<BR>[Calls]<UL><LI><a href="#[94]">&gt;&gt;</a>&nbsp;&nbsp;&nbsp;delay_us
</UL>
<BR>[Called By]<UL><LI><a href="#[91]">&gt;&gt;</a>&nbsp;&nbsp;&nbsp;IIC_Read_Byte
</UL>

<P><STRONG><a name="[71]"></a>IIC_Init</STRONG> (Thumb, 36 bytes, Stack size 0 bytes, mpuiic.o(i.IIC_Init))
<BR><BR>[Called By]<UL><LI><a href="#[70]">&gt;&gt;</a>&nbsp;&nbsp;&nbsp;DMP_Init
<LI><a href="#[35]">&gt;&gt;</a>&nbsp;&nbsp;&nbsp;main
</UL>

<P><STRONG><a name="[95]"></a>IIC_NAck</STRONG> (Thumb, 62 bytes, Stack size 8 bytes, mpuiic.o(i.IIC_NAck))
<BR><BR>[Stack]<UL><LI>Max Depth = 88 + Unknown Stack Size
<LI>Call Chain = IIC_NAck &rArr; delay_us &rArr; delay_osschedunlock &rArr; OSSchedUnlock &rArr; OSSched &rArr; OS_PrioGetHighest
</UL>
<BR>[Calls]<UL><LI><a href="#[94]">&gt;&gt;</a>&nbsp;&nbsp;&nbsp;delay_us
</UL>
<BR>[Called By]<UL><LI><a href="#[91]">&gt;&gt;</a>&nbsp;&nbsp;&nbsp;IIC_Read_Byte
</UL>

<P><STRONG><a name="[91]"></a>IIC_Read_Byte</STRONG> (Thumb, 98 bytes, Stack size 16 bytes, mpuiic.o(i.IIC_Read_Byte))
<BR><BR>[Stack]<UL><LI>Max Depth = 104 + Unknown Stack Size
<LI>Call Chain = IIC_Read_Byte &rArr; IIC_NAck &rArr; delay_us &rArr; delay_osschedunlock &rArr; OSSchedUnlock &rArr; OSSched &rArr; OS_PrioGetHighest
</UL>
<BR>[Calls]<UL><LI><a href="#[94]">&gt;&gt;</a>&nbsp;&nbsp;&nbsp;delay_us
<LI><a href="#[95]">&gt;&gt;</a>&nbsp;&nbsp;&nbsp;IIC_NAck
<LI><a href="#[93]">&gt;&gt;</a>&nbsp;&nbsp;&nbsp;IIC_Ack
</UL>
<BR>[Called By]<UL><LI><a href="#[8d]">&gt;&gt;</a>&nbsp;&nbsp;&nbsp;I2C_ReadOneByte
<LI><a href="#[13f]">&gt;&gt;</a>&nbsp;&nbsp;&nbsp;i2cRead
</UL>

<P><STRONG><a name="[8f]"></a>IIC_Send_Byte</STRONG> (Thumb, 88 bytes, Stack size 16 bytes, mpuiic.o(i.IIC_Send_Byte))
<BR><BR>[Stack]<UL><LI>Max Depth = 96 + Unknown Stack Size
<LI>Call Chain = IIC_Send_Byte &rArr; delay_us &rArr; delay_osschedunlock &rArr; OSSchedUnlock &rArr; OSSched &rArr; OS_PrioGetHighest
</UL>
<BR>[Calls]<UL><LI><a href="#[94]">&gt;&gt;</a>&nbsp;&nbsp;&nbsp;delay_us
</UL>
<BR>[Called By]<UL><LI><a href="#[8d]">&gt;&gt;</a>&nbsp;&nbsp;&nbsp;I2C_ReadOneByte
<LI><a href="#[141]">&gt;&gt;</a>&nbsp;&nbsp;&nbsp;i2cWrite
<LI><a href="#[13f]">&gt;&gt;</a>&nbsp;&nbsp;&nbsp;i2cRead
<LI><a href="#[9a]">&gt;&gt;</a>&nbsp;&nbsp;&nbsp;IICwriteBytes
</UL>

<P><STRONG><a name="[8e]"></a>IIC_Start</STRONG> (Thumb, 92 bytes, Stack size 8 bytes, mpuiic.o(i.IIC_Start))
<BR><BR>[Stack]<UL><LI>Max Depth = 88 + Unknown Stack Size
<LI>Call Chain = IIC_Start &rArr; delay_us &rArr; delay_osschedunlock &rArr; OSSchedUnlock &rArr; OSSched &rArr; OS_PrioGetHighest
</UL>
<BR>[Calls]<UL><LI><a href="#[94]">&gt;&gt;</a>&nbsp;&nbsp;&nbsp;delay_us
</UL>
<BR>[Called By]<UL><LI><a href="#[8d]">&gt;&gt;</a>&nbsp;&nbsp;&nbsp;I2C_ReadOneByte
<LI><a href="#[141]">&gt;&gt;</a>&nbsp;&nbsp;&nbsp;i2cWrite
<LI><a href="#[13f]">&gt;&gt;</a>&nbsp;&nbsp;&nbsp;i2cRead
<LI><a href="#[9a]">&gt;&gt;</a>&nbsp;&nbsp;&nbsp;IICwriteBytes
</UL>

<P><STRONG><a name="[92]"></a>IIC_Stop</STRONG> (Thumb, 60 bytes, Stack size 8 bytes, mpuiic.o(i.IIC_Stop))
<BR><BR>[Stack]<UL><LI>Max Depth = 88 + Unknown Stack Size
<LI>Call Chain = IIC_Stop &rArr; delay_us &rArr; delay_osschedunlock &rArr; OSSchedUnlock &rArr; OSSched &rArr; OS_PrioGetHighest
</UL>
<BR>[Calls]<UL><LI><a href="#[94]">&gt;&gt;</a>&nbsp;&nbsp;&nbsp;delay_us
</UL>
<BR>[Called By]<UL><LI><a href="#[8d]">&gt;&gt;</a>&nbsp;&nbsp;&nbsp;I2C_ReadOneByte
<LI><a href="#[141]">&gt;&gt;</a>&nbsp;&nbsp;&nbsp;i2cWrite
<LI><a href="#[13f]">&gt;&gt;</a>&nbsp;&nbsp;&nbsp;i2cRead
<LI><a href="#[9a]">&gt;&gt;</a>&nbsp;&nbsp;&nbsp;IICwriteBytes
<LI><a href="#[90]">&gt;&gt;</a>&nbsp;&nbsp;&nbsp;IIC_Wait_Ack
</UL>

<P><STRONG><a name="[90]"></a>IIC_Wait_Ack</STRONG> (Thumb, 92 bytes, Stack size 8 bytes, mpuiic.o(i.IIC_Wait_Ack))
<BR><BR>[Stack]<UL><LI>Max Depth = 96 + Unknown Stack Size
<LI>Call Chain = IIC_Wait_Ack &rArr; IIC_Stop &rArr; delay_us &rArr; delay_osschedunlock &rArr; OSSchedUnlock &rArr; OSSched &rArr; OS_PrioGetHighest
</UL>
<BR>[Calls]<UL><LI><a href="#[94]">&gt;&gt;</a>&nbsp;&nbsp;&nbsp;delay_us
<LI><a href="#[92]">&gt;&gt;</a>&nbsp;&nbsp;&nbsp;IIC_Stop
</UL>
<BR>[Called By]<UL><LI><a href="#[8d]">&gt;&gt;</a>&nbsp;&nbsp;&nbsp;I2C_ReadOneByte
<LI><a href="#[141]">&gt;&gt;</a>&nbsp;&nbsp;&nbsp;i2cWrite
<LI><a href="#[13f]">&gt;&gt;</a>&nbsp;&nbsp;&nbsp;i2cRead
<LI><a href="#[9a]">&gt;&gt;</a>&nbsp;&nbsp;&nbsp;IICwriteBytes
</UL>

<P><STRONG><a name="[96]"></a>IICreadByte</STRONG> (Thumb, 22 bytes, Stack size 16 bytes, mpuiic.o(i.IICreadByte))
<BR><BR>[Stack]<UL><LI>Max Depth = 136 + Unknown Stack Size
<LI>Call Chain = IICreadByte &rArr; I2C_ReadOneByte &rArr; IIC_Read_Byte &rArr; IIC_NAck &rArr; delay_us &rArr; delay_osschedunlock &rArr; OSSchedUnlock &rArr; OSSched &rArr; OS_PrioGetHighest
</UL>
<BR>[Calls]<UL><LI><a href="#[8d]">&gt;&gt;</a>&nbsp;&nbsp;&nbsp;I2C_ReadOneByte
</UL>
<BR>[Called By]<UL><LI><a href="#[99]">&gt;&gt;</a>&nbsp;&nbsp;&nbsp;IICwriteBits
<LI><a href="#[97]">&gt;&gt;</a>&nbsp;&nbsp;&nbsp;IICwriteBit
</UL>

<P><STRONG><a name="[97]"></a>IICwriteBit</STRONG> (Thumb, 64 bytes, Stack size 24 bytes, mpuiic.o(i.IICwriteBit))
<BR><BR>[Stack]<UL><LI>Max Depth = 168 + Unknown Stack Size
<LI>Call Chain = IICwriteBit &rArr; IICwriteByte &rArr; IICwriteBytes &rArr; IIC_Wait_Ack &rArr; IIC_Stop &rArr; delay_us &rArr; delay_osschedunlock &rArr; OSSchedUnlock &rArr; OSSched &rArr; OS_PrioGetHighest
</UL>
<BR>[Calls]<UL><LI><a href="#[98]">&gt;&gt;</a>&nbsp;&nbsp;&nbsp;IICwriteByte
<LI><a href="#[96]">&gt;&gt;</a>&nbsp;&nbsp;&nbsp;IICreadByte
</UL>
<BR>[Called By]<UL><LI><a href="#[a0]">&gt;&gt;</a>&nbsp;&nbsp;&nbsp;MPU6050_setSleepEnabled
<LI><a href="#[a1]">&gt;&gt;</a>&nbsp;&nbsp;&nbsp;MPU6050_setI2CMasterModeEnabled
<LI><a href="#[a2]">&gt;&gt;</a>&nbsp;&nbsp;&nbsp;MPU6050_setI2CBypassEnabled
</UL>

<P><STRONG><a name="[99]"></a>IICwriteBits</STRONG> (Thumb, 106 bytes, Stack size 32 bytes, mpuiic.o(i.IICwriteBits))
<BR><BR>[Stack]<UL><LI>Max Depth = 176 + Unknown Stack Size
<LI>Call Chain = IICwriteBits &rArr; IICwriteByte &rArr; IICwriteBytes &rArr; IIC_Wait_Ack &rArr; IIC_Stop &rArr; delay_us &rArr; delay_osschedunlock &rArr; OSSchedUnlock &rArr; OSSched &rArr; OS_PrioGetHighest
</UL>
<BR>[Calls]<UL><LI><a href="#[98]">&gt;&gt;</a>&nbsp;&nbsp;&nbsp;IICwriteByte
<LI><a href="#[96]">&gt;&gt;</a>&nbsp;&nbsp;&nbsp;IICreadByte
</UL>
<BR>[Called By]<UL><LI><a href="#[9e]">&gt;&gt;</a>&nbsp;&nbsp;&nbsp;MPU6050_setFullScaleGyroRange
<LI><a href="#[9f]">&gt;&gt;</a>&nbsp;&nbsp;&nbsp;MPU6050_setFullScaleAccelRange
<LI><a href="#[9d]">&gt;&gt;</a>&nbsp;&nbsp;&nbsp;MPU6050_setClockSource
</UL>

<P><STRONG><a name="[98]"></a>IICwriteByte</STRONG> (Thumb, 20 bytes, Stack size 24 bytes, mpuiic.o(i.IICwriteByte))
<BR><BR>[Stack]<UL><LI>Max Depth = 144 + Unknown Stack Size
<LI>Call Chain = IICwriteByte &rArr; IICwriteBytes &rArr; IIC_Wait_Ack &rArr; IIC_Stop &rArr; delay_us &rArr; delay_osschedunlock &rArr; OSSchedUnlock &rArr; OSSched &rArr; OS_PrioGetHighest
</UL>
<BR>[Calls]<UL><LI><a href="#[9a]">&gt;&gt;</a>&nbsp;&nbsp;&nbsp;IICwriteBytes
</UL>
<BR>[Called By]<UL><LI><a href="#[99]">&gt;&gt;</a>&nbsp;&nbsp;&nbsp;IICwriteBits
<LI><a href="#[97]">&gt;&gt;</a>&nbsp;&nbsp;&nbsp;IICwriteBit
</UL>

<P><STRONG><a name="[9a]"></a>IICwriteBytes</STRONG> (Thumb, 70 bytes, Stack size 24 bytes, mpuiic.o(i.IICwriteBytes))
<BR><BR>[Stack]<UL><LI>Max Depth = 120 + Unknown Stack Size
<LI>Call Chain = IICwriteBytes &rArr; IIC_Wait_Ack &rArr; IIC_Stop &rArr; delay_us &rArr; delay_osschedunlock &rArr; OSSchedUnlock &rArr; OSSched &rArr; OS_PrioGetHighest
</UL>
<BR>[Calls]<UL><LI><a href="#[90]">&gt;&gt;</a>&nbsp;&nbsp;&nbsp;IIC_Wait_Ack
<LI><a href="#[92]">&gt;&gt;</a>&nbsp;&nbsp;&nbsp;IIC_Stop
<LI><a href="#[8e]">&gt;&gt;</a>&nbsp;&nbsp;&nbsp;IIC_Start
<LI><a href="#[8f]">&gt;&gt;</a>&nbsp;&nbsp;&nbsp;IIC_Send_Byte
</UL>
<BR>[Called By]<UL><LI><a href="#[98]">&gt;&gt;</a>&nbsp;&nbsp;&nbsp;IICwriteByte
</UL>

<P><STRONG><a name="[41]"></a>KEY_task</STRONG> (Thumb, 82 bytes, Stack size 16 bytes, main.o(i.KEY_task))
<BR><BR>[Stack]<UL><LI>Max Depth = 116 + Unknown Stack Size
<LI>Call Chain = KEY_task &rArr; OLED_ShowNum &rArr; OLED_ShowChar &rArr; OLED_Set_Pos &rArr; OLED_WR_Byte
</UL>
<BR>[Calls]<UL><LI><a href="#[9b]">&gt;&gt;</a>&nbsp;&nbsp;&nbsp;key_scan
<LI><a href="#[64]">&gt;&gt;</a>&nbsp;&nbsp;&nbsp;OSTimeDlyHMSM
<LI><a href="#[63]">&gt;&gt;</a>&nbsp;&nbsp;&nbsp;OLED_ShowNum
</UL>
<BR>[Address Reference Count : 1]<UL><LI> main.o(i.start_task)
</UL>
<P><STRONG><a name="[146]"></a>LED_Init</STRONG> (Thumb, 52 bytes, Stack size 0 bytes, led.o(i.LED_Init))
<BR><BR>[Called By]<UL><LI><a href="#[35]">&gt;&gt;</a>&nbsp;&nbsp;&nbsp;main
</UL>

<P><STRONG><a name="[40]"></a>LED_task</STRONG> (Thumb, 42 bytes, Stack size 16 bytes, main.o(i.LED_task))
<BR><BR>[Stack]<UL><LI>Max Depth = 108 + Unknown Stack Size
<LI>Call Chain = LED_task &rArr; OSTimeDlyHMSM &rArr; OS_TickListInsert
</UL>
<BR>[Calls]<UL><LI><a href="#[64]">&gt;&gt;</a>&nbsp;&nbsp;&nbsp;OSTimeDlyHMSM
</UL>
<BR>[Address Reference Count : 1]<UL><LI> main.o(i.start_task)
</UL>
<P><STRONG><a name="[9c]"></a>MPU6050_initialize</STRONG> (Thumb, 40 bytes, Stack size 8 bytes, mpu6050.o(i.MPU6050_initialize))
<BR><BR>[Stack]<UL><LI>Max Depth = 200 + Unknown Stack Size
<LI>Call Chain = MPU6050_initialize &rArr; MPU6050_setFullScaleGyroRange &rArr; IICwriteBits &rArr; IICwriteByte &rArr; IICwriteBytes &rArr; IIC_Wait_Ack &rArr; IIC_Stop &rArr; delay_us &rArr; delay_osschedunlock &rArr; OSSchedUnlock &rArr; OSSched &rArr; OS_PrioGetHighest
</UL>
<BR>[Calls]<UL><LI><a href="#[a0]">&gt;&gt;</a>&nbsp;&nbsp;&nbsp;MPU6050_setSleepEnabled
<LI><a href="#[a1]">&gt;&gt;</a>&nbsp;&nbsp;&nbsp;MPU6050_setI2CMasterModeEnabled
<LI><a href="#[a2]">&gt;&gt;</a>&nbsp;&nbsp;&nbsp;MPU6050_setI2CBypassEnabled
<LI><a href="#[9e]">&gt;&gt;</a>&nbsp;&nbsp;&nbsp;MPU6050_setFullScaleGyroRange
<LI><a href="#[9f]">&gt;&gt;</a>&nbsp;&nbsp;&nbsp;MPU6050_setFullScaleAccelRange
<LI><a href="#[9d]">&gt;&gt;</a>&nbsp;&nbsp;&nbsp;MPU6050_setClockSource
</UL>
<BR>[Called By]<UL><LI><a href="#[35]">&gt;&gt;</a>&nbsp;&nbsp;&nbsp;main
</UL>

<P><STRONG><a name="[9d]"></a>MPU6050_setClockSource</STRONG> (Thumb, 20 bytes, Stack size 16 bytes, mpu6050.o(i.MPU6050_setClockSource))
<BR><BR>[Stack]<UL><LI>Max Depth = 192 + Unknown Stack Size
<LI>Call Chain = MPU6050_setClockSource &rArr; IICwriteBits &rArr; IICwriteByte &rArr; IICwriteBytes &rArr; IIC_Wait_Ack &rArr; IIC_Stop &rArr; delay_us &rArr; delay_osschedunlock &rArr; OSSchedUnlock &rArr; OSSched &rArr; OS_PrioGetHighest
</UL>
<BR>[Calls]<UL><LI><a href="#[99]">&gt;&gt;</a>&nbsp;&nbsp;&nbsp;IICwriteBits
</UL>
<BR>[Called By]<UL><LI><a href="#[9c]">&gt;&gt;</a>&nbsp;&nbsp;&nbsp;MPU6050_initialize
</UL>

<P><STRONG><a name="[9f]"></a>MPU6050_setFullScaleAccelRange</STRONG> (Thumb, 20 bytes, Stack size 16 bytes, mpu6050.o(i.MPU6050_setFullScaleAccelRange))
<BR><BR>[Stack]<UL><LI>Max Depth = 192 + Unknown Stack Size
<LI>Call Chain = MPU6050_setFullScaleAccelRange &rArr; IICwriteBits &rArr; IICwriteByte &rArr; IICwriteBytes &rArr; IIC_Wait_Ack &rArr; IIC_Stop &rArr; delay_us &rArr; delay_osschedunlock &rArr; OSSchedUnlock &rArr; OSSched &rArr; OS_PrioGetHighest
</UL>
<BR>[Calls]<UL><LI><a href="#[99]">&gt;&gt;</a>&nbsp;&nbsp;&nbsp;IICwriteBits
</UL>
<BR>[Called By]<UL><LI><a href="#[9c]">&gt;&gt;</a>&nbsp;&nbsp;&nbsp;MPU6050_initialize
</UL>

<P><STRONG><a name="[9e]"></a>MPU6050_setFullScaleGyroRange</STRONG> (Thumb, 20 bytes, Stack size 16 bytes, mpu6050.o(i.MPU6050_setFullScaleGyroRange))
<BR><BR>[Stack]<UL><LI>Max Depth = 192 + Unknown Stack Size
<LI>Call Chain = MPU6050_setFullScaleGyroRange &rArr; IICwriteBits &rArr; IICwriteByte &rArr; IICwriteBytes &rArr; IIC_Wait_Ack &rArr; IIC_Stop &rArr; delay_us &rArr; delay_osschedunlock &rArr; OSSchedUnlock &rArr; OSSched &rArr; OS_PrioGetHighest
</UL>
<BR>[Calls]<UL><LI><a href="#[99]">&gt;&gt;</a>&nbsp;&nbsp;&nbsp;IICwriteBits
</UL>
<BR>[Called By]<UL><LI><a href="#[9c]">&gt;&gt;</a>&nbsp;&nbsp;&nbsp;MPU6050_initialize
</UL>

<P><STRONG><a name="[a2]"></a>MPU6050_setI2CBypassEnabled</STRONG> (Thumb, 18 bytes, Stack size 8 bytes, mpu6050.o(i.MPU6050_setI2CBypassEnabled))
<BR><BR>[Stack]<UL><LI>Max Depth = 176 + Unknown Stack Size
<LI>Call Chain = MPU6050_setI2CBypassEnabled &rArr; IICwriteBit &rArr; IICwriteByte &rArr; IICwriteBytes &rArr; IIC_Wait_Ack &rArr; IIC_Stop &rArr; delay_us &rArr; delay_osschedunlock &rArr; OSSchedUnlock &rArr; OSSched &rArr; OS_PrioGetHighest
</UL>
<BR>[Calls]<UL><LI><a href="#[97]">&gt;&gt;</a>&nbsp;&nbsp;&nbsp;IICwriteBit
</UL>
<BR>[Called By]<UL><LI><a href="#[9c]">&gt;&gt;</a>&nbsp;&nbsp;&nbsp;MPU6050_initialize
</UL>

<P><STRONG><a name="[a1]"></a>MPU6050_setI2CMasterModeEnabled</STRONG> (Thumb, 18 bytes, Stack size 8 bytes, mpu6050.o(i.MPU6050_setI2CMasterModeEnabled))
<BR><BR>[Stack]<UL><LI>Max Depth = 176 + Unknown Stack Size
<LI>Call Chain = MPU6050_setI2CMasterModeEnabled &rArr; IICwriteBit &rArr; IICwriteByte &rArr; IICwriteBytes &rArr; IIC_Wait_Ack &rArr; IIC_Stop &rArr; delay_us &rArr; delay_osschedunlock &rArr; OSSchedUnlock &rArr; OSSched &rArr; OS_PrioGetHighest
</UL>
<BR>[Calls]<UL><LI><a href="#[97]">&gt;&gt;</a>&nbsp;&nbsp;&nbsp;IICwriteBit
</UL>
<BR>[Called By]<UL><LI><a href="#[9c]">&gt;&gt;</a>&nbsp;&nbsp;&nbsp;MPU6050_initialize
</UL>

<P><STRONG><a name="[a0]"></a>MPU6050_setSleepEnabled</STRONG> (Thumb, 18 bytes, Stack size 8 bytes, mpu6050.o(i.MPU6050_setSleepEnabled))
<BR><BR>[Stack]<UL><LI>Max Depth = 176 + Unknown Stack Size
<LI>Call Chain = MPU6050_setSleepEnabled &rArr; IICwriteBit &rArr; IICwriteByte &rArr; IICwriteBytes &rArr; IIC_Wait_Ack &rArr; IIC_Stop &rArr; delay_us &rArr; delay_osschedunlock &rArr; OSSchedUnlock &rArr; OSSched &rArr; OS_PrioGetHighest
</UL>
<BR>[Calls]<UL><LI><a href="#[97]">&gt;&gt;</a>&nbsp;&nbsp;&nbsp;IICwriteBit
</UL>
<BR>[Called By]<UL><LI><a href="#[9c]">&gt;&gt;</a>&nbsp;&nbsp;&nbsp;MPU6050_initialize
</UL>

<P><STRONG><a name="[a3]"></a>MYDMA_Config</STRONG> (Thumb, 82 bytes, Stack size 4 bytes, usart.o(i.MYDMA_Config))
<BR><BR>[Stack]<UL><LI>Max Depth = 4<LI>Call Chain = MYDMA_Config
</UL>
<BR>[Calls]<UL><LI><a href="#[a4]">&gt;&gt;</a>&nbsp;&nbsp;&nbsp;MYDMA_Enable
</UL>
<BR>[Called By]<UL><LI><a href="#[35]">&gt;&gt;</a>&nbsp;&nbsp;&nbsp;main
</UL>

<P><STRONG><a name="[a4]"></a>MYDMA_Enable</STRONG> (Thumb, 22 bytes, Stack size 0 bytes, usart.o(i.MYDMA_Enable))
<BR><BR>[Called By]<UL><LI><a href="#[2f]">&gt;&gt;</a>&nbsp;&nbsp;&nbsp;USART1_IRQHandler
<LI><a href="#[a3]">&gt;&gt;</a>&nbsp;&nbsp;&nbsp;MYDMA_Config
</UL>

<P><STRONG><a name="[a5]"></a>MYRCC_DeInit</STRONG> (Thumb, 90 bytes, Stack size 4 bytes, sys.o(i.MYRCC_DeInit))
<BR><BR>[Stack]<UL><LI>Max Depth = 4<LI>Call Chain = MYRCC_DeInit
</UL>
<BR>[Calls]<UL><LI><a href="#[a6]">&gt;&gt;</a>&nbsp;&nbsp;&nbsp;MY_NVIC_SetVectorTable
</UL>
<BR>[Called By]<UL><LI><a href="#[113]">&gt;&gt;</a>&nbsp;&nbsp;&nbsp;Stm32_Clock_Init
</UL>

<P><STRONG><a name="[89]"></a>MY_NVIC_Init</STRONG> (Thumb, 116 bytes, Stack size 24 bytes, sys.o(i.MY_NVIC_Init))
<BR><BR>[Stack]<UL><LI>Max Depth = 24<LI>Call Chain = MY_NVIC_Init
</UL>
<BR>[Calls]<UL><LI><a href="#[a7]">&gt;&gt;</a>&nbsp;&nbsp;&nbsp;MY_NVIC_PriorityGroupConfig
</UL>
<BR>[Called By]<UL><LI><a href="#[145]">&gt;&gt;</a>&nbsp;&nbsp;&nbsp;uart_init
<LI><a href="#[8b]">&gt;&gt;</a>&nbsp;&nbsp;&nbsp;Encoder_Init_TIM4
<LI><a href="#[8a]">&gt;&gt;</a>&nbsp;&nbsp;&nbsp;Encoder_Init_TIM2
<LI><a href="#[87]">&gt;&gt;</a>&nbsp;&nbsp;&nbsp;EXTI_Init
</UL>

<P><STRONG><a name="[a7]"></a>MY_NVIC_PriorityGroupConfig</STRONG> (Thumb, 32 bytes, Stack size 0 bytes, sys.o(i.MY_NVIC_PriorityGroupConfig))
<BR><BR>[Called By]<UL><LI><a href="#[89]">&gt;&gt;</a>&nbsp;&nbsp;&nbsp;MY_NVIC_Init
</UL>

<P><STRONG><a name="[a6]"></a>MY_NVIC_SetVectorTable</STRONG> (Thumb, 12 bytes, Stack size 0 bytes, sys.o(i.MY_NVIC_SetVectorTable))
<BR><BR>[Called By]<UL><LI><a href="#[a5]">&gt;&gt;</a>&nbsp;&nbsp;&nbsp;MYRCC_DeInit
</UL>

<P><STRONG><a name="[6c]"></a>Mem_Clr</STRONG> (Thumb, 18 bytes, Stack size 12 bytes, lib_mem.o(i.Mem_Clr))
<BR><BR>[Stack]<UL><LI>Max Depth = 36<LI>Call Chain = Mem_Clr &rArr; Mem_Set
</UL>
<BR>[Calls]<UL><LI><a href="#[a8]">&gt;&gt;</a>&nbsp;&nbsp;&nbsp;Mem_Set
</UL>
<BR>[Called By]<UL><LI><a href="#[6a]">&gt;&gt;</a>&nbsp;&nbsp;&nbsp;CPU_NameClr
</UL>

<P><STRONG><a name="[a8]"></a>Mem_Set</STRONG> (Thumb, 84 bytes, Stack size 24 bytes, lib_mem.o(i.Mem_Set))
<BR><BR>[Stack]<UL><LI>Max Depth = 24<LI>Call Chain = Mem_Set
</UL>
<BR>[Called By]<UL><LI><a href="#[6c]">&gt;&gt;</a>&nbsp;&nbsp;&nbsp;Mem_Clr
</UL>

<P><STRONG><a name="[aa]"></a>MiniBalance_Motor_Init</STRONG> (Thumb, 36 bytes, Stack size 0 bytes, timer.o(i.MiniBalance_Motor_Init))
<BR><BR>[Called By]<UL><LI><a href="#[a9]">&gt;&gt;</a>&nbsp;&nbsp;&nbsp;MiniBalance_PWM_Init
<LI><a href="#[35]">&gt;&gt;</a>&nbsp;&nbsp;&nbsp;main
</UL>

<P><STRONG><a name="[a9]"></a>MiniBalance_PWM_Init</STRONG> (Thumb, 184 bytes, Stack size 4 bytes, timer.o(i.MiniBalance_PWM_Init))
<BR><BR>[Stack]<UL><LI>Max Depth = 4<LI>Call Chain = MiniBalance_PWM_Init
</UL>
<BR>[Calls]<UL><LI><a href="#[aa]">&gt;&gt;</a>&nbsp;&nbsp;&nbsp;MiniBalance_Motor_Init
</UL>
<BR>[Called By]<UL><LI><a href="#[35]">&gt;&gt;</a>&nbsp;&nbsp;&nbsp;main
</UL>

<P><STRONG><a name="[ab]"></a>OLED_Clear</STRONG> (Thumb, 64 bytes, Stack size 12 bytes, oled.o(i.OLED_Clear))
<BR><BR>[Stack]<UL><LI>Max Depth = 20<LI>Call Chain = OLED_Clear &rArr; OLED_WR_Byte
</UL>
<BR>[Calls]<UL><LI><a href="#[ac]">&gt;&gt;</a>&nbsp;&nbsp;&nbsp;OLED_WR_Byte
</UL>
<BR>[Called By]<UL><LI><a href="#[ad]">&gt;&gt;</a>&nbsp;&nbsp;&nbsp;OLED_Init
<LI><a href="#[35]">&gt;&gt;</a>&nbsp;&nbsp;&nbsp;main
</UL>

<P><STRONG><a name="[ad]"></a>OLED_Init</STRONG> (Thumb, 356 bytes, Stack size 8 bytes, oled.o(i.OLED_Init))
<BR><BR>[Stack]<UL><LI>Max Depth = 104 + Unknown Stack Size
<LI>Call Chain = OLED_Init &rArr; delay_ms &rArr; delay_us &rArr; delay_osschedunlock &rArr; OSSchedUnlock &rArr; OSSched &rArr; OS_PrioGetHighest
</UL>
<BR>[Calls]<UL><LI><a href="#[ac]">&gt;&gt;</a>&nbsp;&nbsp;&nbsp;OLED_WR_Byte
<LI><a href="#[af]">&gt;&gt;</a>&nbsp;&nbsp;&nbsp;OLED_Set_Pos
<LI><a href="#[ae]">&gt;&gt;</a>&nbsp;&nbsp;&nbsp;delay_ms
<LI><a href="#[ab]">&gt;&gt;</a>&nbsp;&nbsp;&nbsp;OLED_Clear
</UL>
<BR>[Called By]<UL><LI><a href="#[35]">&gt;&gt;</a>&nbsp;&nbsp;&nbsp;main
</UL>

<P><STRONG><a name="[af]"></a>OLED_Set_Pos</STRONG> (Thumb, 46 bytes, Stack size 12 bytes, oled.o(i.OLED_Set_Pos))
<BR><BR>[Stack]<UL><LI>Max Depth = 20<LI>Call Chain = OLED_Set_Pos &rArr; OLED_WR_Byte
</UL>
<BR>[Calls]<UL><LI><a href="#[ac]">&gt;&gt;</a>&nbsp;&nbsp;&nbsp;OLED_WR_Byte
</UL>
<BR>[Called By]<UL><LI><a href="#[b0]">&gt;&gt;</a>&nbsp;&nbsp;&nbsp;OLED_ShowChar
<LI><a href="#[5f]">&gt;&gt;</a>&nbsp;&nbsp;&nbsp;OLED_ShowCHinese
<LI><a href="#[ad]">&gt;&gt;</a>&nbsp;&nbsp;&nbsp;OLED_Init
</UL>

<P><STRONG><a name="[5f]"></a>OLED_ShowCHinese</STRONG> (Thumb, 98 bytes, Stack size 24 bytes, oled.o(i.OLED_ShowCHinese))
<BR><BR>[Stack]<UL><LI>Max Depth = 44<LI>Call Chain = OLED_ShowCHinese &rArr; OLED_Set_Pos &rArr; OLED_WR_Byte
</UL>
<BR>[Calls]<UL><LI><a href="#[ac]">&gt;&gt;</a>&nbsp;&nbsp;&nbsp;OLED_WR_Byte
<LI><a href="#[af]">&gt;&gt;</a>&nbsp;&nbsp;&nbsp;OLED_Set_Pos
</UL>
<BR>[Called By]<UL><LI><a href="#[42]">&gt;&gt;</a>&nbsp;&nbsp;&nbsp;ALLPID_task
</UL>

<P><STRONG><a name="[b0]"></a>OLED_ShowChar</STRONG> (Thumb, 154 bytes, Stack size 28 bytes, oled.o(i.OLED_ShowChar))
<BR><BR>[Stack]<UL><LI>Max Depth = 48<LI>Call Chain = OLED_ShowChar &rArr; OLED_Set_Pos &rArr; OLED_WR_Byte
</UL>
<BR>[Calls]<UL><LI><a href="#[ac]">&gt;&gt;</a>&nbsp;&nbsp;&nbsp;OLED_WR_Byte
<LI><a href="#[af]">&gt;&gt;</a>&nbsp;&nbsp;&nbsp;OLED_Set_Pos
</UL>
<BR>[Called By]<UL><LI><a href="#[60]">&gt;&gt;</a>&nbsp;&nbsp;&nbsp;OLED_ShowString
<LI><a href="#[63]">&gt;&gt;</a>&nbsp;&nbsp;&nbsp;OLED_ShowNum
</UL>

<P><STRONG><a name="[63]"></a>OLED_ShowNum</STRONG> (Thumb, 136 bytes, Stack size 52 bytes, oled.o(i.OLED_ShowNum))
<BR><BR>[Stack]<UL><LI>Max Depth = 100<LI>Call Chain = OLED_ShowNum &rArr; OLED_ShowChar &rArr; OLED_Set_Pos &rArr; OLED_WR_Byte
</UL>
<BR>[Calls]<UL><LI><a href="#[b1]">&gt;&gt;</a>&nbsp;&nbsp;&nbsp;oled_pow
<LI><a href="#[b0]">&gt;&gt;</a>&nbsp;&nbsp;&nbsp;OLED_ShowChar
</UL>
<BR>[Called By]<UL><LI><a href="#[35]">&gt;&gt;</a>&nbsp;&nbsp;&nbsp;main
<LI><a href="#[41]">&gt;&gt;</a>&nbsp;&nbsp;&nbsp;KEY_task
<LI><a href="#[42]">&gt;&gt;</a>&nbsp;&nbsp;&nbsp;ALLPID_task
</UL>

<P><STRONG><a name="[60]"></a>OLED_ShowString</STRONG> (Thumb, 58 bytes, Stack size 24 bytes, oled.o(i.OLED_ShowString))
<BR><BR>[Stack]<UL><LI>Max Depth = 72<LI>Call Chain = OLED_ShowString &rArr; OLED_ShowChar &rArr; OLED_Set_Pos &rArr; OLED_WR_Byte
</UL>
<BR>[Calls]<UL><LI><a href="#[b0]">&gt;&gt;</a>&nbsp;&nbsp;&nbsp;OLED_ShowChar
</UL>
<BR>[Called By]<UL><LI><a href="#[42]">&gt;&gt;</a>&nbsp;&nbsp;&nbsp;ALLPID_task
</UL>

<P><STRONG><a name="[ac]"></a>OLED_WR_Byte</STRONG> (Thumb, 116 bytes, Stack size 8 bytes, oled.o(i.OLED_WR_Byte))
<BR><BR>[Stack]<UL><LI>Max Depth = 8<LI>Call Chain = OLED_WR_Byte
</UL>
<BR>[Called By]<UL><LI><a href="#[b0]">&gt;&gt;</a>&nbsp;&nbsp;&nbsp;OLED_ShowChar
<LI><a href="#[af]">&gt;&gt;</a>&nbsp;&nbsp;&nbsp;OLED_Set_Pos
<LI><a href="#[5f]">&gt;&gt;</a>&nbsp;&nbsp;&nbsp;OLED_ShowCHinese
<LI><a href="#[ad]">&gt;&gt;</a>&nbsp;&nbsp;&nbsp;OLED_Init
<LI><a href="#[ab]">&gt;&gt;</a>&nbsp;&nbsp;&nbsp;OLED_Clear
</UL>

<P><STRONG><a name="[c3]"></a>OSCfg_Init</STRONG> (Thumb, 86 bytes, Stack size 0 bytes, os_cfg_app.o(i.OSCfg_Init))
<BR><BR>[Called By]<UL><LI><a href="#[b2]">&gt;&gt;</a>&nbsp;&nbsp;&nbsp;OSInit
</UL>

<P><STRONG><a name="[f1]"></a>OSIdleTaskHook</STRONG> (Thumb, 16 bytes, Stack size 8 bytes, os_cpu_c.o(i.OSIdleTaskHook))
<BR><BR>[Stack]<UL><LI>Max Depth = 8<LI>Call Chain = OSIdleTaskHook
</UL>
<BR>[Called By]<UL><LI><a href="#[39]">&gt;&gt;</a>&nbsp;&nbsp;&nbsp;OS_IdleTask
</UL>

<P><STRONG><a name="[b2]"></a>OSInit</STRONG> (Thumb, 300 bytes, Stack size 16 bytes, os_core.o(i.OSInit))
<BR><BR>[Stack]<UL><LI>Max Depth = 176 + Unknown Stack Size
<LI>Call Chain = OSInit &rArr; OS_TmrInit &rArr; OSTaskCreate &rArr; OSSched &rArr; OS_PrioGetHighest
</UL>
<BR>[Calls]<UL><LI><a href="#[c1]">&gt;&gt;</a>&nbsp;&nbsp;&nbsp;OS_TmrInit
<LI><a href="#[bf]">&gt;&gt;</a>&nbsp;&nbsp;&nbsp;OS_TickTaskInit
<LI><a href="#[bc]">&gt;&gt;</a>&nbsp;&nbsp;&nbsp;OS_TaskInit
<LI><a href="#[c0]">&gt;&gt;</a>&nbsp;&nbsp;&nbsp;OS_StatTaskInit
<LI><a href="#[bb]">&gt;&gt;</a>&nbsp;&nbsp;&nbsp;OS_SemInit
<LI><a href="#[ba]">&gt;&gt;</a>&nbsp;&nbsp;&nbsp;OS_QInit
<LI><a href="#[b4]">&gt;&gt;</a>&nbsp;&nbsp;&nbsp;OS_PrioInit
<LI><a href="#[b9]">&gt;&gt;</a>&nbsp;&nbsp;&nbsp;OS_MutexInit
[...]
<BR><BR>[Stack]<UL><LI>Max Depth = 136 + Unknown Stack Size
<LI>Call Chain = mpu_set_accel_fsr &rArr; i2cWrite &rArr; IIC_Wait_Ack &rArr; IIC_Stop &rArr; delay_us &rArr; delay_osschedunlock &rArr; OSSchedUnlock &rArr; OSSched &rArr; OS_PrioGetHighest
</UL>
<BR>[Calls]<UL><LI><a href="#[141]">&gt;&gt;</a>&nbsp;&nbsp;&nbsp;i2cWrite
</UL>
<BR>[Called By]<UL><LI><a href="#[152]">&gt;&gt;</a>&nbsp;&nbsp;&nbsp;mpu_run_self_test
<LI><a href="#[72]">&gt;&gt;</a>&nbsp;&nbsp;&nbsp;mpu_init
</UL>

<P><STRONG><a name="[14d]"></a>mpu_set_bypass</STRONG> (Thumb, 328 bytes, Stack size 16 bytes, inv_mpu.o(i.mpu_set_bypass))
<BR><BR>[Stack]<UL><LI>Max Depth = 144 + Unknown Stack Size
<LI>Call Chain = mpu_set_bypass &rArr; i2cRead &rArr; IIC_Read_Byte &rArr; IIC_NAck &rArr; delay_us &rArr; delay_osschedunlock &rArr; OSSchedUnlock &rArr; OSSched &rArr; OS_PrioGetHighest
</UL>
<BR>[Calls]<UL><LI><a href="#[ae]">&gt;&gt;</a>&nbsp;&nbsp;&nbsp;delay_ms
<LI><a href="#[141]">&gt;&gt;</a>&nbsp;&nbsp;&nbsp;i2cWrite
<LI><a href="#[13f]">&gt;&gt;</a>&nbsp;&nbsp;&nbsp;i2cRead
</UL>
<BR>[Called By]<UL><LI><a href="#[7c]">&gt;&gt;</a>&nbsp;&nbsp;&nbsp;mpu_set_dmp_state
<LI><a href="#[72]">&gt;&gt;</a>&nbsp;&nbsp;&nbsp;mpu_init
</UL>

<P><STRONG><a name="[7c]"></a>mpu_set_dmp_state</STRONG> (Thumb, 138 bytes, Stack size 16 bytes, inv_mpu.o(i.mpu_set_dmp_state))
<BR><BR>[Stack]<UL><LI>Max Depth = 200 + Unknown Stack Size
<LI>Call Chain = mpu_set_dmp_state &rArr; mpu_set_sample_rate &rArr; mpu_lp_accel_mode &rArr; mpu_configure_fifo &rArr; set_int_enable &rArr; i2cWrite &rArr; IIC_Wait_Ack &rArr; IIC_Stop &rArr; delay_us &rArr; delay_osschedunlock &rArr; OSSchedUnlock &rArr; OSSched &rArr; OS_PrioGetHighest
</UL>
<BR>[Calls]<UL><LI><a href="#[75]">&gt;&gt;</a>&nbsp;&nbsp;&nbsp;mpu_set_sample_rate
<LI><a href="#[14d]">&gt;&gt;</a>&nbsp;&nbsp;&nbsp;mpu_set_bypass
<LI><a href="#[12c]">&gt;&gt;</a>&nbsp;&nbsp;&nbsp;mpu_reset_fifo
<LI><a href="#[148]">&gt;&gt;</a>&nbsp;&nbsp;&nbsp;set_int_enable
<LI><a href="#[141]">&gt;&gt;</a>&nbsp;&nbsp;&nbsp;i2cWrite
</UL>
<BR>[Called By]<UL><LI><a href="#[152]">&gt;&gt;</a>&nbsp;&nbsp;&nbsp;mpu_run_self_test
<LI><a href="#[70]">&gt;&gt;</a>&nbsp;&nbsp;&nbsp;DMP_Init
</UL>

<P><STRONG><a name="[14a]"></a>mpu_set_gyro_fsr</STRONG> (Thumb, 132 bytes, Stack size 16 bytes, inv_mpu.o(i.mpu_set_gyro_fsr))
<BR><BR>[Stack]<UL><LI>Max Depth = 136 + Unknown Stack Size
<LI>Call Chain = mpu_set_gyro_fsr &rArr; i2cWrite &rArr; IIC_Wait_Ack &rArr; IIC_Stop &rArr; delay_us &rArr; delay_osschedunlock &rArr; OSSchedUnlock &rArr; OSSched &rArr; OS_PrioGetHighest
</UL>
<BR>[Calls]<UL><LI><a href="#[141]">&gt;&gt;</a>&nbsp;&nbsp;&nbsp;i2cWrite
</UL>
<BR>[Called By]<UL><LI><a href="#[152]">&gt;&gt;</a>&nbsp;&nbsp;&nbsp;mpu_run_self_test
<LI><a href="#[72]">&gt;&gt;</a>&nbsp;&nbsp;&nbsp;mpu_init
</UL>

<P><STRONG><a name="[151]"></a>mpu_set_int_latched</STRONG> (Thumb, 102 bytes, Stack size 16 bytes, inv_mpu.o(i.mpu_set_int_latched))
<BR><BR>[Stack]<UL><LI>Max Depth = 136 + Unknown Stack Size
<LI>Call Chain = mpu_set_int_latched &rArr; i2cWrite &rArr; IIC_Wait_Ack &rArr; IIC_Stop &rArr; delay_us &rArr; delay_osschedunlock &rArr; OSSchedUnlock &rArr; OSSched &rArr; OS_PrioGetHighest
</UL>
<BR>[Calls]<UL><LI><a href="#[141]">&gt;&gt;</a>&nbsp;&nbsp;&nbsp;i2cWrite
</UL>
<BR>[Called By]<UL><LI><a href="#[73]">&gt;&gt;</a>&nbsp;&nbsp;&nbsp;mpu_set_sensors
<LI><a href="#[150]">&gt;&gt;</a>&nbsp;&nbsp;&nbsp;mpu_lp_accel_mode
</UL>

<P><STRONG><a name="[14c]"></a>mpu_set_lpf</STRONG> (Thumb, 126 bytes, Stack size 16 bytes, inv_mpu.o(i.mpu_set_lpf))
<BR><BR>[Stack]<UL><LI>Max Depth = 136 + Unknown Stack Size
<LI>Call Chain = mpu_set_lpf &rArr; i2cWrite &rArr; IIC_Wait_Ack &rArr; IIC_Stop &rArr; delay_us &rArr; delay_osschedunlock &rArr; OSSchedUnlock &rArr; OSSched &rArr; OS_PrioGetHighest
</UL>
<BR>[Calls]<UL><LI><a href="#[141]">&gt;&gt;</a>&nbsp;&nbsp;&nbsp;i2cWrite
</UL>
<BR>[Called By]<UL><LI><a href="#[75]">&gt;&gt;</a>&nbsp;&nbsp;&nbsp;mpu_set_sample_rate
<LI><a href="#[152]">&gt;&gt;</a>&nbsp;&nbsp;&nbsp;mpu_run_self_test
<LI><a href="#[72]">&gt;&gt;</a>&nbsp;&nbsp;&nbsp;mpu_init
<LI><a href="#[150]">&gt;&gt;</a>&nbsp;&nbsp;&nbsp;mpu_lp_accel_mode
</UL>

<P><STRONG><a name="[75]"></a>mpu_set_sample_rate</STRONG> (Thumb, 152 bytes, Stack size 16 bytes, inv_mpu.o(i.mpu_set_sample_rate))
<BR><BR>[Stack]<UL><LI>Max Depth = 184 + Unknown Stack Size
<LI>Call Chain = mpu_set_sample_rate &rArr; mpu_lp_accel_mode &rArr; mpu_configure_fifo &rArr; set_int_enable &rArr; i2cWrite &rArr; IIC_Wait_Ack &rArr; IIC_Stop &rArr; delay_us &rArr; delay_osschedunlock &rArr; OSSchedUnlock &rArr; OSSched &rArr; OS_PrioGetHighest
</UL>
<BR>[Calls]<UL><LI><a href="#[14c]">&gt;&gt;</a>&nbsp;&nbsp;&nbsp;mpu_set_lpf
<LI><a href="#[150]">&gt;&gt;</a>&nbsp;&nbsp;&nbsp;mpu_lp_accel_mode
<LI><a href="#[141]">&gt;&gt;</a>&nbsp;&nbsp;&nbsp;i2cWrite
</UL>
<BR>[Called By]<UL><LI><a href="#[7c]">&gt;&gt;</a>&nbsp;&nbsp;&nbsp;mpu_set_dmp_state
<LI><a href="#[152]">&gt;&gt;</a>&nbsp;&nbsp;&nbsp;mpu_run_self_test
<LI><a href="#[72]">&gt;&gt;</a>&nbsp;&nbsp;&nbsp;mpu_init
<LI><a href="#[70]">&gt;&gt;</a>&nbsp;&nbsp;&nbsp;DMP_Init
</UL>

<P><STRONG><a name="[73]"></a>mpu_set_sensors</STRONG> (Thumb, 202 bytes, Stack size 16 bytes, inv_mpu.o(i.mpu_set_sensors))
<BR><BR>[Stack]<UL><LI>Max Depth = 152 + Unknown Stack Size
<LI>Call Chain = mpu_set_sensors &rArr; mpu_set_int_latched &rArr; i2cWrite &rArr; IIC_Wait_Ack &rArr; IIC_Stop &rArr; delay_us &rArr; delay_osschedunlock &rArr; OSSchedUnlock &rArr; OSSched &rArr; OS_PrioGetHighest
</UL>
<BR>[Calls]<UL><LI><a href="#[ae]">&gt;&gt;</a>&nbsp;&nbsp;&nbsp;delay_ms
<LI><a href="#[151]">&gt;&gt;</a>&nbsp;&nbsp;&nbsp;mpu_set_int_latched
<LI><a href="#[141]">&gt;&gt;</a>&nbsp;&nbsp;&nbsp;i2cWrite
</UL>
<BR>[Called By]<UL><LI><a href="#[152]">&gt;&gt;</a>&nbsp;&nbsp;&nbsp;mpu_run_self_test
<LI><a href="#[72]">&gt;&gt;</a>&nbsp;&nbsp;&nbsp;mpu_init
<LI><a href="#[70]">&gt;&gt;</a>&nbsp;&nbsp;&nbsp;DMP_Init
</UL>

<P><STRONG><a name="[12b]"></a>mpu_write_mem</STRONG> (Thumb, 122 bytes, Stack size 24 bytes, inv_mpu.o(i.mpu_write_mem))
<BR><BR>[Stack]<UL><LI>Max Depth = 144 + Unknown Stack Size
<LI>Call Chain = mpu_write_mem &rArr; i2cWrite &rArr; IIC_Wait_Ack &rArr; IIC_Stop &rArr; delay_us &rArr; delay_osschedunlock &rArr; OSSchedUnlock &rArr; OSSched &rArr; OS_PrioGetHighest
</UL>
<BR>[Calls]<UL><LI><a href="#[141]">&gt;&gt;</a>&nbsp;&nbsp;&nbsp;i2cWrite
</UL>
<BR>[Called By]<UL><LI><a href="#[78]">&gt;&gt;</a>&nbsp;&nbsp;&nbsp;dmp_set_orientation
<LI><a href="#[13d]">&gt;&gt;</a>&nbsp;&nbsp;&nbsp;dmp_set_gyro_bias
<LI><a href="#[7a]">&gt;&gt;</a>&nbsp;&nbsp;&nbsp;dmp_set_fifo_rate
<LI><a href="#[13b]">&gt;&gt;</a>&nbsp;&nbsp;&nbsp;dmp_set_accel_bias
<LI><a href="#[79]">&gt;&gt;</a>&nbsp;&nbsp;&nbsp;dmp_enable_feature
<LI><a href="#[132]">&gt;&gt;</a>&nbsp;&nbsp;&nbsp;dmp_set_tap_time_multi
<LI><a href="#[131]">&gt;&gt;</a>&nbsp;&nbsp;&nbsp;dmp_set_tap_time
<LI><a href="#[12e]">&gt;&gt;</a>&nbsp;&nbsp;&nbsp;dmp_set_tap_thresh
<LI><a href="#[130]">&gt;&gt;</a>&nbsp;&nbsp;&nbsp;dmp_set_tap_count
<LI><a href="#[12f]">&gt;&gt;</a>&nbsp;&nbsp;&nbsp;dmp_set_tap_axes
<LI><a href="#[135]">&gt;&gt;</a>&nbsp;&nbsp;&nbsp;dmp_set_shake_reject_timeout
<LI><a href="#[134]">&gt;&gt;</a>&nbsp;&nbsp;&nbsp;dmp_set_shake_reject_time
<LI><a href="#[133]">&gt;&gt;</a>&nbsp;&nbsp;&nbsp;dmp_set_shake_reject_thresh
<LI><a href="#[136]">&gt;&gt;</a>&nbsp;&nbsp;&nbsp;dmp_enable_lp_quat
<LI><a href="#[12d]">&gt;&gt;</a>&nbsp;&nbsp;&nbsp;dmp_enable_gyro_cal
<LI><a href="#[12a]">&gt;&gt;</a>&nbsp;&nbsp;&nbsp;dmp_enable_6x_lp_quat
<LI><a href="#[137]">&gt;&gt;</a>&nbsp;&nbsp;&nbsp;mpu_load_firmware
</UL>

<P><STRONG><a name="[112]"></a>myabs</STRONG> (Thumb, 14 bytes, Stack size 0 bytes, allcontrol.o(i.myabs))
<BR><BR>[Called By]<UL><LI><a href="#[82]">&gt;&gt;</a>&nbsp;&nbsp;&nbsp;turn
<LI><a href="#[85]">&gt;&gt;</a>&nbsp;&nbsp;&nbsp;Set_Pwm
</UL>

<P><STRONG><a name="[13a]"></a>myget_ms</STRONG> (Thumb, 2 bytes, Stack size 0 bytes, inv_mpu.o(i.myget_ms))
<BR><BR>[Called By]<UL><LI><a href="#[10d]">&gt;&gt;</a>&nbsp;&nbsp;&nbsp;dmp_read_fifo
</UL>

<P><STRONG><a name="[b1]"></a>oled_pow</STRONG> (Thumb, 22 bytes, Stack size 8 bytes, oled.o(i.oled_pow))
<BR><BR>[Stack]<UL><LI>Max Depth = 8<LI>Call Chain = oled_pow
</UL>
<BR>[Called By]<UL><LI><a href="#[63]">&gt;&gt;</a>&nbsp;&nbsp;&nbsp;OLED_ShowNum
</UL>

<P><STRONG><a name="[7b]"></a>run_self_test</STRONG> (Thumb, 148 bytes, Stack size 48 bytes, mpu6050.o(i.run_self_test))
<BR><BR>[Stack]<UL><LI>Max Depth = 336 + Unknown Stack Size
<LI>Call Chain = run_self_test &rArr; mpu_run_self_test &rArr; mpu_set_dmp_state &rArr; mpu_set_sample_rate &rArr; mpu_lp_accel_mode &rArr; mpu_configure_fifo &rArr; set_int_enable &rArr; i2cWrite &rArr; IIC_Wait_Ack &rArr; IIC_Stop &rArr; delay_us &rArr; delay_osschedunlock &rArr; OSSchedUnlock &rArr; OSSched &rArr; OS_PrioGetHighest
</UL>
<BR>[Calls]<UL><LI><a href="#[152]">&gt;&gt;</a>&nbsp;&nbsp;&nbsp;mpu_run_self_test
<LI><a href="#[157]">&gt;&gt;</a>&nbsp;&nbsp;&nbsp;mpu_get_gyro_sens
<LI><a href="#[13c]">&gt;&gt;</a>&nbsp;&nbsp;&nbsp;mpu_get_accel_sens
<LI><a href="#[13d]">&gt;&gt;</a>&nbsp;&nbsp;&nbsp;dmp_set_gyro_bias
<LI><a href="#[13b]">&gt;&gt;</a>&nbsp;&nbsp;&nbsp;dmp_set_accel_bias
<LI><a href="#[59]">&gt;&gt;</a>&nbsp;&nbsp;&nbsp;__aeabi_i2f
<LI><a href="#[126]">&gt;&gt;</a>&nbsp;&nbsp;&nbsp;__aeabi_f2iz
<LI><a href="#[10e]">&gt;&gt;</a>&nbsp;&nbsp;&nbsp;__aeabi_fmul
</UL>
<BR>[Called By]<UL><LI><a href="#[70]">&gt;&gt;</a>&nbsp;&nbsp;&nbsp;DMP_Init
</UL>

<P><STRONG><a name="[124]"></a>sqrt</STRONG> (Thumb, 76 bytes, Stack size 24 bytes, sqrt.o(i.sqrt))
<BR><BR>[Stack]<UL><LI>Max Depth = 64<LI>Call Chain = sqrt &rArr; _dsqrt &rArr; _double_round
</UL>
<BR>[Calls]<UL><LI><a href="#[122]">&gt;&gt;</a>&nbsp;&nbsp;&nbsp;__set_errno
<LI><a href="#[5e]">&gt;&gt;</a>&nbsp;&nbsp;&nbsp;_dsqrt
</UL>
<BR>[Called By]<UL><LI><a href="#[110]">&gt;&gt;</a>&nbsp;&nbsp;&nbsp;asin
</UL>

<P><STRONG><a name="[3f]"></a>start_task</STRONG> (Thumb, 316 bytes, Stack size 56 bytes, main.o(i.start_task))
<BR><BR>[Stack]<UL><LI>Max Depth = 164 + Unknown Stack Size
<LI>Call Chain = start_task &rArr; OSStatTaskCPUUsageInit &rArr; OSTaskSuspend &rArr; OS_TaskSuspend &rArr; OS_RdyListRemove &rArr; OS_PrioRemove
</UL>
<BR>[Calls]<UL><LI><a href="#[dd]">&gt;&gt;</a>&nbsp;&nbsp;&nbsp;OS_Sched0
<LI><a href="#[de]">&gt;&gt;</a>&nbsp;&nbsp;&nbsp;OSTaskDel
<LI><a href="#[d5]">&gt;&gt;</a>&nbsp;&nbsp;&nbsp;OSTaskCreate
<LI><a href="#[d1]">&gt;&gt;</a>&nbsp;&nbsp;&nbsp;OSStatTaskCPUUsageInit
<LI><a href="#[c8]">&gt;&gt;</a>&nbsp;&nbsp;&nbsp;OSSchedRoundRobinCfg
<LI><a href="#[6b]">&gt;&gt;</a>&nbsp;&nbsp;&nbsp;CPU_SR_Save
<LI><a href="#[6d]">&gt;&gt;</a>&nbsp;&nbsp;&nbsp;CPU_SR_Restore
<LI><a href="#[67]">&gt;&gt;</a>&nbsp;&nbsp;&nbsp;CPU_Init
</UL>
<BR>[Address Reference Count : 1]<UL><LI> main.o(i.main)
</UL>
<P><STRONG><a name="[82]"></a>turn</STRONG> (Thumb, 332 bytes, Stack size 40 bytes, allcontrol.o(i.turn))
<BR><BR>[Stack]<UL><LI>Max Depth = 60<LI>Call Chain = turn &rArr; __aeabi_fsub &rArr; __aeabi_fadd &rArr; _float_epilogue
</UL>
<BR>[Calls]<UL><LI><a href="#[59]">&gt;&gt;</a>&nbsp;&nbsp;&nbsp;__aeabi_i2f
<LI><a href="#[4f]">&gt;&gt;</a>&nbsp;&nbsp;&nbsp;__aeabi_fsub
<LI><a href="#[126]">&gt;&gt;</a>&nbsp;&nbsp;&nbsp;__aeabi_f2iz
<LI><a href="#[10f]">&gt;&gt;</a>&nbsp;&nbsp;&nbsp;__aeabi_f2d
<LI><a href="#[114]">&gt;&gt;</a>&nbsp;&nbsp;&nbsp;__aeabi_cfrcmple
<LI><a href="#[10e]">&gt;&gt;</a>&nbsp;&nbsp;&nbsp;__aeabi_fmul
<LI><a href="#[51]">&gt;&gt;</a>&nbsp;&nbsp;&nbsp;__aeabi_fdiv
<LI><a href="#[4c]">&gt;&gt;</a>&nbsp;&nbsp;&nbsp;__aeabi_fadd
<LI><a href="#[121]">&gt;&gt;</a>&nbsp;&nbsp;&nbsp;__aeabi_cfcmpeq
<LI><a href="#[158]">&gt;&gt;</a>&nbsp;&nbsp;&nbsp;__aeabi_cdcmple
<LI><a href="#[112]">&gt;&gt;</a>&nbsp;&nbsp;&nbsp;myabs
</UL>
<BR>[Called By]<UL><LI><a href="#[21]">&gt;&gt;</a>&nbsp;&nbsp;&nbsp;EXTI9_5_IRQHandler
</UL>

<P><STRONG><a name="[145]"></a>uart_init</STRONG> (Thumb, 252 bytes, Stack size 40 bytes, usart.o(i.uart_init))
<BR><BR>[Stack]<UL><LI>Max Depth = 64<LI>Call Chain = uart_init &rArr; MY_NVIC_Init
</UL>
<BR>[Calls]<UL><LI><a href="#[5a]">&gt;&gt;</a>&nbsp;&nbsp;&nbsp;__aeabi_ui2f
<LI><a href="#[50]">&gt;&gt;</a>&nbsp;&nbsp;&nbsp;__aeabi_frsub
<LI><a href="#[10e]">&gt;&gt;</a>&nbsp;&nbsp;&nbsp;__aeabi_fmul
<LI><a href="#[51]">&gt;&gt;</a>&nbsp;&nbsp;&nbsp;__aeabi_fdiv
<LI><a href="#[89]">&gt;&gt;</a>&nbsp;&nbsp;&nbsp;MY_NVIC_Init
<LI><a href="#[62]">&gt;&gt;</a>&nbsp;&nbsp;&nbsp;__aeabi_f2uiz
</UL>
<BR>[Called By]<UL><LI><a href="#[35]">&gt;&gt;</a>&nbsp;&nbsp;&nbsp;main
</UL>

<P><STRONG><a name="[81]"></a>velocity</STRONG> (Thumb, 296 bytes, Stack size 56 bytes, allcontrol.o(i.velocity))
<BR><BR>[Stack]<UL><LI>Max Depth = 144<LI>Call Chain = velocity &rArr; __aeabi_dmul &rArr; _double_epilogue &rArr; _double_round
</UL>
<BR>[Calls]<UL><LI><a href="#[59]">&gt;&gt;</a>&nbsp;&nbsp;&nbsp;__aeabi_i2f
<LI><a href="#[4f]">&gt;&gt;</a>&nbsp;&nbsp;&nbsp;__aeabi_fsub
<LI><a href="#[126]">&gt;&gt;</a>&nbsp;&nbsp;&nbsp;__aeabi_f2iz
<LI><a href="#[10f]">&gt;&gt;</a>&nbsp;&nbsp;&nbsp;__aeabi_f2d
<LI><a href="#[58]">&gt;&gt;</a>&nbsp;&nbsp;&nbsp;__aeabi_dmul
<LI><a href="#[52]">&gt;&gt;</a>&nbsp;&nbsp;&nbsp;__aeabi_dadd
<LI><a href="#[5b]">&gt;&gt;</a>&nbsp;&nbsp;&nbsp;__aeabi_d2f
<LI><a href="#[114]">&gt;&gt;</a>&nbsp;&nbsp;&nbsp;__aeabi_cfrcmple
<LI><a href="#[10e]">&gt;&gt;</a>&nbsp;&nbsp;&nbsp;__aeabi_fmul
<LI><a href="#[4c]">&gt;&gt;</a>&nbsp;&nbsp;&nbsp;__aeabi_fadd
<LI><a href="#[61]">&gt;&gt;</a>&nbsp;&nbsp;&nbsp;__aeabi_cfcmple
<LI><a href="#[84]">&gt;&gt;</a>&nbsp;&nbsp;&nbsp;Turn_Off
</UL>
<BR>[Called By]<UL><LI><a href="#[21]">&gt;&gt;</a>&nbsp;&nbsp;&nbsp;EXTI9_5_IRQHandler
</UL>
<P>
<H3>
Local Symbols
</H3>
<P><STRONG><a name="[77]"></a>inv_orientation_matrix_to_scalar</STRONG> (Thumb, 40 bytes, Stack size 16 bytes, mpu6050.o(i.inv_orientation_matrix_to_scalar))
<BR><BR>[Stack]<UL><LI>Max Depth = 16<LI>Call Chain = inv_orientation_matrix_to_scalar
</UL>
<BR>[Calls]<UL><LI><a href="#[143]">&gt;&gt;</a>&nbsp;&nbsp;&nbsp;inv_row_2_scale
</UL>
<BR>[Called By]<UL><LI><a href="#[70]">&gt;&gt;</a>&nbsp;&nbsp;&nbsp;DMP_Init
</UL>

<P><STRONG><a name="[143]"></a>inv_row_2_scale</STRONG> (Thumb, 78 bytes, Stack size 0 bytes, mpu6050.o(i.inv_row_2_scale))
<BR><BR>[Called By]<UL><LI><a href="#[77]">&gt;&gt;</a>&nbsp;&nbsp;&nbsp;inv_orientation_matrix_to_scalar
</UL>

<P><STRONG><a name="[11f]"></a>accel_self_test</STRONG> (Thumb, 164 bytes, Stack size 48 bytes, inv_mpu.o(i.accel_self_test))
<BR><BR>[Stack]<UL><LI>Max Depth = 200 + Unknown Stack Size
<LI>Call Chain = accel_self_test &rArr; get_accel_prod_shift &rArr; i2cRead &rArr; IIC_Read_Byte &rArr; IIC_NAck &rArr; delay_us &rArr; delay_osschedunlock &rArr; OSSchedUnlock &rArr; OSSched &rArr; OS_PrioGetHighest
</UL>
<BR>[Calls]<UL><LI><a href="#[59]">&gt;&gt;</a>&nbsp;&nbsp;&nbsp;__aeabi_i2f
<LI><a href="#[4f]">&gt;&gt;</a>&nbsp;&nbsp;&nbsp;__aeabi_fsub
<LI><a href="#[114]">&gt;&gt;</a>&nbsp;&nbsp;&nbsp;__aeabi_cfrcmple
<LI><a href="#[51]">&gt;&gt;</a>&nbsp;&nbsp;&nbsp;__aeabi_fdiv
<LI><a href="#[61]">&gt;&gt;</a>&nbsp;&nbsp;&nbsp;__aeabi_cfcmple
<LI><a href="#[120]">&gt;&gt;</a>&nbsp;&nbsp;&nbsp;get_accel_prod_shift
<LI><a href="#[121]">&gt;&gt;</a>&nbsp;&nbsp;&nbsp;__aeabi_cfcmpeq
</UL>
<BR>[Called By]<UL><LI><a href="#[152]">&gt;&gt;</a>&nbsp;&nbsp;&nbsp;mpu_run_self_test
</UL>

<P><STRONG><a name="[120]"></a>get_accel_prod_shift</STRONG> (Thumb, 168 bytes, Stack size 24 bytes, inv_mpu.o(i.get_accel_prod_shift))
<BR><BR>[Stack]<UL><LI>Max Depth = 152 + Unknown Stack Size
<LI>Call Chain = get_accel_prod_shift &rArr; i2cRead &rArr; IIC_Read_Byte &rArr; IIC_NAck &rArr; delay_us &rArr; delay_osschedunlock &rArr; OSSchedUnlock &rArr; OSSched &rArr; OS_PrioGetHighest
</UL>
<BR>[Calls]<UL><LI><a href="#[10e]">&gt;&gt;</a>&nbsp;&nbsp;&nbsp;__aeabi_fmul
<LI><a href="#[13f]">&gt;&gt;</a>&nbsp;&nbsp;&nbsp;i2cRead
</UL>
<BR>[Called By]<UL><LI><a href="#[11f]">&gt;&gt;</a>&nbsp;&nbsp;&nbsp;accel_self_test
</UL>

<P><STRONG><a name="[140]"></a>get_st_biases</STRONG> (Thumb, 1132 bytes, Stack size 64 bytes, inv_mpu.o(i.get_st_biases))
<BR><BR>[Stack]<UL><LI>Max Depth = 192 + Unknown Stack Size
<LI>Call Chain = get_st_biases &rArr; i2cRead &rArr; IIC_Read_Byte &rArr; IIC_NAck &rArr; delay_us &rArr; delay_osschedunlock &rArr; OSSchedUnlock &rArr; OSSched &rArr; OS_PrioGetHighest
</UL>
<BR>[Calls]<UL><LI><a href="#[ae]">&gt;&gt;</a>&nbsp;&nbsp;&nbsp;delay_ms
<LI><a href="#[141]">&gt;&gt;</a>&nbsp;&nbsp;&nbsp;i2cWrite
<LI><a href="#[13f]">&gt;&gt;</a>&nbsp;&nbsp;&nbsp;i2cRead
<LI><a href="#[48]">&gt;&gt;</a>&nbsp;&nbsp;&nbsp;__aeabi_ldivmod
</UL>
<BR>[Called By]<UL><LI><a href="#[152]">&gt;&gt;</a>&nbsp;&nbsp;&nbsp;mpu_run_self_test
</UL>

<P><STRONG><a name="[142]"></a>gyro_self_test</STRONG> (Thumb, 256 bytes, Stack size 48 bytes, inv_mpu.o(i.gyro_self_test))
<BR><BR>[Stack]<UL><LI>Max Depth = 176 + Unknown Stack Size
<LI>Call Chain = gyro_self_test &rArr; i2cRead &rArr; IIC_Read_Byte &rArr; IIC_NAck &rArr; delay_us &rArr; delay_osschedunlock &rArr; OSSchedUnlock &rArr; OSSched &rArr; OS_PrioGetHighest
</UL>
<BR>[Calls]<UL><LI><a href="#[59]">&gt;&gt;</a>&nbsp;&nbsp;&nbsp;__aeabi_i2f
<LI><a href="#[4f]">&gt;&gt;</a>&nbsp;&nbsp;&nbsp;__aeabi_fsub
<LI><a href="#[114]">&gt;&gt;</a>&nbsp;&nbsp;&nbsp;__aeabi_cfrcmple
<LI><a href="#[5a]">&gt;&gt;</a>&nbsp;&nbsp;&nbsp;__aeabi_ui2f
<LI><a href="#[10e]">&gt;&gt;</a>&nbsp;&nbsp;&nbsp;__aeabi_fmul
<LI><a href="#[51]">&gt;&gt;</a>&nbsp;&nbsp;&nbsp;__aeabi_fdiv
<LI><a href="#[61]">&gt;&gt;</a>&nbsp;&nbsp;&nbsp;__aeabi_cfcmple
<LI><a href="#[13f]">&gt;&gt;</a>&nbsp;&nbsp;&nbsp;i2cRead
</UL>
<BR>[Called By]<UL><LI><a href="#[152]">&gt;&gt;</a>&nbsp;&nbsp;&nbsp;mpu_run_self_test
</UL>

<P><STRONG><a name="[148]"></a>set_int_enable</STRONG> (Thumb, 138 bytes, Stack size 16 bytes, inv_mpu.o(i.set_int_enable))
<BR><BR>[Stack]<UL><LI>Max Depth = 136 + Unknown Stack Size
<LI>Call Chain = set_int_enable &rArr; i2cWrite &rArr; IIC_Wait_Ack &rArr; IIC_Stop &rArr; delay_us &rArr; delay_osschedunlock &rArr; OSSchedUnlock &rArr; OSSched &rArr; OS_PrioGetHighest
</UL>
<BR>[Calls]<UL><LI><a href="#[141]">&gt;&gt;</a>&nbsp;&nbsp;&nbsp;i2cWrite
</UL>
<BR>[Called By]<UL><LI><a href="#[7c]">&gt;&gt;</a>&nbsp;&nbsp;&nbsp;mpu_set_dmp_state
<LI><a href="#[74]">&gt;&gt;</a>&nbsp;&nbsp;&nbsp;mpu_configure_fifo
</UL>

<P><STRONG><a name="[139]"></a>decode_gesture</STRONG> (Thumb, 94 bytes, Stack size 24 bytes, inv_mpu_dmp_motion_driver.o(i.decode_gesture))
<BR><BR>[Stack]<UL><LI>Max Depth = 24<LI>Call Chain = decode_gesture
</UL>
<BR>[Called By]<UL><LI><a href="#[10d]">&gt;&gt;</a>&nbsp;&nbsp;&nbsp;dmp_read_fifo
</UL>

<P><STRONG><a name="[69]"></a>CPU_NameInit</STRONG> (Thumb, 8 bytes, Stack size 8 bytes, cpu_core.o(i.CPU_NameInit))
<BR><BR>[Stack]<UL><LI>Max Depth = 52 + Unknown Stack Size
<LI>Call Chain = CPU_NameInit &rArr; CPU_NameClr &rArr; Mem_Clr &rArr; Mem_Set
</UL>
<BR>[Calls]<UL><LI><a href="#[6a]">&gt;&gt;</a>&nbsp;&nbsp;&nbsp;CPU_NameClr
</UL>
<BR>[Called By]<UL><LI><a href="#[67]">&gt;&gt;</a>&nbsp;&nbsp;&nbsp;CPU_Init
</UL>

<P><STRONG><a name="[68]"></a>CPU_TS_Init</STRONG> (Thumb, 14 bytes, Stack size 8 bytes, cpu_core.o(i.CPU_TS_Init))
<BR><BR>[Stack]<UL><LI>Max Depth = 52<LI>Call Chain = CPU_TS_Init &rArr; CPU_TS_TmrInit &rArr; BSP_CPU_ClkFreq &rArr; RCC_GetClocksFreq
</UL>
<BR>[Calls]<UL><LI><a href="#[6e]">&gt;&gt;</a>&nbsp;&nbsp;&nbsp;CPU_TS_TmrInit
</UL>
<BR>[Called By]<UL><LI><a href="#[67]">&gt;&gt;</a>&nbsp;&nbsp;&nbsp;CPU_Init
</UL>

<P><STRONG><a name="[117]"></a>_printf_core</STRONG> (Thumb, 336 bytes, Stack size 88 bytes, printf1.o(i._printf_core), UNUSED)
<BR><BR>[Calls]<UL><LI><a href="#[11e]">&gt;&gt;</a>&nbsp;&nbsp;&nbsp;__aeabi_uidivmod
</UL>
<BR>[Called By]<UL><LI><a href="#[116]">&gt;&gt;</a>&nbsp;&nbsp;&nbsp;__0printf$1
</UL>
<P>
<H3>
Undefined Global Symbols
</H3><HR></body></html>
