Component: ARM Compiler 5.05 update 2 (build 169) Tool: armlink [4d0f33]

==============================================================================

Section Cross References

    startup_stm32f10x_md.o(RESET) refers to startup_stm32f10x_md.o(STACK) for __initial_sp
    startup_stm32f10x_md.o(RESET) refers to startup_stm32f10x_md.o(.text) for Reset_Handler
    startup_stm32f10x_md.o(RESET) refers to os_cpu_a.o(CODE) for PendSV_Handler
    startup_stm32f10x_md.o(RESET) refers to delay.o(i.SysTick_Handler) for SysTick_Handler
    startup_stm32f10x_md.o(RESET) refers to allcontrol.o(i.EXTI9_5_IRQHandler) for EXTI9_5_IRQHandler
    startup_stm32f10x_md.o(RESET) refers to timer.o(i.TIM2_IRQHandler) for TIM2_IRQHandler
    startup_stm32f10x_md.o(RESET) refers to timer.o(i.TIM4_IRQHandler) for TIM4_IRQHandler
    startup_stm32f10x_md.o(RESET) refers to usart.o(i.USART1_IRQHandler) for USART1_IRQHandler
    startup_stm32f10x_md.o(.text) refers to entry.o(.ARM.Collect$$$$00000000) for __main
    main.o(i.ALLPID_task) refers to oled.o(i.OLED_ShowCHinese) for OLED_ShowCHinese
    main.o(i.ALLPID_task) refers to oled.o(i.OLED_ShowString) for OLED_ShowString
    main.o(i.ALLPID_task) refers to cfcmple.o(.text) for __aeabi_cfcmple
    main.o(i.ALLPID_task) refers to fadd.o(.text) for __aeabi_fadd
    main.o(i.ALLPID_task) refers to ffixui.o(.text) for __aeabi_f2uiz
    main.o(i.ALLPID_task) refers to oled.o(i.OLED_ShowNum) for OLED_ShowNum
    main.o(i.ALLPID_task) refers to os_time.o(i.OSTimeDlyHMSM) for OSTimeDlyHMSM
    main.o(i.ALLPID_task) refers to usart.o(.bss) for wifiadrr
    main.o(i.ALLPID_task) refers to usart.o(.data) for control
    main.o(i.ALLPID_task) refers to allcontrol.o(.data) for Angle_Balance
    main.o(i.KEY_task) refers to key.o(i.key_scan) for key_scan
    main.o(i.KEY_task) refers to oled.o(i.OLED_ShowNum) for OLED_ShowNum
    main.o(i.KEY_task) refers to os_time.o(i.OSTimeDlyHMSM) for OSTimeDlyHMSM
    main.o(i.KEY_task) refers to key.o(.data) for Trg
    main.o(i.LED_task) refers to os_time.o(i.OSTimeDlyHMSM) for OSTimeDlyHMSM
    main.o(i.main) refers to sys.o(i.Stm32_Clock_Init) for Stm32_Clock_Init
    main.o(i.main) refers to delay.o(i.delay_init) for delay_init
    main.o(i.main) refers to usart.o(i.MYDMA_Config) for MYDMA_Config
    main.o(i.main) refers to usart.o(i.uart_init) for uart_init
    main.o(i.main) refers to mpu6050.o(i.MPU6050_initialize) for MPU6050_initialize
    main.o(i.main) refers to oled.o(i.OLED_ShowNum) for OLED_ShowNum
    main.o(i.main) refers to mpu6050.o(i.DMP_Init) for DMP_Init
    main.o(i.main) refers to led.o(i.LED_Init) for LED_Init
    main.o(i.main) refers to key.o(i.key_init) for key_init
    main.o(i.main) refers to oled.o(i.OLED_Init) for OLED_Init
    main.o(i.main) refers to oled.o(i.OLED_Clear) for OLED_Clear
    main.o(i.main) refers to mpuiic.o(i.IIC_Init) for IIC_Init
    main.o(i.main) refers to timer.o(i.Encoder_Init_TIM2) for Encoder_Init_TIM2
    main.o(i.main) refers to timer.o(i.Encoder_Init_TIM4) for Encoder_Init_TIM4
    main.o(i.main) refers to timer.o(i.MiniBalance_Motor_Init) for MiniBalance_Motor_Init
    main.o(i.main) refers to timer.o(i.MiniBalance_PWM_Init) for MiniBalance_PWM_Init
    main.o(i.main) refers to exti.o(i.EXTI_Init) for EXTI_Init
    main.o(i.main) refers to os_core.o(i.OSInit) for OSInit
    main.o(i.main) refers to cpu_a.o(.text) for CPU_SR_Save
    main.o(i.main) refers to os_task.o(i.OSTaskCreate) for OSTaskCreate
    main.o(i.main) refers to os_core.o(i.OS_Sched0) for OS_Sched0
    main.o(i.main) refers to os_core.o(i.OSStart) for OSStart
    main.o(i.main) refers to os_var.o(.data) for OSSchedLockNestingCtr
    main.o(i.main) refers to main.o(.bss) for START_TASK_STK
    main.o(i.main) refers to main.o(i.start_task) for start_task
    main.o(i.start_task) refers to cpu_core.o(i.CPU_Init) for CPU_Init
    main.o(i.start_task) refers to os_stat.o(i.OSStatTaskCPUUsageInit) for OSStatTaskCPUUsageInit
    main.o(i.start_task) refers to os_core.o(i.OSSchedRoundRobinCfg) for OSSchedRoundRobinCfg
    main.o(i.start_task) refers to cpu_a.o(.text) for CPU_SR_Save
    main.o(i.start_task) refers to os_task.o(i.OSTaskCreate) for OSTaskCreate
    main.o(i.start_task) refers to os_core.o(i.OS_Sched0) for OS_Sched0
    main.o(i.start_task) refers to os_task.o(i.OSTaskDel) for OSTaskDel
    main.o(i.start_task) refers to os_var.o(.data) for OSSchedLockNestingCtr
    main.o(i.start_task) refers to main.o(.bss) for LED_TASK_STK
    main.o(i.start_task) refers to main.o(i.LED_task) for LED_task
    main.o(i.start_task) refers to main.o(i.KEY_task) for KEY_task
    main.o(i.start_task) refers to main.o(i.ALLPID_task) for ALLPID_task
    delay.o(i.SysTick_Handler) refers to os_core.o(i.OSIntEnter) for OSIntEnter
    delay.o(i.SysTick_Handler) refers to os_time.o(i.OSTimeTick) for OSTimeTick
    delay.o(i.SysTick_Handler) refers to os_core.o(i.OSIntExit) for OSIntExit
[...]
    CPU_CntTrailZeros                        0x08000141   Thumb Code     0  cpu_a.o(.text)
    CPU_RevBits                              0x0800014b   Thumb Code     0  cpu_a.o(.text)
    __aeabi_uldivmod                         0x08000151   Thumb Code    98  uldiv.o(.text)
    __aeabi_ldivmod                          0x080001b3   Thumb Code    98  ldiv.o(.text)
    __aeabi_memcpy                           0x08000215   Thumb Code    36  memcpya.o(.text)
    __aeabi_memcpy4                          0x08000215   Thumb Code     0  memcpya.o(.text)
    __aeabi_memcpy8                          0x08000215   Thumb Code     0  memcpya.o(.text)
    __aeabi_memset                           0x08000239   Thumb Code    14  memseta.o(.text)
    __aeabi_memset4                          0x08000239   Thumb Code     0  memseta.o(.text)
    __aeabi_memset8                          0x08000239   Thumb Code     0  memseta.o(.text)
    __aeabi_memclr                           0x08000247   Thumb Code     4  memseta.o(.text)
    __aeabi_memclr4                          0x08000247   Thumb Code     0  memseta.o(.text)
    __aeabi_memclr8                          0x08000247   Thumb Code     0  memseta.o(.text)
    _memset$wrapper                          0x0800024b   Thumb Code    18  memseta.o(.text)
    memcmp                                   0x0800025d   Thumb Code    26  memcmp.o(.text)
    __aeabi_fadd                             0x08000277   Thumb Code   164  fadd.o(.text)
    __aeabi_fsub                             0x0800031b   Thumb Code     6  fadd.o(.text)
    __aeabi_frsub                            0x08000321   Thumb Code     6  fadd.o(.text)
    __aeabi_fmul                             0x08000327   Thumb Code   100  fmul.o(.text)
    __aeabi_fdiv                             0x0800038b   Thumb Code   124  fdiv.o(.text)
    __aeabi_dadd                             0x08000407   Thumb Code   322  dadd.o(.text)
    __aeabi_dsub                             0x08000549   Thumb Code     6  dadd.o(.text)
    __aeabi_drsub                            0x0800054f   Thumb Code     6  dadd.o(.text)
    __aeabi_dmul                             0x08000555   Thumb Code   228  dmul.o(.text)
    __aeabi_i2f                              0x08000639   Thumb Code    18  fflti.o(.text)
    __aeabi_ui2f                             0x0800064b   Thumb Code    10  ffltui.o(.text)
    __aeabi_f2iz                             0x08000655   Thumb Code    50  ffixi.o(.text)
    __aeabi_f2uiz                            0x08000687   Thumb Code    40  ffixui.o(.text)
    __aeabi_f2d                              0x080006af   Thumb Code    38  f2d.o(.text)
    __aeabi_cdcmpeq                          0x080006d5   Thumb Code     0  cdcmple.o(.text)
    __aeabi_cdcmple                          0x080006d5   Thumb Code    48  cdcmple.o(.text)
    __aeabi_d2f                              0x08000705   Thumb Code    56  d2f.o(.text)
    __aeabi_cfcmpeq                          0x0800073d   Thumb Code     0  cfcmple.o(.text)
    __aeabi_cfcmple                          0x0800073d   Thumb Code    20  cfcmple.o(.text)
    __aeabi_cfrcmple                         0x08000751   Thumb Code    20  cfrcmple.o(.text)
    __aeabi_uidiv                            0x08000765   Thumb Code     0  uidiv.o(.text)
    __aeabi_uidivmod                         0x08000765   Thumb Code    44  uidiv.o(.text)
    __aeabi_llsl                             0x08000791   Thumb Code    30  llshl.o(.text)
    _ll_shift_l                              0x08000791   Thumb Code     0  llshl.o(.text)
    __aeabi_llsr                             0x080007af   Thumb Code    32  llushr.o(.text)
    _ll_ushift_r                             0x080007af   Thumb Code     0  llushr.o(.text)
    __aeabi_lasr                             0x080007cf   Thumb Code    36  llsshr.o(.text)
    _ll_sshift_r                             0x080007cf   Thumb Code     0  llsshr.o(.text)
    __I$use$fp                               0x080007f3   Thumb Code     0  iusefp.o(.text)
    _float_round                             0x080007f3   Thumb Code    18  fepilogue.o(.text)
    _float_epilogue                          0x08000805   Thumb Code    92  fepilogue.o(.text)
    _double_round                            0x08000861   Thumb Code    30  depilogue.o(.text)
    _double_epilogue                         0x0800087f   Thumb Code   156  depilogue.o(.text)
    __aeabi_ddiv                             0x0800091b   Thumb Code   222  ddiv.o(.text)
    __ARM_scalbn                             0x080009f9   Thumb Code    46  dscalb.o(.text)
    scalbn                                   0x080009f9   Thumb Code     0  dscalb.o(.text)
    __scatterload                            0x08000a29   Thumb Code    28  init.o(.text)
    __scatterload_rt2                        0x08000a29   Thumb Code     0  init.o(.text)
    __I$use$semihosting$fputc                0x08000a4d   Thumb Code     0  iusesemip.o(.text)
    __semihosting_library_function           0x08000a4d   Thumb Code     0  semi.o(.text)
    _dsqrt                                   0x08000a4d   Thumb Code   162  dsqrt.o(.text)
    __decompress                             0x08000aef   Thumb Code     0  __dczerorl2.o(.text)
    __decompress1                            0x08000aef   Thumb Code    86  __dczerorl2.o(.text)
    OSStartHighRdy                           0x08000b45   Thumb Code     0  os_cpu_a.o(CODE)
    PendSV_Handler                           0x08000b67   Thumb Code     0  os_cpu_a.o(CODE)
    ALLPID_task                              0x08000bc9   Thumb Code   258  main.o(i.ALLPID_task)
    BSP_CPU_ClkFreq                          0x08000ce9   Thumb Code    16  bsp.o(i.BSP_CPU_ClkFreq)
    CPU_Init                                 0x08000cf9   Thumb Code    12  cpu_core.o(i.CPU_Init)
    CPU_NameClr                              0x08000d05   Thumb Code    42  cpu_core.o(i.CPU_NameClr)
    CPU_TS_TmrFreqSet                        0x08000d51   Thumb Code     6  cpu_core.o(i.CPU_TS_TmrFreqSet)
    CPU_TS_TmrInit                           0x08000d5d   Thumb Code    44  bsp.o(i.CPU_TS_TmrInit)
    CPU_TS_TmrRd                             0x08000d91   Thumb Code     6  bsp.o(i.CPU_TS_TmrRd)
    DMP_Init                                 0x08000d9d   Thumb Code   148  mpu6050.o(i.DMP_Init)
    EXTI9_5_IRQHandler                       0x08000e35   Thumb Code   198  allcontrol.o(i.EXTI9_5_IRQHandler)
    EXTI_Init                                0x08000f31   Thumb Code    76  exti.o(i.EXTI_Init)
    Encoder_Init_TIM2                        0x08000f85   Thumb Code   186  timer.o(i.Encoder_Init_TIM2)
    Encoder_Init_TIM4                        0x08001049   Thumb Code   224  timer.o(i.Encoder_Init_TIM4)
    Ex_NVIC_Config                           0x08001135   Thumb Code   146  sys.o(i.Ex_NVIC_Config)
    Get_Angle                                0x080011d5   Thumb Code    64  allcontrol.o(i.Get_Angle)
    I2C_ReadOneByte                          0x08001231   Thumb Code    70  mpuiic.o(i.I2C_ReadOneByte)
    IIC_Ack                                  0x08001279   Thumb Code    64  mpuiic.o(i.IIC_Ack)
    IIC_Init                                 0x080012c5   Thumb Code    36  mpuiic.o(i.IIC_Init)
    IIC_NAck                                 0x080012f1   Thumb Code    62  mpuiic.o(i.IIC_NAck)
    IIC_Read_Byte                            0x0800133d   Thumb Code    98  mpuiic.o(i.IIC_Read_Byte)
    IIC_Send_Byte                            0x080013ad   Thumb Code    88  mpuiic.o(i.IIC_Send_Byte)
    IIC_Start                                0x08001411   Thumb Code    92  mpuiic.o(i.IIC_Start)
    IIC_Stop                                 0x08001479   Thumb Code    60  mpuiic.o(i.IIC_Stop)
    IIC_Wait_Ack                             0x080014c1   Thumb Code    92  mpuiic.o(i.IIC_Wait_Ack)
    IICreadByte                              0x08001529   Thumb Code    22  mpuiic.o(i.IICreadByte)
    IICwriteBit                              0x0800153f   Thumb Code    64  mpuiic.o(i.IICwriteBit)
    IICwriteBits                             0x0800157f   Thumb Code   106  mpuiic.o(i.IICwriteBits)
    IICwriteByte                             0x080015e9   Thumb Code    20  mpuiic.o(i.IICwriteByte)
    IICwriteBytes                            0x080015fd   Thumb Code    70  mpuiic.o(i.IICwriteBytes)
    KEY_task                                 0x08001645   Thumb Code    82  main.o(i.KEY_task)
    LED_Init                                 0x0800169d   Thumb Code    52  led.o(i.LED_Init)
    LED_task                                 0x080016d9   Thumb Code    42  main.o(i.LED_task)
    MPU6050_initialize                       0x08001709   Thumb Code    40  mpu6050.o(i.MPU6050_initialize)
    MPU6050_setClockSource                   0x08001731   Thumb Code    20  mpu6050.o(i.MPU6050_setClockSource)
    MPU6050_setFullScaleAccelRange           0x08001745   Thumb Code    20  mpu6050.o(i.MPU6050_setFullScaleAccelRange)
    MPU6050_setFullScaleGyroRange            0x08001759   Thumb Code    20  mpu6050.o(i.MPU6050_setFullScaleGyroRange)
    MPU6050_setI2CBypassEnabled              0x0800176d   Thumb Code    18  mpu6050.o(i.MPU6050_setI2CBypassEnabled)
    MPU6050_setI2CMasterModeEnabled          0x0800177f   Thumb Code    18  mpu6050.o(i.MPU6050_setI2CMasterModeEnabled)
    MPU6050_setSleepEnabled                  0x08001791   Thumb Code    18  mpu6050.o(i.MPU6050_setSleepEnabled)
    MYDMA_Config                             0x080017a5   Thumb Code    82  usart.o(i.MYDMA_Config)
    MYDMA_Enable                             0x08001809   Thumb Code    22  usart.o(i.MYDMA_Enable)
    MYRCC_DeInit                             0x08001821   Thumb Code    90  sys.o(i.MYRCC_DeInit)
    MY_NVIC_Init                             0x08001889   Thumb Code   116  sys.o(i.MY_NVIC_Init)
    MY_NVIC_PriorityGroupConfig              0x08001901   Thumb Code    32  sys.o(i.MY_NVIC_PriorityGroupConfig)
    MY_NVIC_SetVectorTable                   0x08001929   Thumb Code    12  sys.o(i.MY_NVIC_SetVectorTable)
    Mem_Clr                                  0x0800193d   Thumb Code    18  lib_mem.o(i.Mem_Clr)
    Mem_Set                                  0x0800194f   Thumb Code    84  lib_mem.o(i.Mem_Set)
    MiniBalance_Motor_Init                   0x080019a5   Thumb Code    36  timer.o(i.MiniBalance_Motor_Init)
    MiniBalance_PWM_Init                     0x080019d5   Thumb Code   184  timer.o(i.MiniBalance_PWM_Init)
    OLED_Clear                               0x08001a99   Thumb Code    64  oled.o(i.OLED_Clear)
    OLED_Init                                0x08001ad9   Thumb Code   356  oled.o(i.OLED_Init)
    OLED_Set_Pos                             0x08001c4d   Thumb Code    46  oled.o(i.OLED_Set_Pos)
    OLED_ShowCHinese                         0x08001c7d   Thumb Code    98  oled.o(i.OLED_ShowCHinese)
    OLED_ShowChar                            0x08001ce5   Thumb Code   154  oled.o(i.OLED_ShowChar)
    OLED_ShowNum                             0x08001d89   Thumb Code   136  oled.o(i.OLED_ShowNum)
    OLED_ShowString                          0x08001e11   Thumb Code    58  oled.o(i.OLED_ShowString)
    OLED_WR_Byte                             0x08001e4d   Thumb Code   116  oled.o(i.OLED_WR_Byte)
    OSCfg_Init                               0x08001ec5   Thumb Code    86  os_cfg_app.o(i.OSCfg_Init)
    OSIdleTaskHook                           0x08001fc1   Thumb Code    16  os_cpu_c.o(i.OSIdleTaskHook)
    OSInit                                   0x08001fd5   Thumb Code   300  os_core.o(i.OSInit)
    OSInitHook                               0x08002161   Thumb Code    42  os_cpu_c.o(i.OSInitHook)
    OSIntEnter                               0x08002199   Thumb Code    34  os_core.o(i.OSIntEnter)
    OSIntExit                                0x080021c5   Thumb Code   192  os_core.o(i.OSIntExit)
    OSSched                                  0x080022a9   Thumb Code   134  os_core.o(i.OSSched)
    OSSchedLock                              0x08002351   Thumb Code   104  os_core.o(i.OSSchedLock)
    OSSchedRoundRobinCfg                     0x080023c5   Thumb Code    88  os_core.o(i.OSSchedRoundRobinCfg)
    OSSchedUnlock                            0x08002429   Thumb Code   136  os_core.o(i.OSSchedUnlock)
    OSStart                                  0x080024bd   Thumb Code    78  os_core.o(i.OSStart)
    OSStatReset                              0x08002525   Thumb Code   270  os_stat.o(i.OSStatReset)
    OSStatTaskCPUUsageInit                   0x0800265d   Thumb Code   212  os_stat.o(i.OSStatTaskCPUUsageInit)
    OSStatTaskHook                           0x0800274d   Thumb Code    16  os_cpu_c.o(i.OSStatTaskHook)
    OSTaskCreate                             0x08002761   Thumb Code   566  os_task.o(i.OSTaskCreate)
    OSTaskCreateHook                         0x080029bd   Thumb Code    20  os_cpu_c.o(i.OSTaskCreateHook)
    OSTaskDel                                0x080029d5   Thumb Code   424  os_task.o(i.OSTaskDel)
    OSTaskDelHook                            0x08002b99   Thumb Code    20  os_cpu_c.o(i.OSTaskDelHook)
    OSTaskResume                             0x08002bb1   Thumb Code   112  os_task.o(i.OSTaskResume)
    OSTaskReturnHook                         0x08002c2d   Thumb Code    20  os_cpu_c.o(i.OSTaskReturnHook)
    OSTaskSemPend                            0x08002c45   Thumb Code   520  os_task.o(i.OSTaskSemPend)
    OSTaskStkChk                             0x08002e59   Thumb Code   204  os_task.o(i.OSTaskStkChk)
    OSTaskStkInit                            0x08002f2d   Thumb Code   188  os_cpu_c.o(i.OSTaskStkInit)
    OSTaskSuspend                            0x08002fed   Thumb Code    78  os_task.o(i.OSTaskSuspend)
    OSTaskSwHook                             0x0800304d   Thumb Code   120  os_cpu_c.o(i.OSTaskSwHook)
    OSTimeDly                                0x080030d5   Thumb Code   266  os_time.o(i.OSTimeDly)
    OSTimeDlyHMSM                            0x080031ed   Thumb Code   480  os_time.o(i.OSTimeDlyHMSM)
    OSTimeTick                               0x080033dd   Thumb Code    54  os_time.o(i.OSTimeTick)
    OSTimeTickHook                           0x08003421   Thumb Code    16  os_cpu_c.o(i.OSTimeTickHook)
    OS_Dbg_Init                              0x08003435   Thumb Code   146  os_dbg.o(i.OS_Dbg_Init)
    OS_FlagInit                              0x080035e5   Thumb Code    14  os_flag.o(i.OS_FlagInit)
    OS_FlagPost                              0x080035fd   Thumb Code   552  os_flag.o(i.OS_FlagPost)
    OS_FlagTaskRdy                           0x0800382d   Thumb Code    86  os_flag.o(i.OS_FlagTaskRdy)
    OS_IdleTask                              0x08003885   Thumb Code    60  os_core.o(i.OS_IdleTask)
    OS_IdleTaskInit                          0x080038c9   Thumb Code    66  os_core.o(i.OS_IdleTaskInit)
    OS_IntQPost                              0x08003939   Thumb Code   216  os_int.o(i.OS_IntQPost)
    OS_IntQRePost                            0x08003a35   Thumb Code   360  os_int.o(i.OS_IntQRePost)
    OS_IntQTask                              0x08003bd9   Thumb Code   162  os_int.o(i.OS_IntQTask)
    OS_IntQTaskInit                          0x08003c8d   Thumb Code   206  os_int.o(i.OS_IntQTaskInit)
    OS_MemInit                               0x08003db5   Thumb Code    14  os_mem.o(i.OS_MemInit)
    OS_MsgPoolCreate                         0x08003dcd   Thumb Code    54  os_msg.o(i.OS_MsgPoolCreate)
    OS_MsgPoolInit                           0x08003e05   Thumb Code    70  os_msg.o(i.OS_MsgPoolInit)
    OS_MsgQFreeAll                           0x08003e59   Thumb Code    62  os_msg.o(i.OS_MsgQFreeAll)
    OS_MsgQInit                              0x08003e9d   Thumb Code    14  os_msg.o(i.OS_MsgQInit)
    OS_MsgQPut                               0x08003ead   Thumb Code   246  os_msg.o(i.OS_MsgQPut)
    OS_MutexInit                             0x08003fa9   Thumb Code    14  os_mutex.o(i.OS_MutexInit)
    OS_Pend                                  0x08003fc1   Thumb Code    98  os_core.o(i.OS_Pend)
    OS_PendDataInit                          0x08004029   Thumb Code    38  os_core.o(i.OS_PendDataInit)
    OS_PendDbgNameAdd                        0x08004051   Thumb Code    66  os_core.o(i.OS_PendDbgNameAdd)
    OS_PendDbgNameRemove                     0x080040ad   Thumb Code    30  os_core.o(i.OS_PendDbgNameRemove)
    OS_PendListInsertPrio                    0x080040d1   Thumb Code   102  os_core.o(i.OS_PendListInsertPrio)
    OS_PendListRemove                        0x08004137   Thumb Code    48  os_core.o(i.OS_PendListRemove)
    OS_PendListRemove1                       0x08004167   Thumb Code    66  os_core.o(i.OS_PendListRemove1)
    OS_Post                                  0x080041a9   Thumb Code   192  os_core.o(i.OS_Post)
    OS_Post1                                 0x08004269   Thumb Code    42  os_core.o(i.OS_Post1)
    OS_PrioGetHighest                        0x08004295   Thumb Code    36  os_prio.o(i.OS_PrioGetHighest)
    OS_PrioInit                              0x080042bd   Thumb Code    20  os_prio.o(i.OS_PrioInit)
    OS_PrioInsert                            0x080042d5   Thumb Code    32  os_prio.o(i.OS_PrioInsert)
    OS_PrioRemove                            0x080042f9   Thumb Code    32  os_prio.o(i.OS_PrioRemove)
    OS_QInit                                 0x0800431d   Thumb Code    14  os_q.o(i.OS_QInit)
    OS_QPost                                 0x08004335   Thumb Code   324  os_q.o(i.OS_QPost)
    OS_RdyListInit                           0x08004481   Thumb Code    32  os_core.o(i.OS_RdyListInit)
    OS_RdyListInsert                         0x080044a5   Thumb Code    40  os_core.o(i.OS_RdyListInsert)
    OS_RdyListInsertHead                     0x080044d1   Thumb Code    58  os_core.o(i.OS_RdyListInsertHead)
    OS_RdyListInsertTail                     0x08004511   Thumb Code    56  os_core.o(i.OS_RdyListInsertTail)
    OS_RdyListMoveHeadToTail                 0x0800454d   Thumb Code    68  os_core.o(i.OS_RdyListMoveHeadToTail)
    OS_RdyListRemove                         0x08004591   Thumb Code    86  os_core.o(i.OS_RdyListRemove)
    OS_Sched0                                0x080045ed   Thumb Code    72  os_core.o(i.OS_Sched0)
    OS_SchedLockTimeMeasStart                0x08004649   Thumb Code    20  os_core.o(i.OS_SchedLockTimeMeasStart)
    OS_SchedLockTimeMeasStop                 0x08004665   Thumb Code    44  os_core.o(i.OS_SchedLockTimeMeasStop)
    OS_SchedRoundRobin                       0x080046a1   Thumb Code   190  os_core.o(i.OS_SchedRoundRobin)
    OS_SemInit                               0x08004771   Thumb Code    14  os_sem.o(i.OS_SemInit)
    OS_SemPost                               0x08004789   Thumb Code   350  os_sem.o(i.OS_SemPost)
    OS_StatTask                              0x080048ed   Thumb Code   790  os_stat.o(i.OS_StatTask)
    OS_StatTaskInit                          0x08004c49   Thumb Code   136  os_stat.o(i.OS_StatTaskInit)
    OS_TaskBlock                             0x08004d15   Thumb Code    56  os_core.o(i.OS_TaskBlock)
    OS_TaskDbgListAdd                        0x08004d4d   Thumb Code    42  os_task.o(i.OS_TaskDbgListAdd)
    OS_TaskDbgListRemove                     0x08004d7d   Thumb Code    64  os_task.o(i.OS_TaskDbgListRemove)
    OS_TaskInit                              0x08004dc1   Thumb Code    18  os_task.o(i.OS_TaskInit)
    OS_TaskInitTCB                           0x08004de1   Thumb Code   186  os_task.o(i.OS_TaskInitTCB)
    OS_TaskQPost                             0x08004ea9   Thumb Code   510  os_task.o(i.OS_TaskQPost)
    OS_TaskRdy                               0x080050b5   Thumb Code    28  os_core.o(i.OS_TaskRdy)
    OS_TaskResume                            0x080050d1   Thumb Code   314  os_task.o(i.OS_TaskResume)
    OS_TaskReturn                            0x08005211   Thumb Code    20  os_task.o(i.OS_TaskReturn)
    OS_TaskSemPost                           0x08005229   Thumb Code  1210  os_task.o(i.OS_TaskSemPost)
    OS_TaskSuspend                           0x080056ed   Thumb Code   328  os_task.o(i.OS_TaskSuspend)
    OS_TickListInit                          0x0800583d   Thumb Code    32  os_tick.o(i.OS_TickListInit)
    OS_TickListInsert                        0x08005865   Thumb Code   430  os_tick.o(i.OS_TickListInsert)
    OS_TickListRemove                        0x08005a21   Thumb Code    56  os_tick.o(i.OS_TickListRemove)
    OS_TickListResetPeak                     0x08005a59   Thumb Code    28  os_tick.o(i.OS_TickListResetPeak)
    OS_TickListUpdate                        0x08005a7d   Thumb Code   480  os_tick.o(i.OS_TickListUpdate)
    OS_TickTask                              0x08005c75   Thumb Code    38  os_tick.o(i.OS_TickTask)
    OS_TickTaskInit                          0x08005ca1   Thumb Code   128  os_tick.o(i.OS_TickTaskInit)
    OS_TmrInit                               0x08005d59   Thumb Code   206  os_tmr.o(i.OS_TmrInit)
    OS_TmrLink                               0x08005e81   Thumb Code   196  os_tmr.o(i.OS_TmrLink)
    OS_TmrResetPeak                          0x08005f51   Thumb Code    28  os_tmr.o(i.OS_TmrResetPeak)
    OS_TmrTask                               0x08005f75   Thumb Code   176  os_tmr.o(i.OS_TmrTask)
    OS_TmrUnlink                             0x08006035   Thumb Code    72  os_tmr.o(i.OS_TmrUnlink)
    RCC_GetClocksFreq                        0x08006085   Thumb Code   192  bsp.o(i.RCC_GetClocksFreq)
    Read_DMP                                 0x08006159   Thumb Code   396  mpu6050.o(i.Read_DMP)
    Read_Encoder                             0x0800630d   Thumb Code    70  timer.o(i.Read_Encoder)
    Set_Pwm                                  0x0800635d   Thumb Code   102  allcontrol.o(i.Set_Pwm)
    Stm32_Clock_Init                         0x080063d1   Thumb Code   134  sys.o(i.Stm32_Clock_Init)
    SysTick_Handler                          0x08006461   Thumb Code    24  delay.o(i.SysTick_Handler)
    TIM2_IRQHandler                          0x0800647d   Thumb Code    34  timer.o(i.TIM2_IRQHandler)
    TIM4_IRQHandler                          0x080064a1   Thumb Code    28  timer.o(i.TIM4_IRQHandler)
    Turn_Off                                 0x080064c1   Thumb Code    58  allcontrol.o(i.Turn_Off)
    USART1_IRQHandler                        0x0800650d   Thumb Code   276  usart.o(i.USART1_IRQHandler)
    Xianfu_Pwm                               0x08006645   Thumb Code    62  allcontrol.o(i.Xianfu_Pwm)
    __0printf$1                              0x0800668d   Thumb Code    22  printf1.o(i.__0printf$1)
    __1printf$1                              0x0800668d   Thumb Code     0  printf1.o(i.__0printf$1)
    __2printf                                0x0800668d   Thumb Code     0  printf1.o(i.__0printf$1)
    __ARM_fpclassify                         0x080066ad   Thumb Code    40  fpclassify.o(i.__ARM_fpclassify)
    __kernel_poly                            0x080066d5   Thumb Code   170  poly.o(i.__kernel_poly)
    __mathlib_dbl_infnan                     0x0800677f   Thumb Code     6  dunder.o(i.__mathlib_dbl_infnan)
    __mathlib_dbl_infnan2                    0x08006785   Thumb Code     4  dunder.o(i.__mathlib_dbl_infnan2)
    __mathlib_dbl_invalid                    0x08006789   Thumb Code    12  dunder.o(i.__mathlib_dbl_invalid)
    __mathlib_dbl_underflow                  0x08006795   Thumb Code    10  dunder.o(i.__mathlib_dbl_underflow)
    __scatterload_copy                       0x080067a5   Thumb Code    14  handlers.o(i.__scatterload_copy)
    __scatterload_null                       0x080067b3   Thumb Code     2  handlers.o(i.__scatterload_null)
    __scatterload_zeroinit                   0x080067b5   Thumb Code    14  handlers.o(i.__scatterload_zeroinit)
    __set_errno                              0x080067c5   Thumb Code     6  errno.o(i.__set_errno)
    asin                                     0x080069cd   Thumb Code   572  asin.o(i.asin)
    atan                                     0x08006c3d   Thumb Code   474  atan.o(i.atan)
    atan2                                    0x08006e5d   Thumb Code   346  atan2.o(i.atan2)
    balance                                  0x08006fdd   Thumb Code    64  allcontrol.o(i.balance)
    delay_init                               0x08007085   Thumb Code   100  delay.o(i.delay_init)
    delay_ms                                 0x080070f9   Thumb Code    66  delay.o(i.delay_ms)
    delay_osschedlock                        0x08007149   Thumb Code    10  delay.o(i.delay_osschedlock)
    delay_osschedunlock                      0x08007153   Thumb Code    10  delay.o(i.delay_osschedunlock)
    delay_ostimedly                          0x0800715d   Thumb Code    16  delay.o(i.delay_ostimedly)
    delay_us                                 0x0800716d   Thumb Code    84  delay.o(i.delay_us)
    dmp_enable_6x_lp_quat                    0x080071c5   Thumb Code    60  inv_mpu_dmp_motion_driver.o(i.dmp_enable_6x_lp_quat)
    dmp_enable_feature                       0x08007201   Thumb Code   530  inv_mpu_dmp_motion_driver.o(i.dmp_enable_feature)
    dmp_enable_gyro_cal                      0x0800741d   Thumb Code    62  inv_mpu_dmp_motion_driver.o(i.dmp_enable_gyro_cal)
    dmp_enable_lp_quat                       0x08007475   Thumb Code    60  inv_mpu_dmp_motion_driver.o(i.dmp_enable_lp_quat)
    dmp_load_motion_driver_firmware          0x080074b1   Thumb Code    20  inv_mpu_dmp_motion_driver.o(i.dmp_load_motion_driver_firmware)
    dmp_read_fifo                            0x080074c9   Thumb Code   456  inv_mpu_dmp_motion_driver.o(i.dmp_read_fifo)
    dmp_set_accel_bias                       0x08007695   Thumb Code   300  inv_mpu_dmp_motion_driver.o(i.dmp_set_accel_bias)
    dmp_set_fifo_rate                        0x080077c5   Thumb Code    96  inv_mpu_dmp_motion_driver.o(i.dmp_set_fifo_rate)
    dmp_set_gyro_bias                        0x08007835   Thumb Code   294  inv_mpu_dmp_motion_driver.o(i.dmp_set_gyro_bias)
    dmp_set_orientation                      0x08007965   Thumb Code   290  inv_mpu_dmp_motion_driver.o(i.dmp_set_orientation)
    dmp_set_shake_reject_thresh              0x08007a9d   Thumb Code    56  inv_mpu_dmp_motion_driver.o(i.dmp_set_shake_reject_thresh)
    dmp_set_shake_reject_time                0x08007ad5   Thumb Code    38  inv_mpu_dmp_motion_driver.o(i.dmp_set_shake_reject_time)
    dmp_set_shake_reject_timeout             0x08007afb   Thumb Code    38  inv_mpu_dmp_motion_driver.o(i.dmp_set_shake_reject_timeout)
    dmp_set_tap_axes                         0x08007b21   Thumb Code    70  inv_mpu_dmp_motion_driver.o(i.dmp_set_tap_axes)
    dmp_set_tap_count                        0x08007b67   Thumb Code    38  inv_mpu_dmp_motion_driver.o(i.dmp_set_tap_count)
    dmp_set_tap_thresh                       0x08007b8d   Thumb Code   396  inv_mpu_dmp_motion_driver.o(i.dmp_set_tap_thresh)
    dmp_set_tap_time                         0x08007d2d   Thumb Code    38  inv_mpu_dmp_motion_driver.o(i.dmp_set_tap_time)
    dmp_set_tap_time_multi                   0x08007d53   Thumb Code    38  inv_mpu_dmp_motion_driver.o(i.dmp_set_tap_time_multi)
    fputc                                    0x08007d79   Thumb Code    18  fputc.o(i.fputc)
    i2cRead                                  0x080083c1   Thumb Code   118  mpuiic.o(i.i2cRead)
    i2cWrite                                 0x08008437   Thumb Code    96  mpuiic.o(i.i2cWrite)
    key_init                                 0x0800850d   Thumb Code    52  key.o(i.key_init)
    key_scan                                 0x08008549   Thumb Code    28  key.o(i.key_scan)
    main                                     0x08008571   Thumb Code   342  main.o(i.main)
    mpu_configure_fifo                       0x080086e9   Thumb Code   106  inv_mpu.o(i.mpu_configure_fifo)
    mpu_get_accel_fsr                        0x08008759   Thumb Code    72  inv_mpu.o(i.mpu_get_accel_fsr)
    mpu_get_accel_sens                       0x080087a5   Thumb Code    78  inv_mpu.o(i.mpu_get_accel_sens)
    mpu_get_fifo_config                      0x080087f9   Thumb Code    12  inv_mpu.o(i.mpu_get_fifo_config)
    mpu_get_gyro_fsr                         0x08008809   Thumb Code    64  inv_mpu.o(i.mpu_get_gyro_fsr)
    mpu_get_gyro_sens                        0x0800884d   Thumb Code    58  inv_mpu.o(i.mpu_get_gyro_sens)
    mpu_get_lpf                              0x0800889d   Thumb Code    74  inv_mpu.o(i.mpu_get_lpf)
    mpu_get_sample_rate                      0x080088ed   Thumb Code    26  inv_mpu.o(i.mpu_get_sample_rate)
    mpu_init                                 0x0800890d   Thumb Code   416  inv_mpu.o(i.mpu_init)
    mpu_load_firmware                        0x08008afd   Thumb Code   180  inv_mpu.o(i.mpu_load_firmware)
    mpu_lp_accel_mode                        0x08008bb5   Thumb Code   218  inv_mpu.o(i.mpu_lp_accel_mode)
    mpu_read_fifo_stream                     0x08008c95   Thumb Code   186  inv_mpu.o(i.mpu_read_fifo_stream)
    mpu_read_mem                             0x08008d55   Thumb Code   122  inv_mpu.o(i.mpu_read_mem)
    mpu_reset_fifo                           0x08008dd5   Thumb Code   438  inv_mpu.o(i.mpu_reset_fifo)
    mpu_run_self_test                        0x08008f91   Thumb Code   278  inv_mpu.o(i.mpu_run_self_test)
    mpu_set_accel_fsr                        0x080090ad   Thumb Code   126  inv_mpu.o(i.mpu_set_accel_fsr)
    mpu_set_bypass                           0x08009131   Thumb Code   328  inv_mpu.o(i.mpu_set_bypass)
    mpu_set_dmp_state                        0x0800927d   Thumb Code   138  inv_mpu.o(i.mpu_set_dmp_state)
    mpu_set_gyro_fsr                         0x0800930d   Thumb Code   132  inv_mpu.o(i.mpu_set_gyro_fsr)
    mpu_set_int_latched                      0x08009395   Thumb Code   102  inv_mpu.o(i.mpu_set_int_latched)
    mpu_set_lpf                              0x08009401   Thumb Code   126  inv_mpu.o(i.mpu_set_lpf)
    mpu_set_sample_rate                      0x08009485   Thumb Code   152  inv_mpu.o(i.mpu_set_sample_rate)
    mpu_set_sensors                          0x08009521   Thumb Code   202  inv_mpu.o(i.mpu_set_sensors)
    mpu_write_mem                            0x080095f1   Thumb Code   122  inv_mpu.o(i.mpu_write_mem)
    myabs                                    0x08009671   Thumb Code    14  allcontrol.o(i.myabs)
    myget_ms                                 0x0800967f   Thumb Code     2  inv_mpu.o(i.myget_ms)
    oled_pow                                 0x08009681   Thumb Code    22  oled.o(i.oled_pow)
    run_self_test                            0x08009697   Thumb Code   148  mpu6050.o(i.run_self_test)
    sqrt                                     0x080097bd   Thumb Code    76  sqrt.o(i.sqrt)
    start_task                               0x08009809   Thumb Code   316  main.o(i.start_task)
    turn                                     0x08009999   Thumb Code   332  allcontrol.o(i.turn)
    uart_init                                0x08009b25   Thumb Code   252  usart.o(i.uart_init)
    velocity                                 0x08009c31   Thumb Code   296  allcontrol.o(i.velocity)
    F6x8                                     0x08009d9c   Data         552  oled.o(.constdata)
    F8X16                                    0x08009fc4   Data        1520  oled.o(.constdata)
    hw                                       0x0800a5b4   Data          12  inv_mpu.o(.constdata)
    reg                                      0x0800a5c0   Data          27  inv_mpu.o(.constdata)
    test                                     0x0800a5dc   Data          40  inv_mpu.o(.constdata)
    OSCfg_IdleTaskStkBasePtr                 0x0800b1fc   Data           4  os_cfg_app.o(.constdata)
    OSCfg_IdleTaskStkLimit                   0x0800b200   Data           4  os_cfg_app.o(.constdata)
    OSCfg_IdleTaskStkSize                    0x0800b204   Data           4  os_cfg_app.o(.constdata)
    OSCfg_IdleTaskStkSizeRAM                 0x0800b208   Data           4  os_cfg_app.o(.constdata)
    OSCfg_IntQBasePtr                        0x0800b20c   Data           4  os_cfg_app.o(.constdata)
    OSCfg_IntQSize                           0x0800b210   Data           2  os_cfg_app.o(.constdata)
    OSCfg_IntQSizeRAM                        0x0800b214   Data           4  os_cfg_app.o(.constdata)
    OSCfg_IntQTaskStkBasePtr                 0x0800b218   Data           4  os_cfg_app.o(.constdata)
    OSCfg_IntQTaskStkLimit                   0x0800b21c   Data           4  os_cfg_app.o(.constdata)
    OSCfg_IntQTaskStkSize                    0x0800b220   Data           4  os_cfg_app.o(.constdata)
    OSCfg_IntQTaskStkSizeRAM                 0x0800b224   Data           4  os_cfg_app.o(.constdata)
    OSCfg_ISRStkBasePtr                      0x0800b228   Data           4  os_cfg_app.o(.constdata)
    OSCfg_ISRStkSize                         0x0800b22c   Data           4  os_cfg_app.o(.constdata)
    OSCfg_ISRStkSizeRAM                      0x0800b230   Data           4  os_cfg_app.o(.constdata)
    OSCfg_MsgPoolSize                        0x0800b234   Data           2  os_cfg_app.o(.constdata)
    OSCfg_MsgPoolSizeRAM                     0x0800b238   Data           4  os_cfg_app.o(.constdata)
    OSCfg_MsgPoolBasePtr                     0x0800b23c   Data           4  os_cfg_app.o(.constdata)
    OSCfg_StatTaskPrio                       0x0800b240   Data           1  os_cfg_app.o(.constdata)
    OSCfg_StatTaskRate_Hz                    0x0800b244   Data           4  os_cfg_app.o(.constdata)
    OSCfg_StatTaskStkBasePtr                 0x0800b248   Data           4  os_cfg_app.o(.constdata)
    OSCfg_StatTaskStkLimit                   0x0800b24c   Data           4  os_cfg_app.o(.constdata)
    OSCfg_StatTaskStkSize                    0x0800b250   Data           4  os_cfg_app.o(.constdata)
    OSCfg_StatTaskStkSizeRAM                 0x0800b254   Data           4  os_cfg_app.o(.constdata)
    OSCfg_StkSizeMin                         0x0800b258   Data           4  os_cfg_app.o(.constdata)
    OSCfg_TickRate_Hz                        0x0800b25c   Data           4  os_cfg_app.o(.constdata)
    OSCfg_TickTaskPrio                       0x0800b260   Data           1  os_cfg_app.o(.constdata)
    OSCfg_TickTaskStkBasePtr                 0x0800b264   Data           4  os_cfg_app.o(.constdata)
    OSCfg_TickTaskStkLimit                   0x0800b268   Data           4  os_cfg_app.o(.constdata)
    OSCfg_TickTaskStkSize                    0x0800b26c   Data           4  os_cfg_app.o(.constdata)
    OSCfg_TickTaskStkSizeRAM                 0x0800b270   Data           4  os_cfg_app.o(.constdata)
    OSCfg_TickWheelSize                      0x0800b274   Data           2  os_cfg_app.o(.constdata)
    OSCfg_TickWheelSizeRAM                   0x0800b278   Data           4  os_cfg_app.o(.constdata)
    OSCfg_TmrTaskPrio                        0x0800b27c   Data           1  os_cfg_app.o(.constdata)
    OSCfg_TmrTaskRate_Hz                     0x0800b280   Data           4  os_cfg_app.o(.constdata)
    OSCfg_TmrTaskStkBasePtr                  0x0800b284   Data           4  os_cfg_app.o(.constdata)
    OSCfg_TmrTaskStkLimit                    0x0800b288   Data           4  os_cfg_app.o(.constdata)
    OSCfg_TmrTaskStkSize                     0x0800b28c   Data           4  os_cfg_app.o(.constdata)
    OSCfg_TmrTaskStkSizeRAM                  0x0800b290   Data           4  os_cfg_app.o(.constdata)
    OSCfg_TmrWheelSize                       0x0800b294   Data           2  os_cfg_app.o(.constdata)
    OSCfg_TmrWheelSizeRAM                    0x0800b298   Data           4  os_cfg_app.o(.constdata)
    OSCfg_DataSizeRAM                        0x0800b29c   Data           4  os_cfg_app.o(.constdata)
    OSDbg_DbgEn                              0x0800b2a0   Data           2  os_dbg.o(.constdata)
    OSDbg_ArgChkEn                           0x0800b2a2   Data           1  os_dbg.o(.constdata)
    OSDbg_AppHooksEn                         0x0800b2a3   Data           1  os_dbg.o(.constdata)
    OSDbg_EndiannessTest                     0x0800b2a4   Data           4  os_dbg.o(.constdata)
    OSDbg_CalledFromISRChkEn                 0x0800b2a8   Data           1  os_dbg.o(.constdata)
    OSDbg_FlagEn                             0x0800b2a9   Data           1  os_dbg.o(.constdata)
    OSDbg_FlagGrp                            0x0800b2ac   Data          40  os_dbg.o(.constdata)
    OSDbg_FlagDelEn                          0x0800b2d4   Data           1  os_dbg.o(.constdata)
    OSDbg_FlagModeClrEn                      0x0800b2d5   Data           1  os_dbg.o(.constdata)
    OSDbg_FlagPendAbortEn                    0x0800b2d6   Data           1  os_dbg.o(.constdata)
    OSDbg_FlagGrpSize                        0x0800b2d8   Data           2  os_dbg.o(.constdata)
    OSDbg_FlagWidth                          0x0800b2da   Data           2  os_dbg.o(.constdata)
    OSDbg_IntQ                               0x0800b2dc   Data           2  os_dbg.o(.constdata)
    OSDbg_ISRPostDeferredEn                  0x0800b2de   Data           1  os_dbg.o(.constdata)
    OSDbg_Mem                                0x0800b2e0   Data          32  os_dbg.o(.constdata)
    OSDbg_MemEn                              0x0800b300   Data           1  os_dbg.o(.constdata)
    OSDbg_MemSize                            0x0800b302   Data           2  os_dbg.o(.constdata)
    OSDbg_MsgEn                              0x0800b304   Data           1  os_dbg.o(.constdata)
    OSDbg_MsgSize                            0x0800b306   Data           2  os_dbg.o(.constdata)
    OSDbg_MsgPoolSize                        0x0800b308   Data           2  os_dbg.o(.constdata)
    OSDbg_MsgQSize                           0x0800b30a   Data           2  os_dbg.o(.constdata)
    OSDbg_Mutex                              0x0800b30c   Data          44  os_dbg.o(.constdata)
    OSDbg_MutexEn                            0x0800b338   Data           1  os_dbg.o(.constdata)
    OSDbg_MutexDelEn                         0x0800b339   Data           1  os_dbg.o(.constdata)
    OSDbg_MutexPendAbortEn                   0x0800b33a   Data           1  os_dbg.o(.constdata)
    OSDbg_MutexSize                          0x0800b33c   Data           2  os_dbg.o(.constdata)
    OSDbg_ObjTypeChkEn                       0x0800b33e   Data           1  os_dbg.o(.constdata)
    OSDbg_PendMultiEn                        0x0800b33f   Data           1  os_dbg.o(.constdata)
    OSDbg_PendDataSize                       0x0800b340   Data           2  os_dbg.o(.constdata)
    OSDbg_PendListSize                       0x0800b342   Data           2  os_dbg.o(.constdata)
    OSDbg_PendObjSize                        0x0800b344   Data           2  os_dbg.o(.constdata)
    OSDbg_PrioMax                            0x0800b346   Data           2  os_dbg.o(.constdata)
    OSDbg_PrioTblSize                        0x0800b348   Data           2  os_dbg.o(.constdata)
    OSDbg_PtrSize                            0x0800b34a   Data           2  os_dbg.o(.constdata)
    OSDbg_Q                                  0x0800b34c   Data          48  os_dbg.o(.constdata)
    OSDbg_QEn                                0x0800b37c   Data           1  os_dbg.o(.constdata)
    OSDbg_QDelEn                             0x0800b37d   Data           1  os_dbg.o(.constdata)
    OSDbg_QFlushEn                           0x0800b37e   Data           1  os_dbg.o(.constdata)
    OSDbg_QPendAbortEn                       0x0800b37f   Data           1  os_dbg.o(.constdata)
    OSDbg_QSize                              0x0800b380   Data           2  os_dbg.o(.constdata)
    OSDbg_SchedRoundRobinEn                  0x0800b382   Data           1  os_dbg.o(.constdata)
    OSDbg_Sem                                0x0800b384   Data          40  os_dbg.o(.constdata)
    OSDbg_SemEn                              0x0800b3ac   Data           1  os_dbg.o(.constdata)
    OSDbg_SemDelEn                           0x0800b3ad   Data           1  os_dbg.o(.constdata)
    OSDbg_SemPendAbortEn                     0x0800b3ae   Data           1  os_dbg.o(.constdata)
    OSDbg_SemSetEn                           0x0800b3af   Data           1  os_dbg.o(.constdata)
    OSDbg_SemSize                            0x0800b3b0   Data           2  os_dbg.o(.constdata)
    OSDbg_RdyList                            0x0800b3b2   Data           2  os_dbg.o(.constdata)
    OSDbg_RdyListSize                        0x0800b3b4   Data           4  os_dbg.o(.constdata)
    OSDbg_StkWidth                           0x0800b3b8   Data           1  os_dbg.o(.constdata)
    OSDbg_StatTaskEn                         0x0800b3b9   Data           1  os_dbg.o(.constdata)
    OSDbg_StatTaskStkChkEn                   0x0800b3ba   Data           1  os_dbg.o(.constdata)
    OSDbg_TaskChangePrioEn                   0x0800b3bb   Data           1  os_dbg.o(.constdata)
    OSDbg_TaskDelEn                          0x0800b3bc   Data           1  os_dbg.o(.constdata)
    OSDbg_TaskQEn                            0x0800b3bd   Data           1  os_dbg.o(.constdata)
    OSDbg_TaskQPendAbortEn                   0x0800b3be   Data           1  os_dbg.o(.constdata)
    OSDbg_TaskProfileEn                      0x0800b3bf   Data           1  os_dbg.o(.constdata)
    OSDbg_TaskRegTblSize                     0x0800b3c0   Data           2  os_dbg.o(.constdata)
    OSDbg_TaskSemPendAbortEn                 0x0800b3c2   Data           1  os_dbg.o(.constdata)
    OSDbg_TaskSuspendEn                      0x0800b3c3   Data           1  os_dbg.o(.constdata)
    OSDbg_TCBSize                            0x0800b3c4   Data           2  os_dbg.o(.constdata)
    OSDbg_TickSpokeSize                      0x0800b3c6   Data           2  os_dbg.o(.constdata)
    OSDbg_TimeDlyHMSMEn                      0x0800b3c8   Data           1  os_dbg.o(.constdata)
    OSDbg_TimeDlyResumeEn                    0x0800b3c9   Data           1  os_dbg.o(.constdata)
    OSDbg_TLS_TblSize                        0x0800b3ca   Data           2  os_dbg.o(.constdata)
    OSDbg_Tmr                                0x0800b3cc   Data          52  os_dbg.o(.constdata)
    OSDbg_TmrEn                              0x0800b400   Data           1  os_dbg.o(.constdata)
    OSDbg_TmrDelEn                           0x0800b401   Data           1  os_dbg.o(.constdata)
    OSDbg_TmrSize                            0x0800b402   Data           2  os_dbg.o(.constdata)
    OSDbg_TmrSpokeSize                       0x0800b404   Data           2  os_dbg.o(.constdata)
    OSDbg_VersionNbr                         0x0800b406   Data           2  os_dbg.o(.constdata)
    OSDbg_DataSize                           0x0800b408   Data           4  os_dbg.o(.constdata)
    __mathlib_zero                           0x0800b4f8   Data           8  qnan.o(.constdata)
    Region$$Table$$Base                      0x0800b550   Number         0  anon$$obj.o(Region$$Table)
    Region$$Table$$Limit                     0x0800b570   Number         0  anon$$obj.o(Region$$Table)
    Usart1_Rec_Cnt                           0x2000002c   Data           2  usart.o(.data)
    control                                  0x2000002e   Data           2  usart.o(.data)
    Flag_Qian                                0x20000030   Data           1  usart.o(.data)
    Flag_Hou                                 0x20000031   Data           1  usart.o(.data)
    Flag_Left                                0x20000032   Data           1  usart.o(.data)
    Flag_Right                               0x20000033   Data           1  usart.o(.data)
    Trg                                      0x20000034   Data           1  key.o(.data)
    Cont                                     0x20000035   Data           1  key.o(.data)
    Hzk                                      0x20000036   Data         832  oled.o(.data)
    gyro                                     0x20000378   Data           6  mpu6050.o(.data)
    accel                                    0x2000037e   Data           6  mpu6050.o(.data)
    sensors                                  0x20000384   Data           2  mpu6050.o(.data)
    Pitch                                    0x20000388   Data           4  mpu6050.o(.data)
    Roll                                     0x2000038c   Data           4  mpu6050.o(.data)
    q0                                       0x20000390   Data           4  mpu6050.o(.data)
    q1                                       0x20000394   Data           4  mpu6050.o(.data)
    q2                                       0x20000398   Data           4  mpu6050.o(.data)
    q3                                       0x2000039c   Data           4  mpu6050.o(.data)
    Flag_Show                                0x200003a9   Data           1  mpu6050.o(.data)
    Gx_offset                                0x200003aa   Data           2  mpu6050.o(.data)
    Gy_offset                                0x200003ac   Data           2  mpu6050.o(.data)
    Gz_offset                                0x200003ae   Data           2  mpu6050.o(.data)
    Balance_Pwm                              0x200003c4   Data           4  allcontrol.o(.data)
    Velocity_Pwm                             0x200003c8   Data           4  allcontrol.o(.data)
    Turn_Pwm                                 0x200003cc   Data           4  allcontrol.o(.data)
    Moto1                                    0x200003d0   Data           4  allcontrol.o(.data)
    Moto2                                    0x200003d4   Data           4  allcontrol.o(.data)
    Encoder_Left                             0x200003d8   Data           4  allcontrol.o(.data)
    Encoder_Right                            0x200003dc   Data           4  allcontrol.o(.data)
    Angle_Balance                            0x200003e0   Data           4  allcontrol.o(.data)
    Gyro_Balance                             0x200003e4   Data           4  allcontrol.o(.data)
    Gyro_Turn                                0x200003e8   Data           4  allcontrol.o(.data)
    Acceleration_Z                           0x200003f0   Data           4  allcontrol.o(.data)
    CPU_TS_TmrFreq_Hz                        0x20000460   Data           4  cpu_core.o(.data)
    OSPrioTbl                                0x20000464   Data           8  os_prio.o(.data)
    OS_AppTaskCreateHookPtr                  0x2000046c   Data           4  os_var.o(.data)
    OS_AppTaskDelHookPtr                     0x20000470   Data           4  os_var.o(.data)
    OS_AppTaskReturnHookPtr                  0x20000474   Data           4  os_var.o(.data)
    OS_AppIdleTaskHookPtr                    0x20000478   Data           4  os_var.o(.data)
    OS_AppStatTaskHookPtr                    0x2000047c   Data           4  os_var.o(.data)
    OS_AppTaskSwHookPtr                      0x20000480   Data           4  os_var.o(.data)
    OS_AppTimeTickHookPtr                    0x20000484   Data           4  os_var.o(.data)
    OSIdleTaskCtr                            0x20000488   Data           4  os_var.o(.data)
    OSIntNestingCtr                          0x2000048c   Data           1  os_var.o(.data)
    OSRunning                                0x2000048d   Data           1  os_var.o(.data)
    OSIntQInPtr                              0x20000490   Data           4  os_var.o(.data)
    OSIntQOutPtr                             0x20000494   Data           4  os_var.o(.data)
    OSIntQNbrEntries                         0x20000498   Data           2  os_var.o(.data)
    OSIntQNbrEntriesMax                      0x2000049a   Data           2  os_var.o(.data)
    OSIntQOvfCtr                             0x2000049c   Data           2  os_var.o(.data)
    OSIntQTaskTimeMax                        0x200004a0   Data           4  os_var.o(.data)
    OSFlagDbgListPtr                         0x200004a4   Data           4  os_var.o(.data)
    OSFlagQty                                0x200004a8   Data           2  os_var.o(.data)
    OSMemDbgListPtr                          0x200004ac   Data           4  os_var.o(.data)
    OSMemQty                                 0x200004b0   Data           2  os_var.o(.data)
    OSMutexDbgListPtr                        0x200004b4   Data           4  os_var.o(.data)
    OSMutexQty                               0x200004b8   Data           2  os_var.o(.data)
    OSPrioCur                                0x200004ba   Data           1  os_var.o(.data)
    OSPrioHighRdy                            0x200004bb   Data           1  os_var.o(.data)
    OSPrioSaved                              0x200004bc   Data           1  os_var.o(.data)
    OSQDbgListPtr                            0x200004c0   Data           4  os_var.o(.data)
    OSQQty                                   0x200004c4   Data           2  os_var.o(.data)
    OSSchedLockTimeBegin                     0x200004c8   Data           4  os_var.o(.data)
    OSSchedLockTimeMax                       0x200004cc   Data           4  os_var.o(.data)
    OSSchedLockTimeMaxCur                    0x200004d0   Data           4  os_var.o(.data)
    OSSchedLockNestingCtr                    0x200004d4   Data           1  os_var.o(.data)
    OSSchedRoundRobinDfltTimeQuanta          0x200004d8   Data           4  os_var.o(.data)
    OSSchedRoundRobinEn                      0x200004dc   Data           1  os_var.o(.data)
    OSSemDbgListPtr                          0x200004e0   Data           4  os_var.o(.data)
    OSSemQty                                 0x200004e4   Data           2  os_var.o(.data)
    OSStatResetFlag                          0x200004e6   Data           1  os_var.o(.data)
    OSStatTaskCPUUsage                       0x200004e8   Data           2  os_var.o(.data)
    OSStatTaskCPUUsageMax                    0x200004ea   Data           2  os_var.o(.data)
    OSStatTaskCtr                            0x200004ec   Data           4  os_var.o(.data)
    OSStatTaskCtrMax                         0x200004f0   Data           4  os_var.o(.data)
    OSStatTaskCtrRun                         0x200004f4   Data           4  os_var.o(.data)
    OSStatTaskRdy                            0x200004f8   Data           1  os_var.o(.data)
    OSStatTaskTimeMax                        0x200004fc   Data           4  os_var.o(.data)
    OSTaskCtxSwCtr                           0x20000500   Data           4  os_var.o(.data)
    OSTaskDbgListPtr                         0x20000504   Data           4  os_var.o(.data)
    OSTaskQty                                0x20000508   Data           2  os_var.o(.data)
    OSTaskRegNextAvailID                     0x2000050a   Data           1  os_var.o(.data)
    OSTickCtr                                0x2000050c   Data           4  os_var.o(.data)
    OSTickTaskTimeMax                        0x20000510   Data           4  os_var.o(.data)
    OSTmrDbgListPtr                          0x20000514   Data           4  os_var.o(.data)
    OSTmrQty                                 0x20000518   Data           2  os_var.o(.data)
    OSTmrTaskTimeMax                         0x2000051c   Data           4  os_var.o(.data)
    OSTmrTickCtr                             0x20000520   Data           4  os_var.o(.data)
    OSTmrUpdateCnt                           0x20000524   Data           4  os_var.o(.data)
    OSTmrUpdateCtr                           0x20000528   Data           4  os_var.o(.data)
    OSTCBCurPtr                              0x2000052c   Data           4  os_var.o(.data)
    OSTCBHighRdyPtr                          0x20000530   Data           4  os_var.o(.data)
    OS_CPU_ExceptStkBase                     0x20000534   Data           4  os_cpu_c.o(.data)
    __stdout                                 0x20000538   Data           4  stdout.o(.data)
    StartTaskTCB                             0x20000540   Data         196  main.o(.bss)
    START_TASK_STK                           0x20000604   Data         512  main.o(.bss)
    ALLPIDaskTCB                             0x20000804   Data         196  main.o(.bss)
    ALLPID_TASK_STK                          0x200008c8   Data        2048  main.o(.bss)
    KEYTaskTCB                               0x200010c8   Data         196  main.o(.bss)
    KEY_TASK_STK                             0x2000118c   Data        1024  main.o(.bss)
    LEDTaskTCB                               0x2000158c   Data         196  main.o(.bss)
    LED_TASK_STK                             0x20001650   Data         256  main.o(.bss)
    data1                                    0x20001750   Data          40  main.o(.bss)
    temp                                     0x20001778   Data          20  main.o(.bss)
    USART_RX_BUF                             0x2000178c   Data          50  usart.o(.bss)
    wifiadrr                                 0x200017be   Data          16  usart.o(.bss)
    CPU_Name                                 0x200017e0   Data          16  cpu_core.o(.bss)
    OSCfg_IdleTaskStk                        0x200017f0   Data         512  os_cfg_app.o(.bss)
    OSCfg_IntQ                               0x200019f0   Data         320  os_cfg_app.o(.bss)
    OSCfg_IntQTaskStk                        0x20001b30   Data         512  os_cfg_app.o(.bss)
    OSCfg_ISRStk                             0x20001d30   Data         512  os_cfg_app.o(.bss)
    OSCfg_MsgPool                            0x20001f30   Data        1600  os_cfg_app.o(.bss)
    OSCfg_StatTaskStk                        0x20002570   Data         512  os_cfg_app.o(.bss)
    OSCfg_TickTaskStk                        0x20002770   Data         512  os_cfg_app.o(.bss)
    OSCfg_TickWheel                          0x20002970   Data         136  os_cfg_app.o(.bss)
    OSCfg_TmrTaskStk                         0x200029f8   Data         512  os_cfg_app.o(.bss)
    OSCfg_TmrWheel                           0x20002bf8   Data         136  os_cfg_app.o(.bss)
    OSIdleTaskTCB                            0x20002c80   Data         196  os_var.o(.bss)
    OSIntQTaskTCB                            0x20002d44   Data         196  os_var.o(.bss)
    OSMsgPool                                0x20002e08   Data          12  os_var.o(.bss)
    OSRdyList                                0x20002e14   Data         768  os_var.o(.bss)
    OSStatTaskTCB                            0x20003114   Data         196  os_var.o(.bss)
    OSTickTaskTCB                            0x200031d8   Data         196  os_var.o(.bss)
    OSTmrTaskTCB                             0x2000329c   Data         196  os_var.o(.bss)
    __initial_sp                             0x20003760   Data           0  startup_stm32f10x_md.o(STACK)



==============================================================================

Memory Map of the image

  Image Entry point : 0x080000ed

  Load Region LR_IROM1 (Base: 0x08000000, Size: 0x0000bab0, Max: 0x00010000, ABSOLUTE, COMPRESSED[0x0000b730])

    Execution Region ER_IROM1 (Base: 0x08000000, Size: 0x0000b570, Max: 0x00010000, ABSOLUTE)

    Base Addr    Size         Type   Attr      Idx    E Section Name        Object

    0x08000000   0x000000ec   Data   RO            3    RESET               startup_stm32f10x_md.o
    0x080000ec   0x00000000   Code   RO         3265  * .ARM.Collect$$$$00000000  mc_w.l(entry.o)
    0x080000ec   0x00000004   Code   RO         3606    .ARM.Collect$$$$00000001  mc_w.l(entry2.o)
    0x080000f0   0x00000004   Code   RO         3609    .ARM.Collect$$$$00000004  mc_w.l(entry5.o)
    0x080000f4   0x00000000   Code   RO         3611    .ARM.Collect$$$$00000008  mc_w.l(entry7b.o)
    0x080000f4   0x00000000   Code   RO         3613    .ARM.Collect$$$$0000000A  mc_w.l(entry8b.o)
    0x080000f4   0x00000008   Code   RO         3614    .ARM.Collect$$$$0000000B  mc_w.l(entry9a.o)
    0x080000fc   0x00000000   Code   RO         3616    .ARM.Collect$$$$0000000D  mc_w.l(entry10a.o)
    0x080000fc   0x00000000   Code   RO         3618    .ARM.Collect$$$$0000000F  mc_w.l(entry11a.o)
    0x080000fc   0x00000004   Code   RO         3607    .ARM.Collect$$$$00002712  mc_w.l(entry2.o)
    0x08000100   0x0000001c   Code   RO            4    .text               startup_stm32f10x_md.o
    0x0800011c   0x00000034   Code   RO         1437    .text               cpu_a.o
    0x08000150   0x00000062   Code   RO         3268    .text               mc_w.l(uldiv.o)
    0x080001b2   0x00000062   Code   RO         3270    .text               mc_w.l(ldiv.o)
    0x08000214   0x00000024   Code   RO         3272    .text               mc_w.l(memcpya.o)
    0x08000238   0x00000024   Code   RO         3274    .text               mc_w.l(memseta.o)
    0x0800025c   0x0000001a   Code   RO         3276    .text               mc_w.l(memcmp.o)
    0x08000276   0x000000b0   Code   RO         3541    .text               mf_w.l(fadd.o)
    0x08000326   0x00000064   Code   RO         3543    .text               mf_w.l(fmul.o)
    0x0800038a   0x0000007c   Code   RO         3545    .text               mf_w.l(fdiv.o)
    0x08000406   0x0000014e   Code   RO         3547    .text               mf_w.l(dadd.o)
    0x08000554   0x000000e4   Code   RO         3549    .text               mf_w.l(dmul.o)
    0x08000638   0x00000012   Code   RO         3551    .text               mf_w.l(fflti.o)
    0x0800064a   0x0000000a   Code   RO         3553    .text               mf_w.l(ffltui.o)
    0x08000654   0x00000032   Code   RO         3555    .text               mf_w.l(ffixi.o)
    0x08000686   0x00000028   Code   RO         3557    .text               mf_w.l(ffixui.o)
    0x080006ae   0x00000026   Code   RO         3559    .text               mf_w.l(f2d.o)
    0x080006d4   0x00000030   Code   RO         3561    .text               mf_w.l(cdcmple.o)
    0x08000704   0x00000038   Code   RO         3563    .text               mf_w.l(d2f.o)
    0x0800073c   0x00000014   Code   RO         3565    .text               mf_w.l(cfcmple.o)
    0x08000750   0x00000014   Code   RO         3567    .text               mf_w.l(cfrcmple.o)
    0x08000764   0x0000002c   Code   RO         3623    .text               mc_w.l(uidiv.o)
    0x08000790   0x0000001e   Code   RO         3625    .text               mc_w.l(llshl.o)
    0x080007ae   0x00000020   Code   RO         3627    .text               mc_w.l(llushr.o)
    0x080007ce   0x00000024   Code   RO         3629    .text               mc_w.l(llsshr.o)
    0x080007f2   0x00000000   Code   RO         3638    .text               mc_w.l(iusefp.o)
    0x080007f2   0x0000006e   Code   RO         3639    .text               mf_w.l(fepilogue.o)
    0x08000860   0x000000ba   Code   RO         3641    .text               mf_w.l(depilogue.o)
    0x0800091a   0x000000de   Code   RO         3643    .text               mf_w.l(ddiv.o)
    0x080009f8   0x0000002e   Code   RO         3645    .text               mf_w.l(dscalb.o)
    0x08000a26   0x00000002   PAD
    0x08000a28   0x00000024   Code   RO         3651    .text               mc_w.l(init.o)
    0x08000a4c   0x00000000   Code   RO         3653    .text               mc_w.l(semi.o)
    0x08000a4c   0x00000000   Code   RO         3654    .text               mc_w.l(iusesemip.o)
    0x08000a4c   0x000000a2   Code   RO         3655    .text               mf_w.l(dsqrt.o)
    0x08000aee   0x00000056   Code   RO         3665    .text               mc_w.l(__dczerorl2.o)
    0x08000b44   0x00000084   Code   RO         3175    CODE                os_cpu_a.o
    0x08000bc8   0x00000120   Code   RO           10    i.ALLPID_task       main.o
    0x08000ce8   0x00000010   Code   RO         1344    i.BSP_CPU_ClkFreq   bsp.o
    0x08000cf8   0x0000000c   Code   RO         1448    i.CPU_Init          cpu_core.o
    0x08000d04   0x00000030   Code   RO         1449    i.CPU_NameClr       cpu_core.o
    0x08000d34   0x00000008   Code   RO         1451    i.CPU_NameInit      cpu_core.o
    0x08000d3c   0x00000014   Code   RO         1455    i.CPU_TS_Init       cpu_core.o
    0x08000d50   0x0000000c   Code   RO         1457    i.CPU_TS_TmrFreqSet  cpu_core.o
    0x08000d5c   0x00000034   Code   RO         1346    i.CPU_TS_TmrInit    bsp.o
    0x08000d90   0x0000000c   Code   RO         1347    i.CPU_TS_TmrRd      bsp.o
    0x08000d9c   0x00000098   Code   RO          502    i.DMP_Init          mpu6050.o
    0x08000e34   0x000000fc   Code   RO          773    i.EXTI9_5_IRQHandler  allcontrol.o
    0x08000f30   0x00000054   Code   RO          865    i.EXTI_Init         exti.o
    0x08000f84   0x000000c4   Code   RO          609    i.Encoder_Init_TIM2  timer.o
    0x08001048   0x000000ec   Code   RO          610    i.Encoder_Init_TIM4  timer.o
    0x08001134   0x000000a0   Code   RO          249    i.Ex_NVIC_Config    sys.o
    0x080011d4   0x0000005c   Code   RO          774    i.Get_Angle         allcontrol.o
    0x08001230   0x00000046   Code   RO          659    i.I2C_ReadOneByte   mpuiic.o
    0x08001276   0x00000002   PAD
    0x08001278   0x0000004c   Code   RO          660    i.IIC_Ack           mpuiic.o
    0x080012c4   0x0000002c   Code   RO          661    i.IIC_Init          mpuiic.o
    0x080012f0   0x0000004c   Code   RO          662    i.IIC_NAck          mpuiic.o
    0x0800133c   0x00000070   Code   RO          663    i.IIC_Read_Byte     mpuiic.o
    0x080013ac   0x00000064   Code   RO          664    i.IIC_Send_Byte     mpuiic.o
    0x08001410   0x00000068   Code   RO          665    i.IIC_Start         mpuiic.o
    0x08001478   0x00000048   Code   RO          666    i.IIC_Stop          mpuiic.o
    0x080014c0   0x00000068   Code   RO          667    i.IIC_Wait_Ack      mpuiic.o
    0x08001528   0x00000016   Code   RO          668    i.IICreadByte       mpuiic.o
    0x0800153e   0x00000040   Code   RO          670    i.IICwriteBit       mpuiic.o
    0x0800157e   0x0000006a   Code   RO          671    i.IICwriteBits      mpuiic.o
    0x080015e8   0x00000014   Code   RO          672    i.IICwriteByte      mpuiic.o
    0x080015fc   0x00000046   Code   RO          673    i.IICwriteBytes     mpuiic.o
    0x08001642   0x00000002   PAD
    0x08001644   0x00000058   Code   RO           11    i.KEY_task          main.o
    0x0800169c   0x0000003c   Code   RO          371    i.LED_Init          led.o
    0x080016d8   0x00000030   Code   RO           12    i.LED_task          main.o
    0x08001708   0x00000028   Code   RO          504    i.MPU6050_initialize  mpu6050.o
    0x08001730   0x00000014   Code   RO          506    i.MPU6050_setClockSource  mpu6050.o
    0x08001744   0x00000014   Code   RO          507    i.MPU6050_setFullScaleAccelRange  mpu6050.o
    0x08001758   0x00000014   Code   RO          508    i.MPU6050_setFullScaleGyroRange  mpu6050.o
    0x0800176c   0x00000012   Code   RO          509    i.MPU6050_setI2CBypassEnabled  mpu6050.o
    0x0800177e   0x00000012   Code   RO          510    i.MPU6050_setI2CMasterModeEnabled  mpu6050.o
    0x08001790   0x00000012   Code   RO          511    i.MPU6050_setSleepEnabled  mpu6050.o
    0x080017a2   0x00000002   PAD
    0x080017a4   0x00000064   Code   RO          334    i.MYDMA_Config      usart.o
    0x08001808   0x00000016   Code   RO          335    i.MYDMA_Enable      usart.o
    0x0800181e   0x00000002   PAD
    0x08001820   0x00000068   Code   RO          253    i.MYRCC_DeInit      sys.o
    0x08001888   0x00000078   Code   RO          254    i.MY_NVIC_Init      sys.o
    0x08001900   0x00000028   Code   RO          255    i.MY_NVIC_PriorityGroupConfig  sys.o
    0x08001928   0x00000014   Code   RO          256    i.MY_NVIC_SetVectorTable  sys.o
    0x0800193c   0x00000012   Code   RO         1716    i.Mem_Clr           lib_mem.o
    0x0800194e   0x00000054   Code   RO         1732    i.Mem_Set           lib_mem.o
    0x080019a2   0x00000002   PAD
    0x080019a4   0x00000030   Code   RO          611    i.MiniBalance_Motor_Init  timer.o
    0x080019d4   0x000000c4   Code   RO          612    i.MiniBalance_PWM_Init  timer.o
    0x08001a98   0x00000040   Code   RO          407    i.OLED_Clear        oled.o
    0x08001ad8   0x00000174   Code   RO          411    i.OLED_Init         oled.o
    0x08001c4c   0x0000002e   Code   RO          412    i.OLED_Set_Pos      oled.o
    0x08001c7a   0x00000002   PAD
    0x08001c7c   0x00000068   Code   RO          413    i.OLED_ShowCHinese  oled.o
    0x08001ce4   0x000000a4   Code   RO          414    i.OLED_ShowChar     oled.o
    0x08001d88   0x00000088   Code   RO          415    i.OLED_ShowNum      oled.o
    0x08001e10   0x0000003a   Code   RO          416    i.OLED_ShowString   oled.o
    0x08001e4a   0x00000002   PAD
    0x08001e4c   0x00000078   Code   RO          417    i.OLED_WR_Byte      oled.o
    0x08001ec4   0x000000fc   Code   RO         1982    i.OSCfg_Init        os_cfg_app.o
    0x08001fc0   0x00000014   Code   RO         3097    i.OSIdleTaskHook    os_cpu_c.o
    0x08001fd4   0x0000018c   Code   RO         2005    i.OSInit            os_core.o
    0x08002160   0x00000038   Code   RO         3098    i.OSInitHook        os_cpu_c.o
    0x08002198   0x0000002c   Code   RO         2006    i.OSIntEnter        os_core.o
    0x080021c4   0x000000e4   Code   RO         2007    i.OSIntExit         os_core.o
    0x080022a8   0x000000a8   Code   RO         2008    i.OSSched           os_core.o
    0x08002350   0x00000074   Code   RO         2009    i.OSSchedLock       os_core.o
    0x080023c4   0x00000064   Code   RO         2010    i.OSSchedRoundRobinCfg  os_core.o
    0x08002428   0x00000094   Code   RO         2012    i.OSSchedUnlock     os_core.o
    0x080024bc   0x00000068   Code   RO         2013    i.OSStart           os_core.o
    0x08002524   0x00000138   Code   RO         2705    i.OSStatReset       os_stat.o
    0x0800265c   0x000000f0   Code   RO         2706    i.OSStatTaskCPUUsageInit  os_stat.o
    0x0800274c   0x00000014   Code   RO         3099    i.OSStatTaskHook    os_cpu_c.o
    0x08002760   0x0000025c   Code   RO         2736    i.OSTaskCreate      os_task.o
    0x080029bc   0x00000018   Code   RO         3100    i.OSTaskCreateHook  os_cpu_c.o
    0x080029d4   0x000001c4   Code   RO         2737    i.OSTaskDel         os_task.o
    0x08002b98   0x00000018   Code   RO         3101    i.OSTaskDelHook     os_cpu_c.o
    0x08002bb0   0x0000007c   Code   RO         2745    i.OSTaskResume      os_task.o
    0x08002c2c   0x00000018   Code   RO         3102    i.OSTaskReturnHook  os_cpu_c.o
    0x08002c44   0x00000214   Code   RO         2746    i.OSTaskSemPend     os_task.o
    0x08002e58   0x000000d4   Code   RO         2750    i.OSTaskStkChk      os_task.o
    0x08002f2c   0x000000c0   Code   RO         3103    i.OSTaskStkInit     os_cpu_c.o
    0x08002fec   0x00000060   Code   RO         2751    i.OSTaskSuspend     os_task.o
    0x0800304c   0x00000088   Code   RO         3104    i.OSTaskSwHook      os_cpu_c.o
    0x080030d4   0x00000118   Code   RO         2951    i.OSTimeDly         os_time.o
    0x080031ec   0x000001f0   Code   RO         2952    i.OSTimeDlyHMSM     os_time.o
    0x080033dc   0x00000044   Code   RO         2956    i.OSTimeTick        os_time.o
    0x08003420   0x00000014   Code   RO         3105    i.OSTimeTickHook    os_cpu_c.o
    0x08003434   0x000001b0   Code   RO         2251    i.OS_Dbg_Init       os_dbg.o
    0x080035e4   0x00000018   Code   RO         2276    i.OS_FlagInit       os_flag.o
    0x080035fc   0x00000230   Code   RO         2277    i.OS_FlagPost       os_flag.o
    0x0800382c   0x00000056   Code   RO         2278    i.OS_FlagTaskRdy    os_flag.o
    0x08003882   0x00000002   PAD
    0x08003884   0x00000044   Code   RO         2015    i.OS_IdleTask       os_core.o
    0x080038c8   0x00000070   Code   RO         2016    i.OS_IdleTaskInit   os_core.o
    0x08003938   0x000000fc   Code   RO         2350    i.OS_IntQPost       os_int.o
    0x08003a34   0x000001a4   Code   RO         2351    i.OS_IntQRePost     os_int.o
    0x08003bd8   0x000000b4   Code   RO         2352    i.OS_IntQTask       os_int.o
    0x08003c8c   0x00000128   Code   RO         2353    i.OS_IntQTaskInit   os_int.o
    0x08003db4   0x00000018   Code   RO         2384    i.OS_MemInit        os_mem.o
    0x08003dcc   0x00000036   Code   RO         2416    i.OS_MsgPoolCreate  os_msg.o
    0x08003e02   0x00000002   PAD
    0x08003e04   0x00000054   Code   RO         2417    i.OS_MsgPoolInit    os_msg.o
    0x08003e58   0x00000044   Code   RO         2418    i.OS_MsgQFreeAll    os_msg.o
    0x08003e9c   0x0000000e   Code   RO         2420    i.OS_MsgQInit       os_msg.o
    0x08003eaa   0x00000002   PAD
    0x08003eac   0x000000fc   Code   RO         2421    i.OS_MsgQPut        os_msg.o
    0x08003fa8   0x00000018   Code   RO         2466    i.OS_MutexInit      os_mutex.o
    0x08003fc0   0x00000068   Code   RO         2017    i.OS_Pend           os_core.o
    0x08004028   0x00000026   Code   RO         2020    i.OS_PendDataInit   os_core.o
    0x0800404e   0x00000002   PAD
    0x08004050   0x0000005c   Code   RO         2021    i.OS_PendDbgNameAdd  os_core.o
    0x080040ac   0x00000024   Code   RO         2022    i.OS_PendDbgNameRemove  os_core.o
    0x080040d0   0x00000066   Code   RO         2026    i.OS_PendListInsertPrio  os_core.o
    0x08004136   0x00000030   Code   RO         2027    i.OS_PendListRemove  os_core.o
    0x08004166   0x00000042   Code   RO         2028    i.OS_PendListRemove1  os_core.o
    0x080041a8   0x000000c0   Code   RO         2031    i.OS_Post           os_core.o
    0x08004268   0x0000002a   Code   RO         2032    i.OS_Post1          os_core.o
    0x08004292   0x00000002   PAD
    0x08004294   0x00000028   Code   RO         2524    i.OS_PrioGetHighest  os_prio.o
    0x080042bc   0x00000018   Code   RO         2525    i.OS_PrioInit       os_prio.o
    0x080042d4   0x00000024   Code   RO         2526    i.OS_PrioInsert     os_prio.o
    0x080042f8   0x00000024   Code   RO         2527    i.OS_PrioRemove     os_prio.o
    0x0800431c   0x00000018   Code   RO         2570    i.OS_QInit          os_q.o
    0x08004334   0x0000014c   Code   RO         2571    i.OS_QPost          os_q.o
    0x08004480   0x00000024   Code   RO         2033    i.OS_RdyListInit    os_core.o
    0x080044a4   0x0000002c   Code   RO         2034    i.OS_RdyListInsert  os_core.o
    0x080044d0   0x00000040   Code   RO         2035    i.OS_RdyListInsertHead  os_core.o
    0x08004510   0x0000003c   Code   RO         2036    i.OS_RdyListInsertTail  os_core.o
    0x0800454c   0x00000044   Code   RO         2037    i.OS_RdyListMoveHeadToTail  os_core.o
    0x08004590   0x0000005c   Code   RO         2038    i.OS_RdyListRemove  os_core.o
    0x080045ec   0x0000005c   Code   RO         2039    i.OS_Sched0         os_core.o
    0x08004648   0x0000001c   Code   RO         2040    i.OS_SchedLockTimeMeasStart  os_core.o
    0x08004664   0x0000003c   Code   RO         2041    i.OS_SchedLockTimeMeasStop  os_core.o
    0x080046a0   0x000000d0   Code   RO         2042    i.OS_SchedRoundRobin  os_core.o
    0x08004770   0x00000018   Code   RO         2642    i.OS_SemInit        os_sem.o
    0x08004788   0x00000164   Code   RO         2643    i.OS_SemPost        os_sem.o
    0x080048ec   0x0000035c   Code   RO         2707    i.OS_StatTask       os_stat.o
    0x08004c48   0x000000cc   Code   RO         2708    i.OS_StatTaskInit   os_stat.o
    0x08004d14   0x00000038   Code   RO         2043    i.OS_TaskBlock      os_core.o
    0x08004d4c   0x00000030   Code   RO         2753    i.OS_TaskDbgListAdd  os_task.o
    0x08004d7c   0x00000044   Code   RO         2754    i.OS_TaskDbgListRemove  os_task.o
    0x08004dc0   0x00000020   Code   RO         2755    i.OS_TaskInit       os_task.o
    0x08004de0   0x000000c8   Code   RO         2756    i.OS_TaskInitTCB    os_task.o
    0x08004ea8   0x0000020c   Code   RO         2757    i.OS_TaskQPost      os_task.o
    0x080050b4   0x0000001c   Code   RO         2044    i.OS_TaskRdy        os_core.o
    0x080050d0   0x00000140   Code   RO         2758    i.OS_TaskResume     os_task.o
    0x08005210   0x00000018   Code   RO         2759    i.OS_TaskReturn     os_task.o
    0x08005228   0x000004c4   Code   RO         2760    i.OS_TaskSemPost    os_task.o
    0x080056ec   0x00000150   Code   RO         2761    i.OS_TaskSuspend    os_task.o
    0x0800583c   0x00000028   Code   RO         2903    i.OS_TickListInit   os_tick.o
    0x08005864   0x000001bc   Code   RO         2904    i.OS_TickListInsert  os_tick.o
    0x08005a20   0x00000038   Code   RO         2905    i.OS_TickListRemove  os_tick.o
    0x08005a58   0x00000024   Code   RO         2906    i.OS_TickListResetPeak  os_tick.o
    0x08005a7c   0x000001f8   Code   RO         2907    i.OS_TickListUpdate  os_tick.o
    0x08005c74   0x0000002c   Code   RO         2908    i.OS_TickTask       os_tick.o
    0x08005ca0   0x000000b8   Code   RO         2909    i.OS_TickTaskInit   os_tick.o
    0x08005d58   0x00000128   Code   RO         3002    i.OS_TmrInit        os_tmr.o
    0x08005e80   0x000000d0   Code   RO         3003    i.OS_TmrLink        os_tmr.o
    0x08005f50   0x00000024   Code   RO         3004    i.OS_TmrResetPeak   os_tmr.o
    0x08005f74   0x000000c0   Code   RO         3005    i.OS_TmrTask        os_tmr.o
    0x08006034   0x00000050   Code   RO         3006    i.OS_TmrUnlink      os_tmr.o
    0x08006084   0x000000d4   Code   RO         1348    i.RCC_GetClocksFreq  bsp.o
    0x08006158   0x000001b4   Code   RO          513    i.Read_DMP          mpu6050.o
    0x0800630c   0x00000050   Code   RO          613    i.Read_Encoder      timer.o
    0x0800635c   0x00000074   Code   RO          775    i.Set_Pwm           allcontrol.o
    0x080063d0   0x00000090   Code   RO          257    i.Stm32_Clock_Init  sys.o
    0x08006460   0x0000001c   Code   RO          194    i.SysTick_Handler   delay.o
    0x0800647c   0x00000022   Code   RO          614    i.TIM2_IRQHandler   timer.o
    0x0800649e   0x00000002   PAD
    0x080064a0   0x00000020   Code   RO          615    i.TIM4_IRQHandler   timer.o
    0x080064c0   0x0000004c   Code   RO          776    i.Turn_Off          allcontrol.o
    0x0800650c   0x00000138   Code   RO          336    i.USART1_IRQHandler  usart.o
    0x08006644   0x00000048   Code   RO          777    i.Xianfu_Pwm        allcontrol.o
    0x0800668c   0x00000020   Code   RO         3325    i.__0printf$1       mc_w.l(printf1.o)
    0x080066ac   0x00000028   Code   RO         3593    i.__ARM_fpclassify  m_ws.l(fpclassify.o)
    0x080066d4   0x000000aa   Code   RO         3595    i.__kernel_poly     m_ws.l(poly.o)
    0x0800677e   0x00000006   Code   RO         3580    i.__mathlib_dbl_infnan  m_ws.l(dunder.o)
    0x08006784   0x00000004   Code   RO         3581    i.__mathlib_dbl_infnan2  m_ws.l(dunder.o)
    0x08006788   0x0000000c   Code   RO         3582    i.__mathlib_dbl_invalid  m_ws.l(dunder.o)
    0x08006794   0x00000010   Code   RO         3585    i.__mathlib_dbl_underflow  m_ws.l(dunder.o)
    0x080067a4   0x0000000e   Code   RO         3659    i.__scatterload_copy  mc_w.l(handlers.o)
    0x080067b2   0x00000002   Code   RO         3660    i.__scatterload_null  mc_w.l(handlers.o)
    0x080067b4   0x0000000e   Code   RO         3661    i.__scatterload_zeroinit  mc_w.l(handlers.o)
    0x080067c2   0x00000002   PAD
    0x080067c4   0x0000000c   Code   RO         3633    i.__set_errno       mc_w.l(errno.o)
    0x080067d0   0x00000154   Code   RO         3332    i._printf_core      mc_w.l(printf1.o)
    0x08006924   0x000000a8   Code   RO          879    i.accel_self_test   inv_mpu.o
    0x080069cc   0x00000270   Code   RO         3248    i.asin              m_ws.l(asin.o)
    0x08006c3c   0x00000220   Code   RO         3570    i.atan              m_ws.l(atan.o)
    0x08006e5c   0x00000180   Code   RO         3258    i.atan2             m_ws.l(atan2.o)
    0x08006fdc   0x00000044   Code   RO          778    i.balance           allcontrol.o
    0x08007020   0x00000064   Code   RO         1168    i.decode_gesture    inv_mpu_dmp_motion_driver.o
    0x08007084   0x00000074   Code   RO          195    i.delay_init        delay.o
    0x080070f8   0x00000050   Code   RO          196    i.delay_ms          delay.o
    0x08007148   0x0000000a   Code   RO          197    i.delay_osschedlock  delay.o
    0x08007152   0x0000000a   Code   RO          198    i.delay_osschedunlock  delay.o
    0x0800715c   0x00000010   Code   RO          199    i.delay_ostimedly   delay.o
    0x0800716c   0x00000058   Code   RO          200    i.delay_us          delay.o
    0x080071c4   0x0000003c   Code   RO         1169    i.dmp_enable_6x_lp_quat  inv_mpu_dmp_motion_driver.o
    0x08007200   0x0000021c   Code   RO         1170    i.dmp_enable_feature  inv_mpu_dmp_motion_driver.o
    0x0800741c   0x00000058   Code   RO         1171    i.dmp_enable_gyro_cal  inv_mpu_dmp_motion_driver.o
    0x08007474   0x0000003c   Code   RO         1172    i.dmp_enable_lp_quat  inv_mpu_dmp_motion_driver.o
    0x080074b0   0x00000018   Code   RO         1177    i.dmp_load_motion_driver_firmware  inv_mpu_dmp_motion_driver.o
    0x080074c8   0x000001cc   Code   RO         1178    i.dmp_read_fifo     inv_mpu_dmp_motion_driver.o
    0x08007694   0x00000130   Code   RO         1181    i.dmp_set_accel_bias  inv_mpu_dmp_motion_driver.o
    0x080077c4   0x00000070   Code   RO         1182    i.dmp_set_fifo_rate  inv_mpu_dmp_motion_driver.o
    0x08007834   0x00000130   Code   RO         1183    i.dmp_set_gyro_bias  inv_mpu_dmp_motion_driver.o
    0x08007964   0x00000138   Code   RO         1185    i.dmp_set_orientation  inv_mpu_dmp_motion_driver.o
    0x08007a9c   0x00000038   Code   RO         1188    i.dmp_set_shake_reject_thresh  inv_mpu_dmp_motion_driver.o
    0x08007ad4   0x00000026   Code   RO         1189    i.dmp_set_shake_reject_time  inv_mpu_dmp_motion_driver.o
    0x08007afa   0x00000026   Code   RO         1190    i.dmp_set_shake_reject_timeout  inv_mpu_dmp_motion_driver.o
    0x08007b20   0x00000046   Code   RO         1191    i.dmp_set_tap_axes  inv_mpu_dmp_motion_driver.o
    0x08007b66   0x00000026   Code   RO         1192    i.dmp_set_tap_count  inv_mpu_dmp_motion_driver.o
    0x08007b8c   0x000001a0   Code   RO         1193    i.dmp_set_tap_thresh  inv_mpu_dmp_motion_driver.o
    0x08007d2c   0x00000026   Code   RO         1194    i.dmp_set_tap_time  inv_mpu_dmp_motion_driver.o
    0x08007d52   0x00000026   Code   RO         1195    i.dmp_set_tap_time_multi  inv_mpu_dmp_motion_driver.o
    0x08007d78   0x00000012   Code   RO         3620    i.fputc             mc_w.l(fputc.o)
    0x08007d8a   0x00000002   PAD
    0x08007d8c   0x000000b4   Code   RO          880    i.get_accel_prod_shift  inv_mpu.o
    0x08007e40   0x00000470   Code   RO          881    i.get_st_biases     inv_mpu.o
    0x080082b0   0x00000110   Code   RO          882    i.gyro_self_test    inv_mpu.o
    0x080083c0   0x00000076   Code   RO          674    i.i2cRead           mpuiic.o
    0x08008436   0x00000060   Code   RO          675    i.i2cWrite          mpuiic.o
    0x08008496   0x00000028   Code   RO          515    i.inv_orientation_matrix_to_scalar  mpu6050.o
    0x080084be   0x0000004e   Code   RO          516    i.inv_row_2_scale   mpu6050.o
    0x0800850c   0x0000003c   Code   RO          383    i.key_init          key.o
    0x08008548   0x00000028   Code   RO          384    i.key_scan          key.o
    0x08008570   0x00000178   Code   RO           13    i.main              main.o
    0x080086e8   0x00000070   Code   RO          883    i.mpu_configure_fifo  inv_mpu.o
    0x08008758   0x0000004c   Code   RO          884    i.mpu_get_accel_fsr  inv_mpu.o
    0x080087a4   0x00000054   Code   RO          886    i.mpu_get_accel_sens  inv_mpu.o
    0x080087f8   0x00000010   Code   RO          891    i.mpu_get_fifo_config  inv_mpu.o
    0x08008808   0x00000044   Code   RO          892    i.mpu_get_gyro_fsr  inv_mpu.o
    0x0800884c   0x00000050   Code   RO          894    i.mpu_get_gyro_sens  inv_mpu.o
    0x0800889c   0x00000050   Code   RO          896    i.mpu_get_lpf       inv_mpu.o
    0x080088ec   0x00000020   Code   RO          898    i.mpu_get_sample_rate  inv_mpu.o
    0x0800890c   0x000001f0   Code   RO          900    i.mpu_init          inv_mpu.o
    0x08008afc   0x000000b8   Code   RO          901    i.mpu_load_firmware  inv_mpu.o
    0x08008bb4   0x000000e0   Code   RO          902    i.mpu_lp_accel_mode  inv_mpu.o
    0x08008c94   0x000000c0   Code   RO          905    i.mpu_read_fifo_stream  inv_mpu.o
    0x08008d54   0x00000080   Code   RO          906    i.mpu_read_mem      inv_mpu.o
    0x08008dd4   0x000001bc   Code   RO          909    i.mpu_reset_fifo    inv_mpu.o
    0x08008f90   0x0000011c   Code   RO          910    i.mpu_run_self_test  inv_mpu.o
    0x080090ac   0x00000084   Code   RO          912    i.mpu_set_accel_fsr  inv_mpu.o
    0x08009130   0x0000014c   Code   RO          913    i.mpu_set_bypass    inv_mpu.o
    0x0800927c   0x00000090   Code   RO          915    i.mpu_set_dmp_state  inv_mpu.o
    0x0800930c   0x00000088   Code   RO          916    i.mpu_set_gyro_fsr  inv_mpu.o
    0x08009394   0x0000006c   Code   RO          917    i.mpu_set_int_latched  inv_mpu.o
    0x08009400   0x00000084   Code   RO          919    i.mpu_set_lpf       inv_mpu.o
    0x08009484   0x0000009c   Code   RO          920    i.mpu_set_sample_rate  inv_mpu.o
    0x08009520   0x000000d0   Code   RO          921    i.mpu_set_sensors   inv_mpu.o
    0x080095f0   0x00000080   Code   RO          922    i.mpu_write_mem     inv_mpu.o
    0x08009670   0x0000000e   Code   RO          779    i.myabs             allcontrol.o
    0x0800967e   0x00000002   Code   RO          923    i.myget_ms          inv_mpu.o
    0x08009680   0x00000016   Code   RO          418    i.oled_pow          oled.o
    0x08009696   0x00000094   Code   RO          517    i.run_self_test     mpu6050.o
    0x0800972a   0x00000002   PAD
    0x0800972c   0x00000090   Code   RO          924    i.set_int_enable    inv_mpu.o
    0x080097bc   0x0000004c   Code   RO         3599    i.sqrt              m_ws.l(sqrt.o)
    0x08009808   0x00000190   Code   RO           14    i.start_task        main.o
    0x08009998   0x0000018c   Code   RO          780    i.turn              allcontrol.o
    0x08009b24   0x0000010c   Code   RO          337    i.uart_init         usart.o
    0x08009c30   0x0000016c   Code   RO          781    i.velocity          allcontrol.o
    0x08009d9c   0x00000818   Data   RO          419    .constdata          oled.o
    0x0800a5b4   0x00000050   Data   RO          925    .constdata          inv_mpu.o
    0x0800a604   0x00000bf6   Data   RO         1197    .constdata          inv_mpu_dmp_motion_driver.o
    0x0800b1fa   0x00000002   PAD
    0x0800b1fc   0x000000a4   Data   RO         1984    .constdata          os_cfg_app.o
    0x0800b2a0   0x0000016c   Data   RO         2252    .constdata          os_dbg.o
    0x0800b40c   0x00000004   PAD
    0x0800b410   0x00000050   Data   RO         3249    .constdata          m_ws.l(asin.o)
    0x0800b460   0x00000098   Data   RO         3571    .constdata          m_ws.l(atan.o)
    0x0800b4f8   0x00000008   Data   RO         3597    .constdata          m_ws.l(qnan.o)
    0x0800b500   0x0000004e   Data   RO          926    .conststring        inv_mpu.o
    0x0800b54e   0x00000002   PAD
    0x0800b550   0x00000020   Data   RO         3657    Region$$Table       anon$$obj.o


    Execution Region RW_IRAM1 (Base: 0x20000000, Size: 0x00003760, Max: 0x00005000, ABSOLUTE, COMPRESSED[0x000001c0])

    Base Addr    Size         Type   Attr      Idx    E Section Name        Object

    0x20000000   0x00000018   Data   RW          201    .data               delay.o
    0x20000018   0x0000001c   Data   RW          339    .data               usart.o
    0x20000034   0x00000002   Data   RW          385    .data               key.o
    0x20000036   0x00000340   Data   RW          420    .data               oled.o
    0x20000376   0x00000002   PAD
    0x20000378   0x00000038   Data   RW          519    .data               mpu6050.o
    0x200003b0   0x00000070   Data   RW          782    .data               allcontrol.o
    0x20000420   0x0000002c   Data   RW          927    .data               inv_mpu.o
    0x2000044c   0x00000014   Data   RW         1349    .data               bsp.o
    0x20000460   0x00000004   Data   RW         1461    .data               cpu_core.o
    0x20000464   0x00000008   Data   RW         2528    .data               os_prio.o
    0x2000046c   0x000000c8   Data   RW         3084    .data               os_var.o
    0x20000534   0x00000004   Data   RW         3108    .data               os_cpu_c.o
    0x20000538   0x00000004   Data   RW         3622    .data               mc_w.l(stdout.o)
    0x2000053c   0x00000004   Data   RW         3634    .data               mc_w.l(errno.o)
    0x20000540   0x0000124c   Zero   RW           15    .bss                main.o
    0x2000178c   0x00000042   Zero   RW          338    .bss                usart.o
    0x200017ce   0x00000002   PAD
    0x200017d0   0x00000010   Zero   RW         1196    .bss                inv_mpu_dmp_motion_driver.o
    0x200017e0   0x00000010   Zero   RW         1459    .bss                cpu_core.o
    0x200017f0   0x00001490   Zero   RW         1983    .bss                os_cfg_app.o
    0x20002c80   0x000006e0   Zero   RW         3083    .bss                os_var.o
    0x20003360   0x00000400   Zero   RW            1    STACK               startup_stm32f10x_md.o


==============================================================================

Image component sizes


      Code (inc. data)   RO Data    RW Data    ZI Data      Debug   Object Name

      1450        260          0        112          0       6542   allcontrol.o
       292         34          0         20          0       4334   bsp.o
        52          0          0          0          0        332   cpu_a.o
       100         18          0          4         16      12013   cpu_core.o
       348         38          0         24          0       3909   delay.o
        84          8          0          0          0        468   exti.o
      5878        280        158         44          0      25510   inv_mpu.o
      3096        122       3062          0         16      19518   inv_mpu_dmp_motion_driver.o
       100         20          0          2          0       1149   key.o
        60          8          0          0          0        427   led.o
       102          0          0          0          0       1728   lib_mem.o
      1200        160          0          0       4684     266385   main.o
      1008         44          0         56          0       8435   mpu6050.o
      1254         96          0          0          0      10171   mpuiic.o
      1086         36       2072        832          0       6783   oled.o
       252        166        164          0       5264      20930   os_cfg_app.o
      3040        424          0          0          0      20120   os_core.o
       132         32          0          0          0        380   os_cpu_a.o
       516         58          0          4          0       6696   os_cpu_c.o
       432        286        364          0          0       4773   os_dbg.o
       670         26          0          0          0       2937   os_flag.o
      1148        204          0          0          0       3366   os_int.o
        24         10          0          0          0        865   os_mem.o
       472         26          0          0          0       3644   os_msg.o
        24         10          0          0          0        867   os_mutex.o
       136         16          0          8          0       2802   os_prio.o
       356         18          0          0          0       2098   os_q.o
       380         16          0          0          0       2126   os_sem.o
      1616        208          0          0          0       3855   os_stat.o
      4792        256          0          0          0      12832   os_task.o
      1308        124          0          0          0       5329   os_tick.o
       844         44          0          0          0       2925   os_time.o
       812        134          0          0          0       4076   os_tmr.o
         0          0          0        200       1760      19373   os_var.o
        28          4        236          0       1024        804   startup_stm32f10x_md.o
       588         58          0          0          0       3501   sys.o
       822         60          0          0          0       3703   timer.o
       702         70          0         28         66       3429   usart.o

    ----------------------------------------------------------------------
     35232       3374       6096       1336      12832     499135   Object Totals
         0          0         32          0          0          0   (incl. Generated)
        28          0          8          2          2          0   (incl. Padding)

    ----------------------------------------------------------------------

      Code (inc. data)   RO Data    RW Data    ZI Data      Debug   Library Member Name

       624         52         80          0          0        168   asin.o
       544         70        152          0          0        124   atan.o
       384         38          0          0          0        144   atan2.o
        38          6          0          0          0        272   dunder.o
        40          0          0          0          0         68   fpclassify.o
       170          0          0          0          0         96   poly.o
         0          0          8          0          0          0   qnan.o
        76          0          0          0          0         84   sqrt.o
        86          0          0          0          0          0   __dczerorl2.o
         0          0          0          0          0          0   entry.o
         0          0          0          0          0          0   entry10a.o
         0          0          0          0          0          0   entry11a.o
         8          4          0          0          0          0   entry2.o
         4          0          0          0          0          0   entry5.o
         0          0          0          0          0          0   entry7b.o
         0          0          0          0          0          0   entry8b.o
         8          4          0          0          0          0   entry9a.o
        12          6          0          4          0         68   errno.o
        18          0          0          0          0         80   fputc.o
        30          0          0          0          0          0   handlers.o
        36          8          0          0          0         68   init.o
         0          0          0          0          0          0   iusefp.o
         0          0          0          0          0          0   iusesemip.o
        98          0          0          0          0         84   ldiv.o
        30          0          0          0          0         68   llshl.o
        36          0          0          0          0         68   llsshr.o
        32          0          0          0          0         68   llushr.o
        26          0          0          0          0         80   memcmp.o
        36          0          0          0          0         68   memcpya.o
        36          0          0          0          0        108   memseta.o
       372         14          0          0          0        184   printf1.o
         0          0          0          0          0          0   semi.o
         0          0          0          4          0          0   stdout.o
        44          0          0          0          0         80   uidiv.o
        98          0          0          0          0         92   uldiv.o
        48          0          0          0          0         68   cdcmple.o
        20          0          0          0          0         68   cfcmple.o
        20          0          0          0          0         68   cfrcmple.o
        56          0          0          0          0         88   d2f.o
       334          0          0          0          0        148   dadd.o
       222          0          0          0          0        100   ddiv.o
       186          0          0          0          0        176   depilogue.o
       228          0          0          0          0         96   dmul.o
        46          0          0          0          0         80   dscalb.o
       162          0          0          0          0        100   dsqrt.o
        38          0          0          0          0         68   f2d.o
       176          0          0          0          0        140   fadd.o
       124          0          0          0          0         88   fdiv.o
       110          0          0          0          0        168   fepilogue.o
        50          0          0          0          0         68   ffixi.o
        40          0          0          0          0         68   ffixui.o
        18          0          0          0          0         68   fflti.o
        10          0          0          0          0         68   ffltui.o
       100          0          0          0          0         76   fmul.o

    ----------------------------------------------------------------------
      4880        202        240          8          0       3876   Library Totals
         6          0          0          0          0          0   (incl. Padding)

    ----------------------------------------------------------------------

      Code (inc. data)   RO Data    RW Data    ZI Data      Debug   Library Name

      1876        166        240          0          0        956   m_ws.l
      1010         36          0          8          0       1116   mc_w.l
      1988          0          0          0          0       1804   mf_w.l

    ----------------------------------------------------------------------
      4880        202        240          8          0       3876   Library Totals

    ----------------------------------------------------------------------

==============================================================================


      Code (inc. data)   RO Data    RW Data    ZI Data      Debug   

     40112       3576       6336       1344      12832     488995   Grand Totals
     40112       3576       6336        448      12832     488995   ELF Image Totals (compressed)
     40112       3576       6336        448          0          0   ROM Totals

==============================================================================

    Total RO  Size (Code + RO Data)                46448 (  45.36kB)
    Total RW  Size (RW Data + ZI Data)             14176 (  13.84kB)
    Total ROM Size (Code + RO Data + RW Data)      46896 (  45.80kB)

==============================================================================

